Component: Arm Compiler for Embedded 6.19 Tool: armlink [5e73cb00]

==============================================================================

Section Cross References

    lab 3.o(.ARM.exidx.text._Z12SysTick_Initv) refers to lab 3.o(.text._Z12SysTick_Initv) for [Anonymous Symbol]
    lab 3.o(.ARM.exidx.text._Z12SysTick_Waitj) refers to lab 3.o(.text._Z12SysTick_Waitj) for [Anonymous Symbol]
    lab 3.o(.text._Z14SysTick_Wait1sj) refers to lab 3.o(.text._Z12SysTick_Waitj) for SysTick_Wait(unsigned int)
    lab 3.o(.ARM.exidx.text._Z14SysTick_Wait1sj) refers to lab 3.o(.text._Z14SysTick_Wait1sj) for [Anonymous Symbol]
    lab 3.o(.text._Z15SysTick_Wait1msj) refers to lab 3.o(.text._Z12SysTick_Waitj) for SysTick_Wait(unsigned int)
    lab 3.o(.ARM.exidx.text._Z15SysTick_Wait1msj) refers to lab 3.o(.text._Z15SysTick_Wait1msj) for [Anonymous Symbol]
    lab 3.o(.text._Z15SysTick_Wait1usj) refers to lab 3.o(.text._Z12SysTick_Waitj) for SysTick_Wait(unsigned int)
    lab 3.o(.ARM.exidx.text._Z15SysTick_Wait1usj) refers to lab 3.o(.text._Z15SysTick_Wait1usj) for [Anonymous Symbol]
    lab 3.o(.text._Z14config_TMatrizv) refers to lab 3.o(.text._ZL18__NVIC_SetPriority9IRQn_Typej) for __NVIC_SetPriority(IRQn_Type, unsigned int)
    lab 3.o(.text._Z14config_TMatrizv) refers to lab 3.o(.text._ZL16__NVIC_EnableIRQ9IRQn_Type) for __NVIC_EnableIRQ(IRQn_Type)
    lab 3.o(.ARM.exidx.text._Z14config_TMatrizv) refers to lab 3.o(.text._Z14config_TMatrizv) for [Anonymous Symbol]
    lab 3.o(.ARM.exidx.text._ZL18__NVIC_SetPriority9IRQn_Typej) refers to lab 3.o(.text._ZL18__NVIC_SetPriority9IRQn_Typej) for [Anonymous Symbol]
    lab 3.o(.ARM.exidx.text._ZL16__NVIC_EnableIRQ9IRQn_Type) refers to lab 3.o(.text._ZL16__NVIC_EnableIRQ9IRQn_Type) for [Anonymous Symbol]
    lab 3.o(.text.__cxx_global_var_init) refers to lab 3.o(.bss.LCD_pos) for LCD_pos
    lab 3.o(.text.__cxx_global_var_init) refers to lab 3.o(.bss.LINE1) for LINE1
    lab 3.o(.ARM.exidx.text.__cxx_global_var_init) refers to lab 3.o(.text.__cxx_global_var_init) for [Anonymous Symbol]
    lab 3.o(.text.__cxx_global_var_init.1) refers to lab 3.o(.bss.LCD_pos) for LCD_pos
    lab 3.o(.text.__cxx_global_var_init.1) refers to lab 3.o(.bss.LINE2) for LINE2
    lab 3.o(.ARM.exidx.text.__cxx_global_var_init.1) refers to lab 3.o(.text.__cxx_global_var_init.1) for [Anonymous Symbol]
    lab 3.o(.ARM.exidx.text._Z10config_LCDv) refers to lab 3.o(.text._Z10config_LCDv) for [Anonymous Symbol]
    lab 3.o(.text._Z7LCD_COMc) refers to lab 3.o(.text._Z12SysTick_Initv) for SysTick_Init()
    lab 3.o(.text._Z7LCD_COMc) refers to lab 3.o(.text._Z15SysTick_Wait1usj) for SysTick_Wait1us(unsigned int)
    lab 3.o(.ARM.exidx.text._Z7LCD_COMc) refers to lab 3.o(.text._Z7LCD_COMc) for [Anonymous Symbol]
    lab 3.o(.text._Z5LCD_Wc) refers to lab 3.o(.text._Z12SysTick_Initv) for SysTick_Init()
    lab 3.o(.text._Z5LCD_Wc) refers to lab 3.o(.text._Z15SysTick_Wait1usj) for SysTick_Wait1us(unsigned int)
    lab 3.o(.ARM.exidx.text._Z5LCD_Wc) refers to lab 3.o(.text._Z5LCD_Wc) for [Anonymous Symbol]
    lab 3.o(.text._Z12config_USARTicifj) refers to lab 3.o(.bss.bitsp) for bitsp
    lab 3.o(.text._Z12config_USARTicifj) refers to lab 3.o(.bss.Over8) for Over8
    lab 3.o(.text._Z12config_USARTicifj) refers to lab 3.o(.bss.BAUDRATE) for BAUDRATE
    lab 3.o(.text._Z12config_USARTicifj) refers to lab 3.o(.text._ZL18__NVIC_SetPriority9IRQn_Typej) for __NVIC_SetPriority(IRQn_Type, unsigned int)
    lab 3.o(.text._Z12config_USARTicifj) refers to lab 3.o(.text._ZL16__NVIC_EnableIRQ9IRQn_Type) for __NVIC_EnableIRQ(IRQn_Type)
    lab 3.o(.ARM.exidx.text._Z12config_USARTicifj) refers to lab 3.o(.text._Z12config_USARTicifj) for [Anonymous Symbol]
    lab 3.o(.ARM.exidx.text._Z15USART1_SendChari) refers to lab 3.o(.text._Z15USART1_SendChari) for [Anonymous Symbol]
    lab 3.o(.ARM.exidx.text._Z15USART2_SendChari) refers to lab 3.o(.text._Z15USART2_SendChari) for [Anonymous Symbol]
    lab 3.o(.ARM.exidx.text._Z15USART3_SendChari) refers to lab 3.o(.text._Z15USART3_SendChari) for [Anonymous Symbol]
    lab 3.o(.ARM.exidx.text._Z15USART6_SendChari) refers to lab 3.o(.text._Z15USART6_SendChari) for [Anonymous Symbol]
    lab 3.o(.text._Z16USART1_SendChainPc) refers to lab 3.o(.bss.tx) for tx
    lab 3.o(.text._Z16USART1_SendChainPc) refers to strncpy.o(.text) for strncpy
    lab 3.o(.text._Z16USART1_SendChainPc) refers to lab 3.o(.bss.txi) for txi
    lab 3.o(.text._Z16USART1_SendChainPc) refers to strlen.o(.text) for strlen
    lab 3.o(.text._Z16USART1_SendChainPc) refers to lab 3.o(.text._Z15USART1_SendChari) for USART1_SendChar(int)
    lab 3.o(.ARM.exidx.text._Z16USART1_SendChainPc) refers to lab 3.o(.text._Z16USART1_SendChainPc) for [Anonymous Symbol]
    lab 3.o(.text._Z16USART2_SendChainPc) refers to lab 3.o(.bss.tx) for tx
    lab 3.o(.text._Z16USART2_SendChainPc) refers to strncpy.o(.text) for strncpy
    lab 3.o(.text._Z16USART2_SendChainPc) refers to lab 3.o(.bss.txi) for txi
[...]
    lab 3.o(.text.main) refers to lab 3.o(.text._ZL16__NVIC_EnableIRQ9IRQn_Type) for __NVIC_EnableIRQ(IRQn_Type)
    lab 3.o(.text.main) refers to lab 3.o(.bss.reset) for reset
    lab 3.o(.text.main) refers to lab 3.o(.data.clean) for clean
    lab 3.o(.text.main) refers to lab 3.o(.text._Z7LCD_COMc) for LCD_COM(char)
    lab 3.o(.text.main) refers to lab 3.o(.data.home) for home
    lab 3.o(.text.main) refers to lab 3.o(.data.set) for set
    lab 3.o(.text.main) refers to lab 3.o(.data.LCD_ON) for LCD_ON
    lab 3.o(.text.main) refers to lab 3.o(.data.LCD_Mode) for LCD_Mode
    lab 3.o(.text.main) refers to lab 3.o(.bss.LINE1) for LINE1
    lab 3.o(.text.main) refers to lab 3.o(.bss.en) for en
    lab 3.o(.text.main) refers to lab 3.o(.bss.l) for l
    lab 3.o(.text.main) refers to lab 3.o(.bss.cadena) for cadena
    lab 3.o(.text.main) refers to lab 3.o(.text._Z5LCD_Wc) for LCD_W(char)
    lab 3.o(.text.main) refers to lab 3.o(.bss.LINE2) for LINE2
    lab 3.o(.text.main) refers to lab 3.o(.text._Z15SysTick_Wait1msj) for SysTick_Wait1ms(unsigned int)
    lab 3.o(.text.main) refers to lab 3.o(.bss.pos) for pos
    lab 3.o(.text.main) refers to lab 3.o(.bss.tecla) for tecla
    lab 3.o(.text.main) refers to lab 3.o(.bss.i) for i
    lab 3.o(.text.main) refers to lab 3.o(.bss.j) for j
    lab 3.o(.text.main) refers to lab 3.o(.bss.count) for count
    lab 3.o(.text.main) refers to lab 3.o(.bss.m) for m
    lab 3.o(.text.main) refers to lab 3.o(.bss.k) for k
    lab 3.o(.text.main) refers to lab 3.o(.bss.mensaje) for mensaje
    lab 3.o(.text.main) refers to lab 3.o(.text._Z16USART3_SendChainPc) for USART3_SendChain(char*)
    lab 3.o(.text.main) refers to lab 3.o(.text._Z15USART3_SendChari) for USART3_SendChar(int)
    lab 3.o(.text.main) refers to lab 3.o(.text._Z16USART6_SendChainPc) for USART6_SendChain(char*)
    lab 3.o(.text.main) refers to lab 3.o(.text._Z15USART6_SendChari) for USART6_SendChar(int)
    lab 3.o(.ARM.exidx.text.main) refers to lab 3.o(.text.main) for [Anonymous Symbol]
    lab 3.o(.text.USART1_IRQHandler) refers to lab 3.o(.bss.data) for data
    lab 3.o(.text.USART1_IRQHandler) refers to lab 3.o(.bss.i) for i
    lab 3.o(.text.USART1_IRQHandler) refers to lab 3.o(.bss.cadena) for cadena
    lab 3.o(.text.USART1_IRQHandler) refers to lab 3.o(.bss.reset) for reset
    lab 3.o(.text.USART1_IRQHandler) refers to lab 3.o(.bss.en) for en
    lab 3.o(.text.USART1_IRQHandler) refers to lab 3.o(.bss.k) for k
    lab 3.o(.ARM.exidx.text.USART1_IRQHandler) refers to lab 3.o(.text.USART1_IRQHandler) for [Anonymous Symbol]
    lab 3.o(.text.USART2_IRQHandler) refers to lab 3.o(.bss.data) for data
    lab 3.o(.text.USART2_IRQHandler) refers to lab 3.o(.bss.i) for i
    lab 3.o(.text.USART2_IRQHandler) refers to lab 3.o(.bss.cadena) for cadena
    lab 3.o(.text.USART2_IRQHandler) refers to lab 3.o(.bss.reset) for reset
    lab 3.o(.text.USART2_IRQHandler) refers to lab 3.o(.bss.en) for en
    lab 3.o(.text.USART2_IRQHandler) refers to lab 3.o(.bss.k) for k
    lab 3.o(.ARM.exidx.text.USART2_IRQHandler) refers to lab 3.o(.text.USART2_IRQHandler) for [Anonymous Symbol]
    lab 3.o(.text.USART3_IRQHandler) refers to lab 3.o(.bss.data) for data
    lab 3.o(.text.USART3_IRQHandler) refers to lab 3.o(.bss.i) for i
    lab 3.o(.text.USART3_IRQHandler) refers to lab 3.o(.bss.cadena) for cadena
    lab 3.o(.text.USART3_IRQHandler) refers to lab 3.o(.bss.reset) for reset
    lab 3.o(.text.USART3_IRQHandler) refers to lab 3.o(.bss.en) for en
    lab 3.o(.text.USART3_IRQHandler) refers to lab 3.o(.bss.k) for k
    lab 3.o(.ARM.exidx.text.USART3_IRQHandler) refers to lab 3.o(.text.USART3_IRQHandler) for [Anonymous Symbol]
    lab 3.o(.text.USART6_IRQHandler) refers to lab 3.o(.bss.data) for data
    lab 3.o(.text.USART6_IRQHandler) refers to lab 3.o(.bss.i) for i
    lab 3.o(.text.USART6_IRQHandler) refers to lab 3.o(.bss.cadena) for cadena
    lab 3.o(.text.USART6_IRQHandler) refers to lab 3.o(.bss.reset) for reset
    lab 3.o(.text.USART6_IRQHandler) refers to lab 3.o(.bss.en) for en
    lab 3.o(.text.USART6_IRQHandler) refers to lab 3.o(.bss.k) for k
    lab 3.o(.ARM.exidx.text.USART6_IRQHandler) refers to lab 3.o(.text.USART6_IRQHandler) for [Anonymous Symbol]
    lab 3.o(.text.EXTI0_IRQHandler) refers to lab 3.o(.bss.count) for count
    lab 3.o(.text.EXTI0_IRQHandler) refers to lab 3.o(.data.matriz) for matriz
    lab 3.o(.text.EXTI0_IRQHandler) refers to lab 3.o(.bss.tecla) for tecla
    lab 3.o(.text.EXTI0_IRQHandler) refers to lab 3.o(.bss.k) for k
    lab 3.o(.text.EXTI0_IRQHandler) refers to lab 3.o(.bss.mensaje) for mensaje
    lab 3.o(.text.EXTI0_IRQHandler) refers to lab 3.o(.text._Z5LCD_Wc) for LCD_W(char)
    lab 3.o(.text.EXTI0_IRQHandler) refers to lab 3.o(.bss.pos) for pos
    lab 3.o(.text.EXTI0_IRQHandler) refers to lab 3.o(.text._Z15SysTick_Wait1msj) for SysTick_Wait1ms(unsigned int)
    lab 3.o(.ARM.exidx.text.EXTI0_IRQHandler) refers to lab 3.o(.text.EXTI0_IRQHandler) for [Anonymous Symbol]
    lab 3.o(.text.EXTI1_IRQHandler) refers to lab 3.o(.bss.count) for count
    lab 3.o(.text.EXTI1_IRQHandler) refers to lab 3.o(.data.matriz) for matriz
    lab 3.o(.text.EXTI1_IRQHandler) refers to lab 3.o(.bss.tecla) for tecla
    lab 3.o(.text.EXTI1_IRQHandler) refers to lab 3.o(.bss.k) for k
    lab 3.o(.text.EXTI1_IRQHandler) refers to lab 3.o(.bss.mensaje) for mensaje
    lab 3.o(.text.EXTI1_IRQHandler) refers to lab 3.o(.text._Z5LCD_Wc) for LCD_W(char)
    lab 3.o(.text.EXTI1_IRQHandler) refers to lab 3.o(.bss.pos) for pos
    lab 3.o(.text.EXTI1_IRQHandler) refers to lab 3.o(.text._Z15SysTick_Wait1msj) for SysTick_Wait1ms(unsigned int)
    lab 3.o(.ARM.exidx.text.EXTI1_IRQHandler) refers to lab 3.o(.text.EXTI1_IRQHandler) for [Anonymous Symbol]
    lab 3.o(.text.EXTI2_IRQHandler) refers to lab 3.o(.bss.count) for count
    lab 3.o(.text.EXTI2_IRQHandler) refers to lab 3.o(.data.matriz) for matriz
    lab 3.o(.text.EXTI2_IRQHandler) refers to lab 3.o(.bss.tecla) for tecla
    lab 3.o(.text.EXTI2_IRQHandler) refers to lab 3.o(.bss.k) for k
    lab 3.o(.text.EXTI2_IRQHandler) refers to lab 3.o(.bss.mensaje) for mensaje
    lab 3.o(.text.EXTI2_IRQHandler) refers to lab 3.o(.text._Z5LCD_Wc) for LCD_W(char)
    lab 3.o(.text.EXTI2_IRQHandler) refers to lab 3.o(.bss.pos) for pos
    lab 3.o(.text.EXTI2_IRQHandler) refers to lab 3.o(.text._Z15SysTick_Wait1msj) for SysTick_Wait1ms(unsigned int)
    lab 3.o(.ARM.exidx.text.EXTI2_IRQHandler) refers to lab 3.o(.text.EXTI2_IRQHandler) for [Anonymous Symbol]
    lab 3.o(.text.EXTI3_IRQHandler) refers to lab 3.o(.bss.count) for count
    lab 3.o(.text.EXTI3_IRQHandler) refers to lab 3.o(.data.matriz) for matriz
    lab 3.o(.text.EXTI3_IRQHandler) refers to lab 3.o(.bss.tecla) for tecla
    lab 3.o(.text.EXTI3_IRQHandler) refers to lab 3.o(.bss.k) for k
    lab 3.o(.text.EXTI3_IRQHandler) refers to lab 3.o(.bss.mensaje) for mensaje
    lab 3.o(.text.EXTI3_IRQHandler) refers to lab 3.o(.text._Z5LCD_Wc) for LCD_W(char)
    lab 3.o(.text.EXTI3_IRQHandler) refers to lab 3.o(.bss.pos) for pos
    lab 3.o(.text.EXTI3_IRQHandler) refers to lab 3.o(.text._Z15SysTick_Wait1msj) for SysTick_Wait1ms(unsigned int)
    lab 3.o(.ARM.exidx.text.EXTI3_IRQHandler) refers to lab 3.o(.text.EXTI3_IRQHandler) for [Anonymous Symbol]
    lab 3.o(.text.EXTI15_10_IRQHandler) refers to lab 3.o(.bss.reset) for reset
    lab 3.o(.text.EXTI15_10_IRQHandler) refers to lab 3.o(.bss.pos) for pos
    lab 3.o(.text.EXTI15_10_IRQHandler) refers to lab 3.o(.bss.en) for en
    lab 3.o(.text.EXTI15_10_IRQHandler) refers to lab 3.o(.bss.i) for i
    lab 3.o(.text.EXTI15_10_IRQHandler) refers to lab 3.o(.bss.j) for j
    lab 3.o(.text.EXTI15_10_IRQHandler) refers to lab 3.o(.bss.data) for data
    lab 3.o(.text.EXTI15_10_IRQHandler) refers to lab 3.o(.bss.l) for l
    lab 3.o(.text.EXTI15_10_IRQHandler) refers to lab 3.o(.bss.count) for count
    lab 3.o(.text.EXTI15_10_IRQHandler) refers to lab 3.o(.bss.tecla) for tecla
    lab 3.o(.text.EXTI15_10_IRQHandler) refers to lab 3.o(.bss.k) for k
    lab 3.o(.text.EXTI15_10_IRQHandler) refers to lab 3.o(.bss.p) for p
    lab 3.o(.text.EXTI15_10_IRQHandler) refers to lab 3.o(.bss.m) for m
    lab 3.o(.text.EXTI15_10_IRQHandler) refers to lab 3.o(.text._Z15SysTick_Wait1msj) for SysTick_Wait1ms(unsigned int)
    lab 3.o(.ARM.exidx.text.EXTI15_10_IRQHandler) refers to lab 3.o(.text.EXTI15_10_IRQHandler) for [Anonymous Symbol]
    lab 3.o(.text._GLOBAL__sub_I_Lab_3.cpp) refers to lab 3.o(.text.__cxx_global_var_init) for __cxx_global_var_init
    lab 3.o(.text._GLOBAL__sub_I_Lab_3.cpp) refers to lab 3.o(.text.__cxx_global_var_init.1) for __cxx_global_var_init.1
    lab 3.o(.ARM.exidx.text._GLOBAL__sub_I_Lab_3.cpp) refers to lab 3.o(.text._GLOBAL__sub_I_Lab_3.cpp) for [Anonymous Symbol]
    lab 3.o(.init_array) refers to lab 3.o(.text._GLOBAL__sub_I_Lab_3.cpp) for _GLOBAL__sub_I_Lab_3.cpp
    startup_stm32f767xx.o(STACK) refers (Special) to heapauxi.o(.text) for __use_two_region_memory
    startup_stm32f767xx.o(HEAP) refers (Special) to heapauxi.o(.text) for __use_two_region_memory
    startup_stm32f767xx.o(RESET) refers (Special) to heapauxi.o(.text) for __use_two_region_memory
    startup_stm32f767xx.o(RESET) refers to startup_stm32f767xx.o(STACK) for __initial_sp
    startup_stm32f767xx.o(RESET) refers to startup_stm32f767xx.o(.text) for Reset_Handler
    startup_stm32f767xx.o(RESET) refers to lab 3.o(.text.EXTI0_IRQHandler) for EXTI0_IRQHandler
    startup_stm32f767xx.o(RESET) refers to lab 3.o(.text.EXTI1_IRQHandler) for EXTI1_IRQHandler
    startup_stm32f767xx.o(RESET) refers to lab 3.o(.text.EXTI2_IRQHandler) for EXTI2_IRQHandler
    startup_stm32f767xx.o(RESET) refers to lab 3.o(.text.EXTI3_IRQHandler) for EXTI3_IRQHandler
    startup_stm32f767xx.o(RESET) refers to lab 3.o(.text.USART1_IRQHandler) for USART1_IRQHandler
    startup_stm32f767xx.o(RESET) refers to lab 3.o(.text.USART2_IRQHandler) for USART2_IRQHandler
    startup_stm32f767xx.o(RESET) refers to lab 3.o(.text.USART3_IRQHandler) for USART3_IRQHandler
    startup_stm32f767xx.o(RESET) refers to lab 3.o(.text.EXTI15_10_IRQHandler) for EXTI15_10_IRQHandler
    startup_stm32f767xx.o(RESET) refers to lab 3.o(.text.USART6_IRQHandler) for USART6_IRQHandler
    startup_stm32f767xx.o(.text) refers (Special) to heapauxi.o(.text) for __use_two_region_memory
    startup_stm32f767xx.o(.text) refers to system_stm32f7xx.o(.text.SystemInit) for SystemInit
    startup_stm32f767xx.o(.text) refers to __main.o(!!!main) for __main
    startup_stm32f767xx.o(.text) refers to startup_stm32f767xx.o(HEAP) for Heap_Mem
    startup_stm32f767xx.o(.text) refers to startup_stm32f767xx.o(STACK) for Stack_Mem
    system_stm32f7xx.o(.ARM.exidx.text.SystemInit) refers to system_stm32f7xx.o(.text.SystemInit) for [Anonymous Symbol]
    system_stm32f7xx.o(.text.SystemCoreClockUpdate) refers to system_stm32f7xx.o(.data.SystemCoreClock) for SystemCoreClock
    system_stm32f7xx.o(.text.SystemCoreClockUpdate) refers to system_stm32f7xx.o(.rodata.AHBPrescTable) for AHBPrescTable
    system_stm32f7xx.o(.ARM.exidx.text.SystemCoreClockUpdate) refers to system_stm32f7xx.o(.text.SystemCoreClockUpdate) for [Anonymous Symbol]
    strncpy.o(.text) refers to rt_memclr.o(.text) for __aeabi_memclr
    __main.o(!!!main) refers to __rtentry.o(.ARM.Collect$$rtentry$$00000000) for __rt_entry
    init_aeabi.o(.emb_text) refers (Special) to libinit2.o(.ARM.Collect$$libinit$$00000033) for __rt_lib_init_cpp_2
    init_aeabi.o(.init_array) refers (Special) to libinit2.o(.ARM.Collect$$libinit$$00000033) for __rt_lib_init_cpp_2
    init_aeabi.o(.dummy_text) refers (Special) to libinit2.o(.ARM.Collect$$libinit$$00000033) for __rt_lib_init_cpp_2
    init_aeabi.o(.text) refers (Special) to libinit2.o(.ARM.Collect$$libinit$$00000033) for __rt_lib_init_cpp_2
    init_aeabi.o(.ARM.exidx) refers (Special) to libinit2.o(.ARM.Collect$$libinit$$00000033) for __rt_lib_init_cpp_2
    init_aeabi.o(.ARM.exidx) refers to init_aeabi.o(.text) for .text
    __rtentry.o(.ARM.Collect$$rtentry$$00000000) refers (Special) to __rtentry2.o(.ARM.Collect$$rtentry$$0000000A) for __rt_entry_li
    __rtentry.o(.ARM.Collect$$rtentry$$00000000) refers (Special) to __rtentry2.o(.ARM.Collect$$rtentry$$0000000D) for __rt_entry_main
    __rtentry.o(.ARM.Collect$$rtentry$$00000000) refers (Special) to __rtentry2.o(.ARM.Collect$$rtentry$$0000000C) for __rt_entry_postli_1
    __rtentry.o(.ARM.Collect$$rtentry$$00000000) refers (Special) to __rtentry2.o(.ARM.Collect$$rtentry$$00000009) for __rt_entry_postsh_1
    __rtentry.o(.ARM.Collect$$rtentry$$00000000) refers (Special) to __rtentry2.o(.ARM.Collect$$rtentry$$00000002) for __rt_entry_presh_1
    __rtentry.o(.ARM.Collect$$rtentry$$00000000) refers (Special) to __rtentry4.o(.ARM.Collect$$rtentry$$00000004) for __rt_entry_sh
    rt_memclr.o(.text) refers to rt_memclr_w.o(.text) for _memset_w
    libinit2.o(.ARM.Collect$$libinit$$00000001) refers to fpinit.o(x$fpl$fpinit) for _fp_init
    libinit2.o(.ARM.Collect$$libinit$$00000012) refers to libinit2.o(.ARM.Collect$$libinit$$00000011) for .ARM.Collect$$libinit$$00000011
    libinit2.o(.ARM.Collect$$libinit$$00000014) refers to libinit2.o(.ARM.Collect$$libinit$$00000011) for .ARM.Collect$$libinit$$00000011
    libinit2.o(.ARM.Collect$$libinit$$00000016) refers to libinit2.o(.ARM.Collect$$libinit$$00000011) for .ARM.Collect$$libinit$$00000011
    libinit2.o(.ARM.Collect$$libinit$$00000018) refers to libinit2.o(.ARM.Collect$$libinit$$00000011) for .ARM.Collect$$libinit$$00000011
    libinit2.o(.ARM.Collect$$libinit$$0000001A) refers to libinit2.o(.ARM.Collect$$libinit$$00000011) for .ARM.Collect$$libinit$$00000011
    libinit2.o(.ARM.Collect$$libinit$$00000028) refers to argv_veneer.o(.emb_text) for __ARM_argv_veneer
    libinit2.o(.ARM.Collect$$libinit$$00000029) refers to argv_veneer.o(.emb_text) for __ARM_argv_veneer
    libinit2.o(.ARM.Collect$$libinit$$00000033) refers (Weak) to init_aeabi.o(.text) for __cpp_initialize__aeabi_
    __rtentry2.o(.ARM.Collect$$rtentry$$00000008) refers to boardinit2.o(.text) for _platform_post_stackheap_init
    __rtentry2.o(.ARM.Collect$$rtentry$$0000000A) refers to libinit.o(.ARM.Collect$$libinit$$00000000) for __rt_lib_init
    __rtentry2.o(.ARM.Collect$$rtentry$$0000000B) refers to boardinit3.o(.text) for _platform_post_lib_init
    __rtentry2.o(.ARM.Collect$$rtentry$$0000000D) refers to lab 3.o(.text.main) for main
    __rtentry2.o(.ARM.Collect$$rtentry$$0000000D) refers to exit.o(.text) for exit
    __rtentry2.o(.ARM.exidx) refers to __rtentry2.o(.ARM.Collect$$rtentry$$00000001) for .ARM.Collect$$rtentry$$00000001
    __rtentry2.o(.ARM.exidx) refers to __rtentry2.o(.ARM.Collect$$rtentry$$00000008) for .ARM.Collect$$rtentry$$00000008
    __rtentry2.o(.ARM.exidx) refers to __rtentry2.o(.ARM.Collect$$rtentry$$0000000A) for .ARM.Collect$$rtentry$$0000000A
    __rtentry2.o(.ARM.exidx) refers to __rtentry2.o(.ARM.Collect$$rtentry$$0000000B) for .ARM.Collect$$rtentry$$0000000B
    __rtentry2.o(.ARM.exidx) refers to __rtentry2.o(.ARM.Collect$$rtentry$$0000000D) for .ARM.Collect$$rtentry$$0000000D
    __rtentry4.o(.ARM.Collect$$rtentry$$00000004) refers to sys_stackheap_outer.o(.text) for __user_setup_stackheap
    __rtentry4.o(.ARM.exidx) refers to __rtentry4.o(.ARM.Collect$$rtentry$$00000004) for .ARM.Collect$$rtentry$$00000004
    argv_veneer.o(.emb_text) refers to no_argv.o(.text) for __ARM_get_argv
    sys_stackheap_outer.o(.text) refers to libspace.o(.text) for __user_perproc_libspace
    sys_stackheap_outer.o(.text) refers to startup_stm32f767xx.o(.text) for __user_initial_stackheap
    exit.o(.text) refers to rtexit.o(.ARM.Collect$$rtexit$$00000000) for __rt_exit
    _get_argv_nomalloc.o(.text) refers (Special) to hrguard.o(.text) for __heap_region$guard
    _get_argv_nomalloc.o(.text) refers to defsig_rtmem_outer.o(.text) for __rt_SIGRTMEM
    _get_argv_nomalloc.o(.text) refers to sys_command.o(.text) for _sys_command_string
    libinit.o(.ARM.Collect$$libinit$$00000000) refers (Special) to libinit2.o(.ARM.Collect$$libinit$$00000030) for __rt_lib_init_alloca_1
    libinit.o(.ARM.Collect$$libinit$$00000000) refers (Special) to libinit2.o(.ARM.Collect$$libinit$$0000002E) for __rt_lib_init_argv_1
    libinit.o(.ARM.Collect$$libinit$$00000000) refers (Special) to libinit2.o(.ARM.Collect$$libinit$$0000001D) for __rt_lib_init_atexit_1
    libinit.o(.ARM.Collect$$libinit$$00000000) refers (Special) to libinit2.o(.ARM.Collect$$libinit$$00000023) for __rt_lib_init_clock_1
    libinit.o(.ARM.Collect$$libinit$$00000000) refers (Special) to libinit2.o(.ARM.Collect$$libinit$$00000034) for __rt_lib_init_cpp_1
    libinit.o(.ARM.Collect$$libinit$$00000000) refers (Special) to libinit2.o(.ARM.Collect$$libinit$$00000032) for __rt_lib_init_exceptions_1
    libinit.o(.ARM.Collect$$libinit$$00000000) refers (Special) to libinit2.o(.ARM.Collect$$libinit$$00000001) for __rt_lib_init_fp_1
    libinit.o(.ARM.Collect$$libinit$$00000000) refers (Special) to libinit2.o(.ARM.Collect$$libinit$$00000021) for __rt_lib_init_fp_trap_1
    libinit.o(.ARM.Collect$$libinit$$00000000) refers (Special) to libinit2.o(.ARM.Collect$$libinit$$00000025) for __rt_lib_init_getenv_1
    libinit.o(.ARM.Collect$$libinit$$00000000) refers (Special) to libinit2.o(.ARM.Collect$$libinit$$0000000C) for __rt_lib_init_heap_1
    libinit.o(.ARM.Collect$$libinit$$00000000) refers (Special) to libinit2.o(.ARM.Collect$$libinit$$00000013) for __rt_lib_init_lc_collate_1
    libinit.o(.ARM.Collect$$libinit$$00000000) refers (Special) to libinit2.o(.ARM.Collect$$libinit$$00000015) for __rt_lib_init_lc_ctype_1
    libinit.o(.ARM.Collect$$libinit$$00000000) refers (Special) to libinit2.o(.ARM.Collect$$libinit$$00000017) for __rt_lib_init_lc_monetary_1
    libinit.o(.ARM.Collect$$libinit$$00000000) refers (Special) to libinit2.o(.ARM.Collect$$libinit$$00000019) for __rt_lib_init_lc_numeric_1
    libinit.o(.ARM.Collect$$libinit$$00000000) refers (Special) to libinit2.o(.ARM.Collect$$libinit$$0000001B) for __rt_lib_init_lc_time_1
    libinit.o(.ARM.Collect$$libinit$$00000000) refers (Special) to libinit2.o(.ARM.Collect$$libinit$$00000006) for __rt_lib_init_preinit_1
    libinit.o(.ARM.Collect$$libinit$$00000000) refers (Special) to libinit2.o(.ARM.Collect$$libinit$$00000010) for __rt_lib_init_rand_1
    libinit.o(.ARM.Collect$$libinit$$00000000) refers (Special) to libinit2.o(.ARM.Collect$$libinit$$00000004) for __rt_lib_init_relocate_pie_1
    libinit.o(.ARM.Collect$$libinit$$00000000) refers (Special) to libinit2.o(.ARM.Collect$$libinit$$00000035) for __rt_lib_init_return
    libinit.o(.ARM.Collect$$libinit$$00000000) refers (Special) to libinit2.o(.ARM.Collect$$libinit$$0000001F) for __rt_lib_init_signal_1
    libinit.o(.ARM.Collect$$libinit$$00000000) refers (Special) to libinit2.o(.ARM.Collect$$libinit$$00000027) for __rt_lib_init_stdio_1
    libinit.o(.ARM.Collect$$libinit$$00000000) refers (Special) to libinit2.o(.ARM.Collect$$libinit$$0000000E) for __rt_lib_init_user_alloc_1
    sys_command.o(.text) refers (Special) to use_no_semi.o(.text) for __I$use$semihosting
    sys_command.o(.text) refers (Special) to indicate_semi.o(.text) for __semihosting_library_function
    sys_command_hlt.o(.text) refers (Special) to use_no_semi.o(.text) for __I$use$semihosting
    sys_command_hlt.o(.text) refers (Special) to indicate_semi.o(.text) for __semihosting_library_function
    libspace.o(.text) refers to libspace.o(.bss) for __libspace_start
    rtexit.o(.ARM.Collect$$rtexit$$00000000) refers (Special) to rtexit2.o(.ARM.Collect$$rtexit$$00000004) for __rt_exit_exit
    rtexit.o(.ARM.Collect$$rtexit$$00000000) refers (Special) to rtexit2.o(.ARM.Collect$$rtexit$$00000003) for __rt_exit_ls
    rtexit.o(.ARM.Collect$$rtexit$$00000000) refers (Special) to rtexit2.o(.ARM.Collect$$rtexit$$00000002) for __rt_exit_prels_1
    rtexit.o(.ARM.exidx) refers (Special) to rtexit2.o(.ARM.Collect$$rtexit$$00000004) for __rt_exit_exit
    rtexit.o(.ARM.exidx) refers (Special) to rtexit2.o(.ARM.Collect$$rtexit$$00000003) for __rt_exit_ls
    rtexit.o(.ARM.exidx) refers (Special) to rtexit2.o(.ARM.Collect$$rtexit$$00000002) for __rt_exit_prels_1
    rtexit.o(.ARM.exidx) refers to rtexit.o(.ARM.Collect$$rtexit$$00000000) for .ARM.Collect$$rtexit$$00000000
    defsig_rtmem_outer.o(.text) refers to defsig_rtmem_inner.o(.text) for __rt_SIGRTMEM_inner
    defsig_rtmem_outer.o(.text) refers to defsig_exit.o(.text) for __sig_exit
    defsig_rtmem_formal.o(.text) refers to rt_raise.o(.text) for __rt_raise
    rtexit2.o(.ARM.Collect$$rtexit$$00000003) refers to libshutdown.o(.ARM.Collect$$libshutdown$$00000000) for __rt_lib_shutdown
    rtexit2.o(.ARM.Collect$$rtexit$$00000004) refers to sys_exit.o(.text) for _sys_exit
    rtexit2.o(.ARM.exidx) refers to rtexit2.o(.ARM.Collect$$rtexit$$00000001) for .ARM.Collect$$rtexit$$00000001
    rtexit2.o(.ARM.exidx) refers to rtexit2.o(.ARM.Collect$$rtexit$$00000003) for .ARM.Collect$$rtexit$$00000003
    rtexit2.o(.ARM.exidx) refers to rtexit2.o(.ARM.Collect$$rtexit$$00000004) for .ARM.Collect$$rtexit$$00000004
    rt_raise.o(.text) refers to __raise.o(.text) for __raise
    rt_raise.o(.text) refers to sys_exit.o(.text) for _sys_exit
    defsig_exit.o(.text) refers to sys_exit.o(.text) for _sys_exit
    defsig_rtmem_inner.o(.text) refers to defsig_general.o(.text) for __default_signal_display
    sys_exit.o(.text) refers (Special) to use_no_semi.o(.text) for __I$use$semihosting
    sys_exit.o(.text) refers (Special) to indicate_semi.o(.text) for __semihosting_library_function
    sys_exit_hlt.o(.text) refers (Special) to use_no_semi.o(.text) for __I$use$semihosting
    sys_exit_hlt.o(.text) refers (Special) to indicate_semi.o(.text) for __semihosting_library_function
    __raise.o(.text) refers to defsig.o(CL$$defsig) for __default_signal_handler
    defsig_general.o(.text) refers to sys_wrch.o(.text) for _ttywrch
    libshutdown.o(.ARM.Collect$$libshutdown$$00000000) refers (Special) to libshutdown2.o(.ARM.Collect$$libshutdown$$00000002) for __rt_lib_shutdown_cpp_1
    libshutdown.o(.ARM.Collect$$libshutdown$$00000000) refers (Special) to libshutdown2.o(.ARM.Collect$$libshutdown$$00000007) for __rt_lib_shutdown_fp_trap_1
    libshutdown.o(.ARM.Collect$$libshutdown$$00000000) refers (Special) to libshutdown2.o(.ARM.Collect$$libshutdown$$0000000F) for __rt_lib_shutdown_heap_1
    libshutdown.o(.ARM.Collect$$libshutdown$$00000000) refers (Special) to libshutdown2.o(.ARM.Collect$$libshutdown$$00000010) for __rt_lib_shutdown_return
    libshutdown.o(.ARM.Collect$$libshutdown$$00000000) refers (Special) to libshutdown2.o(.ARM.Collect$$libshutdown$$0000000A) for __rt_lib_shutdown_signal_1
    libshutdown.o(.ARM.Collect$$libshutdown$$00000000) refers (Special) to libshutdown2.o(.ARM.Collect$$libshutdown$$00000004) for __rt_lib_shutdown_stdio_1
    libshutdown.o(.ARM.Collect$$libshutdown$$00000000) refers (Special) to libshutdown2.o(.ARM.Collect$$libshutdown$$0000000C) for __rt_lib_shutdown_user_alloc_1
    sys_wrch.o(.text) refers (Special) to use_no_semi.o(.text) for __I$use$semihosting
    sys_wrch.o(.text) refers (Special) to indicate_semi.o(.text) for __semihosting_library_function
    sys_wrch_hlt.o(.text) refers (Special) to use_no_semi.o(.text) for __I$use$semihosting
    sys_wrch_hlt.o(.text) refers (Special) to indicate_semi.o(.text) for __semihosting_library_function
    defsig.o(CL$$defsig) refers to defsig_rtmem_inner.o(.text) for __rt_SIGRTMEM_inner
    defsig_abrt_inner.o(.text) refers to defsig_general.o(.text) for __default_signal_display
    defsig_fpe_inner.o(.text) refers to defsig_general.o(.text) for __default_signal_display
    defsig_rtred_inner.o(.text) refers to defsig_general.o(.text) for __default_signal_display
    defsig_stak_inner.o(.text) refers to defsig_general.o(.text) for __default_signal_display
    defsig_pvfn_inner.o(.text) refers to defsig_general.o(.text) for __default_signal_display
    defsig_cppl_inner.o(.text) refers to defsig_general.o(.text) for __default_signal_display
    defsig_segv_inner.o(.text) refers to defsig_general.o(.text) for __default_signal_display
    defsig_other.o(.text) refers to defsig_general.o(.text) for __default_signal_display


==============================================================================

Removing Unused input sections from the image.

    Removing lab 3.o(.text), (0 bytes).
    Removing lab 3.o(.ARM.exidx.text._Z12SysTick_Initv), (8 bytes).
    Removing lab 3.o(.ARM.exidx.text._Z12SysTick_Waitj), (8 bytes).
    Removing lab 3.o(.text._Z14SysTick_Wait1sj), (48 bytes).
    Removing lab 3.o(.ARM.exidx.text._Z14SysTick_Wait1sj), (8 bytes).
    Removing lab 3.o(.ARM.exidx.text._Z15SysTick_Wait1msj), (8 bytes).
    Removing lab 3.o(.ARM.exidx.text._Z15SysTick_Wait1usj), (8 bytes).
    Removing lab 3.o(.ARM.exidx.text._Z14config_TMatrizv), (8 bytes).
    Removing lab 3.o(.ARM.exidx.text._ZL18__NVIC_SetPriority9IRQn_Typej), (8 bytes).
    Removing lab 3.o(.ARM.exidx.text._ZL16__NVIC_EnableIRQ9IRQn_Type), (8 bytes).
    Removing lab 3.o(.ARM.exidx.text.__cxx_global_var_init), (8 bytes).
    Removing lab 3.o(.ARM.exidx.text.__cxx_global_var_init.1), (8 bytes).
    Removing lab 3.o(.ARM.exidx.text._Z10config_LCDv), (8 bytes).
    Removing lab 3.o(.ARM.exidx.text._Z7LCD_COMc), (8 bytes).
    Removing lab 3.o(.ARM.exidx.text._Z5LCD_Wc), (8 bytes).
    Removing lab 3.o(.ARM.exidx.text._Z12config_USARTicifj), (8 bytes).
    Removing lab 3.o(.text._Z15USART1_SendChari), (44 bytes).
    Removing lab 3.o(.ARM.exidx.text._Z15USART1_SendChari), (8 bytes).
    Removing lab 3.o(.text._Z15USART2_SendChari), (44 bytes).
    Removing lab 3.o(.ARM.exidx.text._Z15USART2_SendChari), (8 bytes).
    Removing lab 3.o(.ARM.exidx.text._Z15USART3_SendChari), (8 bytes).
    Removing lab 3.o(.ARM.exidx.text._Z15USART6_SendChari), (8 bytes).
    Removing lab 3.o(.text._Z16USART1_SendChainPc), (104 bytes).
    Removing lab 3.o(.ARM.exidx.text._Z16USART1_SendChainPc), (8 bytes).
    Removing lab 3.o(.text._Z16USART2_SendChainPc), (104 bytes).
    Removing lab 3.o(.ARM.exidx.text._Z16USART2_SendChainPc), (8 bytes).
    Removing lab 3.o(.ARM.exidx.text._Z16USART3_SendChainPc), (8 bytes).
    Removing lab 3.o(.ARM.exidx.text._Z16USART6_SendChainPc), (8 bytes).
    Removing lab 3.o(.ARM.exidx.text.main), (8 bytes).
    Removing lab 3.o(.ARM.exidx.text.USART1_IRQHandler), (8 bytes).
    Removing lab 3.o(.ARM.exidx.text.USART2_IRQHandler), (8 bytes).
    Removing lab 3.o(.ARM.exidx.text.USART3_IRQHandler), (8 bytes).
    Removing lab 3.o(.ARM.exidx.text.USART6_IRQHandler), (8 bytes).
    Removing lab 3.o(.ARM.exidx.text.EXTI0_IRQHandler), (8 bytes).
    Removing lab 3.o(.ARM.exidx.text.EXTI1_IRQHandler), (8 bytes).
    Removing lab 3.o(.ARM.exidx.text.EXTI2_IRQHandler), (8 bytes).
    Removing lab 3.o(.ARM.exidx.text.EXTI3_IRQHandler), (8 bytes).
    Removing lab 3.o(.ARM.exidx.text.EXTI15_10_IRQHandler), (8 bytes).
    Removing lab 3.o(.ARM.exidx.text._GLOBAL__sub_I_Lab_3.cpp), (8 bytes).
    Removing lab 3.o(.ARM.use_no_argv), (4 bytes).
    Removing system_stm32f7xx.o(.text), (0 bytes).
    Removing system_stm32f7xx.o(.ARM.exidx.text.SystemInit), (8 bytes).
    Removing system_stm32f7xx.o(.text.SystemCoreClockUpdate), (302 bytes).
    Removing system_stm32f7xx.o(.ARM.exidx.text.SystemCoreClockUpdate), (8 bytes).
    Removing system_stm32f7xx.o(.data.SystemCoreClock), (4 bytes).
    Removing system_stm32f7xx.o(.rodata.AHBPrescTable), (16 bytes).
    Removing system_stm32f7xx.o(.rodata.APBPrescTable), (8 bytes).

47 unused section(s) (total 958 bytes) removed from the image.

==============================================================================

Image Symbol Table

    Local Symbols

    Symbol Name                              Value     Ov Type        Size  Object(Section)

    ../clib/angel/boardlib.s                 0x00000000   Number         0  boardinit1.o ABSOLUTE
    ../clib/angel/boardlib.s                 0x00000000   Number         0  boardinit2.o ABSOLUTE
    ../clib/angel/boardlib.s                 0x00000000   Number         0  boardinit3.o ABSOLUTE
    ../clib/angel/boardlib.s                 0x00000000   Number         0  boardshut.o ABSOLUTE
    ../clib/angel/handlers.s                 0x00000000   Number         0  __scatter_copy.o ABSOLUTE
    ../clib/angel/handlers.s                 0x00000000   Number         0  __scatter_zi.o ABSOLUTE
    ../clib/angel/kernel.s                   0x00000000   Number         0  __rtentry.o ABSOLUTE
    ../clib/angel/kernel.s                   0x00000000   Number         0  __rtentry2.o ABSOLUTE
    ../clib/angel/kernel.s                   0x00000000   Number         0  __rtentry4.o ABSOLUTE
    ../clib/angel/kernel.s                   0x00000000   Number         0  rtexit.o ABSOLUTE
    ../clib/angel/kernel.s                   0x00000000   Number         0  rtexit2.o ABSOLUTE
    ../clib/angel/rt.s                       0x00000000   Number         0  rt_raise.o ABSOLUTE
    ../clib/angel/scatter.s                  0x00000000   Number         0  __scatter.o ABSOLUTE
    ../clib/angel/startup.s                  0x00000000   Number         0  __main.o ABSOLUTE
    ../clib/angel/sys.s                      0x00000000   Number         0  sys_stackheap_outer.o ABSOLUTE
    ../clib/angel/sys.s                      0x00000000   Number         0  libspace.o ABSOLUTE
    ../clib/angel/sys.s                      0x00000000   Number         0  use_no_semi.o ABSOLUTE
    ../clib/angel/sys.s                      0x00000000   Number         0  indicate_semi.o ABSOLUTE
    ../clib/angel/sysapp.c                   0x00000000   Number         0  sys_command.o ABSOLUTE
    ../clib/angel/sysapp.c                   0x00000000   Number         0  sys_command_hlt.o ABSOLUTE
    ../clib/angel/sysapp.c                   0x00000000   Number         0  sys_exit.o ABSOLUTE
    ../clib/angel/sysapp.c                   0x00000000   Number         0  sys_exit_hlt.o ABSOLUTE
    ../clib/angel/sysapp.c                   0x00000000   Number         0  sys_wrch.o ABSOLUTE
    ../clib/angel/sysapp.c                   0x00000000   Number         0  sys_wrch_hlt.o ABSOLUTE
    ../clib/arm_runtime.c                    0x00000000   Number         0  init_aeabi.o ABSOLUTE
    ../clib/arm_runtime.c                    0x00000000   Number         0  init_aeabi.o ABSOLUTE
    ../clib/armsys.c                         0x00000000   Number         0  argv_veneer.o ABSOLUTE
    ../clib/armsys.c                         0x00000000   Number         0  argv_veneer.o ABSOLUTE
    ../clib/armsys.c                         0x00000000   Number         0  _get_argv_nomalloc.o ABSOLUTE
    ../clib/armsys.c                         0x00000000   Number         0  no_argv.o ABSOLUTE
    ../clib/heapalloc.c                      0x00000000   Number         0  hrguard.o ABSOLUTE
    ../clib/heapaux.c                        0x00000000   Number         0  heapauxi.o ABSOLUTE
    ../clib/libinit.s                        0x00000000   Number         0  libinit2.o ABSOLUTE
    ../clib/libinit.s                        0x00000000   Number         0  libinit.o ABSOLUTE
    ../clib/libinit.s                        0x00000000   Number         0  libshutdown.o ABSOLUTE
    ../clib/libinit.s                        0x00000000   Number         0  libshutdown2.o ABSOLUTE
    ../clib/memcpset.s                       0x00000000   Number         0  strncpy.o ABSOLUTE
    ../clib/memcpset.s                       0x00000000   Number         0  rt_memclr.o ABSOLUTE
    ../clib/memcpset.s                       0x00000000   Number         0  rt_memclr_w.o ABSOLUTE
    ../clib/r_arm_target.c                   0x00000000   Number         0  __ARM_resolve_target1.o ABSOLUTE
    ../clib/r_arm_target.c                   0x00000000   Number         0  __ARM_resolve_target1_abs32.o ABSOLUTE
    ../clib/signal.c                         0x00000000   Number         0  defsig_rtmem_outer.o ABSOLUTE
    ../clib/signal.c                         0x00000000   Number         0  defsig_rtmem_formal.o ABSOLUTE
    ../clib/signal.c                         0x00000000   Number         0  defsig_exit.o ABSOLUTE
    ../clib/signal.c                         0x00000000   Number         0  defsig_rtmem_inner.o ABSOLUTE
    ../clib/signal.c                         0x00000000   Number         0  __raise.o ABSOLUTE
    ../clib/signal.c                         0x00000000   Number         0  defsig_general.o ABSOLUTE
    ../clib/signal.c                         0x00000000   Number         0  defsig_abrt_inner.o ABSOLUTE
    ../clib/signal.c                         0x00000000   Number         0  defsig_fpe_inner.o ABSOLUTE
    ../clib/signal.c                         0x00000000   Number         0  defsig_rtred_inner.o ABSOLUTE
    ../clib/signal.c                         0x00000000   Number         0  defsig_stak_inner.o ABSOLUTE
    ../clib/signal.c                         0x00000000   Number         0  defsig_pvfn_inner.o ABSOLUTE
    ../clib/signal.c                         0x00000000   Number         0  defsig_cppl_inner.o ABSOLUTE
    ../clib/signal.c                         0x00000000   Number         0  defsig_segv_inner.o ABSOLUTE
    ../clib/signal.c                         0x00000000   Number         0  defsig_other.o ABSOLUTE
    ../clib/signal.s                         0x00000000   Number         0  defsig.o ABSOLUTE
    ../clib/stdlib.c                         0x00000000   Number         0  exit.o ABSOLUTE
    ../clib/string.c                         0x00000000   Number         0  strlen.o ABSOLUTE
    ../fplib/fpinit.s                        0x00000000   Number         0  fpinit.o ABSOLUTE
    Lab 3.cpp                                0x00000000   Number         0  lab 3.o ABSOLUTE
    RTE/Device/STM32F767ZITx/startup_stm32f767xx.s 0x00000000   Number         0  startup_stm32f767xx.o ABSOLUTE
    dc.s                                     0x00000000   Number         0  dc.o ABSOLUTE
    system_stm32f7xx.c                       0x00000000   Number         0  system_stm32f7xx.o ABSOLUTE
    RESET                                    0x08000000   Section      504  startup_stm32f767xx.o(RESET)
    !!!main                                  0x080001f8   Section        8  __main.o(!!!main)
    !!!scatter                               0x08000200   Section       52  __scatter.o(!!!scatter)
    !!handler_copy                           0x08000234   Section       26  __scatter_copy.o(!!handler_copy)
    !!handler_zi                             0x08000250   Section       28  __scatter_zi.o(!!handler_zi)
    .ARM.Collect$$libinit$$00000000          0x0800026c   Section        2  libinit.o(.ARM.Collect$$libinit$$00000000)
    .ARM.Collect$$libinit$$00000001          0x0800026e   Section        4  libinit2.o(.ARM.Collect$$libinit$$00000001)
    .ARM.Collect$$libinit$$00000004          0x08000272   Section        0  libinit2.o(.ARM.Collect$$libinit$$00000004)
    .ARM.Collect$$libinit$$00000006          0x08000272   Section        0  libinit2.o(.ARM.Collect$$libinit$$00000006)
    .ARM.Collect$$libinit$$0000000C          0x08000272   Section        0  libinit2.o(.ARM.Collect$$libinit$$0000000C)
    .ARM.Collect$$libinit$$0000000E          0x08000272   Section        0  libinit2.o(.ARM.Collect$$libinit$$0000000E)
    .ARM.Collect$$libinit$$00000010          0x08000272   Section        0  libinit2.o(.ARM.Collect$$libinit$$00000010)
    .ARM.Collect$$libinit$$00000013          0x08000272   Section        0  libinit2.o(.ARM.Collect$$libinit$$00000013)
    .ARM.Collect$$libinit$$00000015          0x08000272   Section        0  libinit2.o(.ARM.Collect$$libinit$$00000015)
    .ARM.Collect$$libinit$$00000017          0x08000272   Section        0  libinit2.o(.ARM.Collect$$libinit$$00000017)
    .ARM.Collect$$libinit$$00000019          0x08000272   Section        0  libinit2.o(.ARM.Collect$$libinit$$00000019)
    .ARM.Collect$$libinit$$0000001B          0x08000272   Section        0  libinit2.o(.ARM.Collect$$libinit$$0000001B)
    .ARM.Collect$$libinit$$0000001D          0x08000272   Section        0  libinit2.o(.ARM.Collect$$libinit$$0000001D)
    .ARM.Collect$$libinit$$0000001F          0x08000272   Section        0  libinit2.o(.ARM.Collect$$libinit$$0000001F)
    .ARM.Collect$$libinit$$00000021          0x08000272   Section        0  libinit2.o(.ARM.Collect$$libinit$$00000021)
    .ARM.Collect$$libinit$$00000023          0x08000272   Section        0  libinit2.o(.ARM.Collect$$libinit$$00000023)
    .ARM.Collect$$libinit$$00000025          0x08000272   Section        0  libinit2.o(.ARM.Collect$$libinit$$00000025)
    .ARM.Collect$$libinit$$00000027          0x08000272   Section        0  libinit2.o(.ARM.Collect$$libinit$$00000027)
    .ARM.Collect$$libinit$$0000002E          0x08000272   Section        0  libinit2.o(.ARM.Collect$$libinit$$0000002E)
    .ARM.Collect$$libinit$$00000030          0x08000272   Section        0  libinit2.o(.ARM.Collect$$libinit$$00000030)
    .ARM.Collect$$libinit$$00000032          0x08000272   Section        0  libinit2.o(.ARM.Collect$$libinit$$00000032)
    .ARM.Collect$$libinit$$00000033          0x08000272   Section        4  libinit2.o(.ARM.Collect$$libinit$$00000033)
    .ARM.Collect$$libinit$$00000034          0x08000276   Section        0  libinit2.o(.ARM.Collect$$libinit$$00000034)
    .ARM.Collect$$libinit$$00000035          0x08000276   Section        2  libinit2.o(.ARM.Collect$$libinit$$00000035)
    .ARM.Collect$$libshutdown$$00000000      0x08000278   Section        2  libshutdown.o(.ARM.Collect$$libshutdown$$00000000)
    .ARM.Collect$$libshutdown$$00000002      0x0800027a   Section        0  libshutdown2.o(.ARM.Collect$$libshutdown$$00000002)
    .ARM.Collect$$libshutdown$$00000004      0x0800027a   Section        0  libshutdown2.o(.ARM.Collect$$libshutdown$$00000004)
    .ARM.Collect$$libshutdown$$00000007      0x0800027a   Section        0  libshutdown2.o(.ARM.Collect$$libshutdown$$00000007)
    .ARM.Collect$$libshutdown$$0000000A      0x0800027a   Section        0  libshutdown2.o(.ARM.Collect$$libshutdown$$0000000A)
    .ARM.Collect$$libshutdown$$0000000C      0x0800027a   Section        0  libshutdown2.o(.ARM.Collect$$libshutdown$$0000000C)
    .ARM.Collect$$libshutdown$$0000000F      0x0800027a   Section        0  libshutdown2.o(.ARM.Collect$$libshutdown$$0000000F)
    .ARM.Collect$$libshutdown$$00000010      0x0800027a   Section        2  libshutdown2.o(.ARM.Collect$$libshutdown$$00000010)
    .ARM.Collect$$rtentry$$00000000          0x0800027c   Section        0  __rtentry.o(.ARM.Collect$$rtentry$$00000000)
    .ARM.Collect$$rtentry$$00000002          0x0800027c   Section        0  __rtentry2.o(.ARM.Collect$$rtentry$$00000002)
    .ARM.Collect$$rtentry$$00000004          0x0800027c   Section        6  __rtentry4.o(.ARM.Collect$$rtentry$$00000004)
    .ARM.Collect$$rtentry$$00000009          0x08000282   Section        0  __rtentry2.o(.ARM.Collect$$rtentry$$00000009)
    .ARM.Collect$$rtentry$$0000000A          0x08000282   Section        4  __rtentry2.o(.ARM.Collect$$rtentry$$0000000A)
    .ARM.Collect$$rtentry$$0000000C          0x08000286   Section        0  __rtentry2.o(.ARM.Collect$$rtentry$$0000000C)
    .ARM.Collect$$rtentry$$0000000D          0x08000286   Section        8  __rtentry2.o(.ARM.Collect$$rtentry$$0000000D)
    .ARM.Collect$$rtexit$$00000000           0x0800028e   Section        2  rtexit.o(.ARM.Collect$$rtexit$$00000000)
    .ARM.Collect$$rtexit$$00000002           0x08000290   Section        0  rtexit2.o(.ARM.Collect$$rtexit$$00000002)
    .ARM.Collect$$rtexit$$00000003           0x08000290   Section        4  rtexit2.o(.ARM.Collect$$rtexit$$00000003)
    .ARM.Collect$$rtexit$$00000004           0x08000294   Section        6  rtexit2.o(.ARM.Collect$$rtexit$$00000004)
    $v0                                      0x0800029c   Number         0  startup_stm32f767xx.o(.text)
    .text                                    0x0800029c   Section       64  startup_stm32f767xx.o(.text)
    .text                                    0x080002dc   Section        0  strlen.o(.text)
    .text                                    0x0800031a   Section       86  strncpy.o(.text)
    .text                                    0x08000370   Section        0  heapauxi.o(.text)
    .text                                    0x08000378   Section        0  init_aeabi.o(.text)
    .text                                    0x0800039c   Section       68  rt_memclr.o(.text)
    .text                                    0x080003e0   Section       78  rt_memclr_w.o(.text)
    .text                                    0x0800042e   Section       74  sys_stackheap_outer.o(.text)
    .text                                    0x08000478   Section        0  exit.o(.text)
    .text                                    0x0800048c   Section        8  libspace.o(.text)
    .text                                    0x08000494   Section        2  use_no_semi.o(.text)
    .text                                    0x08000496   Section        0  indicate_semi.o(.text)
    .text                                    0x08000498   Section        0  sys_exit.o(.text)
    [Anonymous Symbol]                       0x080004a8   Section        0  lab 3.o(.text.EXTI0_IRQHandler)
    [Anonymous Symbol]                       0x08000540   Section        0  lab 3.o(.text.EXTI15_10_IRQHandler)
    [Anonymous Symbol]                       0x080005d8   Section        0  lab 3.o(.text.EXTI1_IRQHandler)
    [Anonymous Symbol]                       0x08000678   Section        0  lab 3.o(.text.EXTI2_IRQHandler)
    [Anonymous Symbol]                       0x08000718   Section        0  lab 3.o(.text.EXTI3_IRQHandler)
    [Anonymous Symbol]                       0x080007b8   Section        0  system_stm32f7xx.o(.text.SystemInit)
    [Anonymous Symbol]                       0x080007d0   Section        0  lab 3.o(.text.USART1_IRQHandler)
    [Anonymous Symbol]                       0x08000850   Section        0  lab 3.o(.text.USART2_IRQHandler)
    [Anonymous Symbol]                       0x080008d0   Section        0  lab 3.o(.text.USART3_IRQHandler)
    [Anonymous Symbol]                       0x08000950   Section        0  lab 3.o(.text.USART6_IRQHandler)
    _GLOBAL__sub_I_Lab_3.cpp                 0x080009d1   Thumb Code    12  lab 3.o(.text._GLOBAL__sub_I_Lab_3.cpp)
    [Anonymous Symbol]                       0x080009d0   Section        0  lab 3.o(.text._GLOBAL__sub_I_Lab_3.cpp)
    [Anonymous Symbol]                       0x080009e0   Section        0  lab 3.o(.text._Z10config_LCDv)
    [Anonymous Symbol]                       0x08000a30   Section        0  lab 3.o(.text._Z12SysTick_Initv)
    [Anonymous Symbol]                       0x08000a50   Section        0  lab 3.o(.text._Z12SysTick_Waitj)
    [Anonymous Symbol]                       0x08000a88   Section        0  lab 3.o(.text._Z12config_USARTicifj)
    [Anonymous Symbol]                       0x08001168   Section        0  lab 3.o(.text._Z14config_TMatrizv)
    [Anonymous Symbol]                       0x08001248   Section        0  lab 3.o(.text._Z15SysTick_Wait1msj)
    [Anonymous Symbol]                       0x08001278   Section        0  lab 3.o(.text._Z15SysTick_Wait1usj)
    [Anonymous Symbol]                       0x080012a8   Section        0  lab 3.o(.text._Z15USART3_SendChari)
    [Anonymous Symbol]                       0x080012d8   Section        0  lab 3.o(.text._Z15USART6_SendChari)
    [Anonymous Symbol]                       0x08001308   Section        0  lab 3.o(.text._Z16USART3_SendChainPc)
    [Anonymous Symbol]                       0x08001370   Section        0  lab 3.o(.text._Z16USART6_SendChainPc)
    [Anonymous Symbol]                       0x080013d8   Section        0  lab 3.o(.text._Z5LCD_Wc)
    [Anonymous Symbol]                       0x08001418   Section        0  lab 3.o(.text._Z7LCD_COMc)
    __NVIC_EnableIRQ(IRQn_Type)              0x08001461   Thumb Code    48  lab 3.o(.text._ZL16__NVIC_EnableIRQ9IRQn_Type)
    [Anonymous Symbol]                       0x08001460   Section        0  lab 3.o(.text._ZL16__NVIC_EnableIRQ9IRQn_Type)
    __NVIC_SetPriority(IRQn_Type, unsigned int) 0x08001491   Thumb Code    66  lab 3.o(.text._ZL18__NVIC_SetPriority9IRQn_Typej)
    [Anonymous Symbol]                       0x08001490   Section        0  lab 3.o(.text._ZL18__NVIC_SetPriority9IRQn_Typej)
    __cxx_global_var_init                    0x080014d9   Thumb Code    24  lab 3.o(.text.__cxx_global_var_init)
    [Anonymous Symbol]                       0x080014d8   Section        0  lab 3.o(.text.__cxx_global_var_init)
    __cxx_global_var_init.1                  0x080014f1   Thumb Code    24  lab 3.o(.text.__cxx_global_var_init.1)
    [Anonymous Symbol]                       0x080014f0   Section        0  lab 3.o(.text.__cxx_global_var_init.1)
    [Anonymous Symbol]                       0x08001508   Section        0  lab 3.o(.text.main)
    $v0                                      0x080019a2   Number         0  fpinit.o(x$fpl$fpinit)
    x$fpl$fpinit                             0x080019a2   Section       26  fpinit.o(x$fpl$fpinit)
    .init_array                              0x080019e0   Section        0  init_aeabi.o(.init_array)
    .bss                                     0x20020018   Section       96  libspace.o(.bss)
    Heap_Mem                                 0x20020120   Data         512  startup_stm32f767xx.o(HEAP)
    HEAP                                     0x20020120   Section      512  startup_stm32f767xx.o(HEAP)
    Stack_Mem                                0x20020320   Data        1024  startup_stm32f767xx.o(STACK)
    STACK                                    0x20020320   Section     1024  startup_stm32f767xx.o(STACK)
    __initial_sp                             0x20020720   Data           0  startup_stm32f767xx.o(STACK)

    Global Symbols

    Symbol Name                              Value     Ov Type        Size  Object(Section)

    BuildAttributes$$THM_ISAv4$E$P$D$K$B$S$7EM$VFPv5_D16$PE$PLD8$A:L22UL41UL21$X:L11$S22US41US21$IEEE1$IW$~IW$USESV6$~STKCKD$USESV7$~SHL$OSPACE$ROPI$EBA8$UX$STANDARDLIB$REQ8$PRES8$EABIv2 0x00000000   Number         0  anon$$obj.o ABSOLUTE
    __ARM_exceptions_init                     - Undefined Weak Reference
    __alloca_initialize                       - Undefined Weak Reference
    __arm_preinit_                            - Undefined Weak Reference
    __arm_relocate_pie_                       - Undefined Weak Reference
    __cxa_finalize                            - Undefined Weak Reference
    __rt_locale                               - Undefined Weak Reference
    __sigvec_lookup                           - Undefined Weak Reference
    _atexit_init                              - Undefined Weak Reference
    _call_atexit_fns                          - Undefined Weak Reference
    _clock_init                               - Undefined Weak Reference
    _fp_trap_init                             - Undefined Weak Reference
    _fp_trap_shutdown                         - Undefined Weak Reference
    _get_lc_collate                           - Undefined Weak Reference
    _get_lc_ctype                             - Undefined Weak Reference
    _get_lc_monetary                          - Undefined Weak Reference
    _get_lc_numeric                           - Undefined Weak Reference
    _get_lc_time                              - Undefined Weak Reference
    _getenv_init                              - Undefined Weak Reference
    _handle_redirection                       - Undefined Weak Reference
    _init_alloc                               - Undefined Weak Reference
    _init_user_alloc                          - Undefined Weak Reference
    _initio                                   - Undefined Weak Reference
    _rand_init                                - Undefined Weak Reference
    _signal_finish                            - Undefined Weak Reference
    _signal_init                              - Undefined Weak Reference
    _terminate_alloc                          - Undefined Weak Reference
    _terminate_user_alloc                     - Undefined Weak Reference
    _terminateio                              - Undefined Weak Reference
    __Vectors_Size                           0x000001f8   Number         0  startup_stm32f767xx.o ABSOLUTE
    __Vectors                                0x08000000   Data           4  startup_stm32f767xx.o(RESET)
    __Vectors_End                            0x080001f8   Data           0  startup_stm32f767xx.o(RESET)
    __main                                   0x080001f9   Thumb Code     8  __main.o(!!!main)
    __scatterload                            0x08000201   Thumb Code     0  __scatter.o(!!!scatter)
    __scatterload_rt2                        0x08000201   Thumb Code    44  __scatter.o(!!!scatter)
    __scatterload_rt2_thumb_only             0x08000201   Thumb Code     0  __scatter.o(!!!scatter)
    __scatterload_null                       0x0800020f   Thumb Code     0  __scatter.o(!!!scatter)
    __scatterload_copy                       0x08000235   Thumb Code    26  __scatter_copy.o(!!handler_copy)
    __scatterload_zeroinit                   0x08000251   Thumb Code    28  __scatter_zi.o(!!handler_zi)
    __rt_lib_init                            0x0800026d   Thumb Code     0  libinit.o(.ARM.Collect$$libinit$$00000000)
    __rt_lib_init_fp_1                       0x0800026f   Thumb Code     0  libinit2.o(.ARM.Collect$$libinit$$00000001)
    __rt_lib_init_alloca_1                   0x08000273   Thumb Code     0  libinit2.o(.ARM.Collect$$libinit$$00000030)
    __rt_lib_init_argv_1                     0x08000273   Thumb Code     0  libinit2.o(.ARM.Collect$$libinit$$0000002E)
    __rt_lib_init_atexit_1                   0x08000273   Thumb Code     0  libinit2.o(.ARM.Collect$$libinit$$0000001D)
    __rt_lib_init_clock_1                    0x08000273   Thumb Code     0  libinit2.o(.ARM.Collect$$libinit$$00000023)
    __rt_lib_init_cpp_2                      0x08000273   Thumb Code     0  libinit2.o(.ARM.Collect$$libinit$$00000033)
    __rt_lib_init_exceptions_1               0x08000273   Thumb Code     0  libinit2.o(.ARM.Collect$$libinit$$00000032)
    __rt_lib_init_fp_trap_1                  0x08000273   Thumb Code     0  libinit2.o(.ARM.Collect$$libinit$$00000021)
    __rt_lib_init_getenv_1                   0x08000273   Thumb Code     0  libinit2.o(.ARM.Collect$$libinit$$00000025)
    __rt_lib_init_heap_1                     0x08000273   Thumb Code     0  libinit2.o(.ARM.Collect$$libinit$$0000000C)
    __rt_lib_init_lc_collate_1               0x08000273   Thumb Code     0  libinit2.o(.ARM.Collect$$libinit$$00000013)
    __rt_lib_init_lc_ctype_1                 0x08000273   Thumb Code     0  libinit2.o(.ARM.Collect$$libinit$$00000015)
    __rt_lib_init_lc_monetary_1              0x08000273   Thumb Code     0  libinit2.o(.ARM.Collect$$libinit$$00000017)
    __rt_lib_init_lc_numeric_1               0x08000273   Thumb Code     0  libinit2.o(.ARM.Collect$$libinit$$00000019)
    __rt_lib_init_lc_time_1                  0x08000273   Thumb Code     0  libinit2.o(.ARM.Collect$$libinit$$0000001B)
    __rt_lib_init_preinit_1                  0x08000273   Thumb Code     0  libinit2.o(.ARM.Collect$$libinit$$00000006)
    __rt_lib_init_rand_1                     0x08000273   Thumb Code     0  libinit2.o(.ARM.Collect$$libinit$$00000010)
    __rt_lib_init_relocate_pie_1             0x08000273   Thumb Code     0  libinit2.o(.ARM.Collect$$libinit$$00000004)
    __rt_lib_init_signal_1                   0x08000273   Thumb Code     0  libinit2.o(.ARM.Collect$$libinit$$0000001F)
    __rt_lib_init_stdio_1                    0x08000273   Thumb Code     0  libinit2.o(.ARM.Collect$$libinit$$00000027)
    __rt_lib_init_user_alloc_1               0x08000273   Thumb Code     0  libinit2.o(.ARM.Collect$$libinit$$0000000E)
    __rt_lib_init_cpp_1                      0x08000277   Thumb Code     0  libinit2.o(.ARM.Collect$$libinit$$00000034)
    __rt_lib_init_return                     0x08000277   Thumb Code     0  libinit2.o(.ARM.Collect$$libinit$$00000035)
    __rt_lib_shutdown                        0x08000279   Thumb Code     0  libshutdown.o(.ARM.Collect$$libshutdown$$00000000)
    __rt_lib_shutdown_cpp_1                  0x0800027b   Thumb Code     0  libshutdown2.o(.ARM.Collect$$libshutdown$$00000002)
    __rt_lib_shutdown_fp_trap_1              0x0800027b   Thumb Code     0  libshutdown2.o(.ARM.Collect$$libshutdown$$00000007)
    __rt_lib_shutdown_heap_1                 0x0800027b   Thumb Code     0  libshutdown2.o(.ARM.Collect$$libshutdown$$0000000F)
    __rt_lib_shutdown_return                 0x0800027b   Thumb Code     0  libshutdown2.o(.ARM.Collect$$libshutdown$$00000010)
    __rt_lib_shutdown_signal_1               0x0800027b   Thumb Code     0  libshutdown2.o(.ARM.Collect$$libshutdown$$0000000A)
    __rt_lib_shutdown_stdio_1                0x0800027b   Thumb Code     0  libshutdown2.o(.ARM.Collect$$libshutdown$$00000004)
    __rt_lib_shutdown_user_alloc_1           0x0800027b   Thumb Code     0  libshutdown2.o(.ARM.Collect$$libshutdown$$0000000C)
    __rt_entry                               0x0800027d   Thumb Code     0  __rtentry.o(.ARM.Collect$$rtentry$$00000000)
    __rt_entry_presh_1                       0x0800027d   Thumb Code     0  __rtentry2.o(.ARM.Collect$$rtentry$$00000002)
    __rt_entry_sh                            0x0800027d   Thumb Code     0  __rtentry4.o(.ARM.Collect$$rtentry$$00000004)
    __rt_entry_li                            0x08000283   Thumb Code     0  __rtentry2.o(.ARM.Collect$$rtentry$$0000000A)
    __rt_entry_postsh_1                      0x08000283   Thumb Code     0  __rtentry2.o(.ARM.Collect$$rtentry$$00000009)
    __rt_entry_main                          0x08000287   Thumb Code     0  __rtentry2.o(.ARM.Collect$$rtentry$$0000000D)
    __rt_entry_postli_1                      0x08000287   Thumb Code     0  __rtentry2.o(.ARM.Collect$$rtentry$$0000000C)
    __rt_exit                                0x0800028f   Thumb Code     0  rtexit.o(.ARM.Collect$$rtexit$$00000000)
    __rt_exit_ls                             0x08000291   Thumb Code     0  rtexit2.o(.ARM.Collect$$rtexit$$00000003)
    __rt_exit_prels_1                        0x08000291   Thumb Code     0  rtexit2.o(.ARM.Collect$$rtexit$$00000002)
    __rt_exit_exit                           0x08000295   Thumb Code     0  rtexit2.o(.ARM.Collect$$rtexit$$00000004)
    Reset_Handler                            0x0800029d   Thumb Code     8  startup_stm32f767xx.o(.text)
    NMI_Handler                              0x080002a5   Thumb Code     2  startup_stm32f767xx.o(.text)
    HardFault_Handler                        0x080002a7   Thumb Code     2  startup_stm32f767xx.o(.text)
    MemManage_Handler                        0x080002a9   Thumb Code     2  startup_stm32f767xx.o(.text)
    BusFault_Handler                         0x080002ab   Thumb Code     2  startup_stm32f767xx.o(.text)
    UsageFault_Handler                       0x080002ad   Thumb Code     2  startup_stm32f767xx.o(.text)
    SVC_Handler                              0x080002af   Thumb Code     2  startup_stm32f767xx.o(.text)
    DebugMon_Handler                         0x080002b1   Thumb Code     2  startup_stm32f767xx.o(.text)
    PendSV_Handler                           0x080002b3   Thumb Code     2  startup_stm32f767xx.o(.text)
    SysTick_Handler                          0x080002b5   Thumb Code     2  startup_stm32f767xx.o(.text)
    ADC_IRQHandler                           0x080002b7   Thumb Code     0  startup_stm32f767xx.o(.text)
    CAN1_RX0_IRQHandler                      0x080002b7   Thumb Code     0  startup_stm32f767xx.o(.text)
    CAN1_RX1_IRQHandler                      0x080002b7   Thumb Code     0  startup_stm32f767xx.o(.text)
    CAN1_SCE_IRQHandler                      0x080002b7   Thumb Code     0  startup_stm32f767xx.o(.text)
    CAN1_TX_IRQHandler                       0x080002b7   Thumb Code     0  startup_stm32f767xx.o(.text)
    CAN2_RX0_IRQHandler                      0x080002b7   Thumb Code     0  startup_stm32f767xx.o(.text)
    CAN2_RX1_IRQHandler                      0x080002b7   Thumb Code     0  startup_stm32f767xx.o(.text)
    CAN2_SCE_IRQHandler                      0x080002b7   Thumb Code     0  startup_stm32f767xx.o(.text)
    CAN2_TX_IRQHandler                       0x080002b7   Thumb Code     0  startup_stm32f767xx.o(.text)
    CAN3_RX0_IRQHandler                      0x080002b7   Thumb Code     0  startup_stm32f767xx.o(.text)
    CAN3_RX1_IRQHandler                      0x080002b7   Thumb Code     0  startup_stm32f767xx.o(.text)
    CAN3_SCE_IRQHandler                      0x080002b7   Thumb Code     0  startup_stm32f767xx.o(.text)
    CAN3_TX_IRQHandler                       0x080002b7   Thumb Code     0  startup_stm32f767xx.o(.text)
    CEC_IRQHandler                           0x080002b7   Thumb Code     0  startup_stm32f767xx.o(.text)
    DCMI_IRQHandler                          0x080002b7   Thumb Code     0  startup_stm32f767xx.o(.text)
    DFSDM1_FLT0_IRQHandler                   0x080002b7   Thumb Code     0  startup_stm32f767xx.o(.text)
    DFSDM1_FLT1_IRQHandler                   0x080002b7   Thumb Code     0  startup_stm32f767xx.o(.text)
    DFSDM1_FLT2_IRQHandler                   0x080002b7   Thumb Code     0  startup_stm32f767xx.o(.text)
    DFSDM1_FLT3_IRQHandler                   0x080002b7   Thumb Code     0  startup_stm32f767xx.o(.text)
    DMA1_Stream0_IRQHandler                  0x080002b7   Thumb Code     0  startup_stm32f767xx.o(.text)
    DMA1_Stream1_IRQHandler                  0x080002b7   Thumb Code     0  startup_stm32f767xx.o(.text)
    DMA1_Stream2_IRQHandler                  0x080002b7   Thumb Code     0  startup_stm32f767xx.o(.text)
    DMA1_Stream3_IRQHandler                  0x080002b7   Thumb Code     0  startup_stm32f767xx.o(.text)
    DMA1_Stream4_IRQHandler                  0x080002b7   Thumb Code     0  startup_stm32f767xx.o(.text)
    DMA1_Stream5_IRQHandler                  0x080002b7   Thumb Code     0  startup_stm32f767xx.o(.text)
    DMA1_Stream6_IRQHandler                  0x080002b7   Thumb Code     0  startup_stm32f767xx.o(.text)
    DMA1_Stream7_IRQHandler                  0x080002b7   Thumb Code     0  startup_stm32f767xx.o(.text)
    DMA2D_IRQHandler                         0x080002b7   Thumb Code     0  startup_stm32f767xx.o(.text)
    DMA2_Stream0_IRQHandler                  0x080002b7   Thumb Code     0  startup_stm32f767xx.o(.text)
    DMA2_Stream1_IRQHandler                  0x080002b7   Thumb Code     0  startup_stm32f767xx.o(.text)
    DMA2_Stream2_IRQHandler                  0x080002b7   Thumb Code     0  startup_stm32f767xx.o(.text)
    DMA2_Stream3_IRQHandler                  0x080002b7   Thumb Code     0  startup_stm32f767xx.o(.text)
    DMA2_Stream4_IRQHandler                  0x080002b7   Thumb Code     0  startup_stm32f767xx.o(.text)
    DMA2_Stream5_IRQHandler                  0x080002b7   Thumb Code     0  startup_stm32f767xx.o(.text)
    DMA2_Stream6_IRQHandler                  0x080002b7   Thumb Code     0  startup_stm32f767xx.o(.text)
    DMA2_Stream7_IRQHandler                  0x080002b7   Thumb Code     0  startup_stm32f767xx.o(.text)
    ETH_IRQHandler                           0x080002b7   Thumb Code     0  startup_stm32f767xx.o(.text)
    ETH_WKUP_IRQHandler                      0x080002b7   Thumb Code     0  startup_stm32f767xx.o(.text)
    EXTI4_IRQHandler                         0x080002b7   Thumb Code     0  startup_stm32f767xx.o(.text)
    EXTI9_5_IRQHandler                       0x080002b7   Thumb Code     0  startup_stm32f767xx.o(.text)
    FLASH_IRQHandler                         0x080002b7   Thumb Code     0  startup_stm32f767xx.o(.text)
    FMC_IRQHandler                           0x080002b7   Thumb Code     0  startup_stm32f767xx.o(.text)
    FPU_IRQHandler                           0x080002b7   Thumb Code     0  startup_stm32f767xx.o(.text)
    I2C1_ER_IRQHandler                       0x080002b7   Thumb Code     0  startup_stm32f767xx.o(.text)
    I2C1_EV_IRQHandler                       0x080002b7   Thumb Code     0  startup_stm32f767xx.o(.text)
    I2C2_ER_IRQHandler                       0x080002b7   Thumb Code     0  startup_stm32f767xx.o(.text)
    I2C2_EV_IRQHandler                       0x080002b7   Thumb Code     0  startup_stm32f767xx.o(.text)
    I2C3_ER_IRQHandler                       0x080002b7   Thumb Code     0  startup_stm32f767xx.o(.text)
    I2C3_EV_IRQHandler                       0x080002b7   Thumb Code     0  startup_stm32f767xx.o(.text)
    I2C4_ER_IRQHandler                       0x080002b7   Thumb Code     0  startup_stm32f767xx.o(.text)
    I2C4_EV_IRQHandler                       0x080002b7   Thumb Code     0  startup_stm32f767xx.o(.text)
    JPEG_IRQHandler                          0x080002b7   Thumb Code     0  startup_stm32f767xx.o(.text)
    LPTIM1_IRQHandler                        0x080002b7   Thumb Code     0  startup_stm32f767xx.o(.text)
    LTDC_ER_IRQHandler                       0x080002b7   Thumb Code     0  startup_stm32f767xx.o(.text)
    LTDC_IRQHandler                          0x080002b7   Thumb Code     0  startup_stm32f767xx.o(.text)
    MDIOS_IRQHandler                         0x080002b7   Thumb Code     0  startup_stm32f767xx.o(.text)
    OTG_FS_IRQHandler                        0x080002b7   Thumb Code     0  startup_stm32f767xx.o(.text)
    OTG_FS_WKUP_IRQHandler                   0x080002b7   Thumb Code     0  startup_stm32f767xx.o(.text)
    OTG_HS_EP1_IN_IRQHandler                 0x080002b7   Thumb Code     0  startup_stm32f767xx.o(.text)
    OTG_HS_EP1_OUT_IRQHandler                0x080002b7   Thumb Code     0  startup_stm32f767xx.o(.text)
    OTG_HS_IRQHandler                        0x080002b7   Thumb Code     0  startup_stm32f767xx.o(.text)
    OTG_HS_WKUP_IRQHandler                   0x080002b7   Thumb Code     0  startup_stm32f767xx.o(.text)
    PVD_IRQHandler                           0x080002b7   Thumb Code     0  startup_stm32f767xx.o(.text)
    QUADSPI_IRQHandler                       0x080002b7   Thumb Code     0  startup_stm32f767xx.o(.text)
    RCC_IRQHandler                           0x080002b7   Thumb Code     0  startup_stm32f767xx.o(.text)
    RNG_IRQHandler                           0x080002b7   Thumb Code     0  startup_stm32f767xx.o(.text)
    RTC_Alarm_IRQHandler                     0x080002b7   Thumb Code     0  startup_stm32f767xx.o(.text)
    RTC_WKUP_IRQHandler                      0x080002b7   Thumb Code     0  startup_stm32f767xx.o(.text)
    SAI1_IRQHandler                          0x080002b7   Thumb Code     0  startup_stm32f767xx.o(.text)
    SAI2_IRQHandler                          0x080002b7   Thumb Code     0  startup_stm32f767xx.o(.text)
    SDMMC1_IRQHandler                        0x080002b7   Thumb Code     0  startup_stm32f767xx.o(.text)
    SDMMC2_IRQHandler                        0x080002b7   Thumb Code     0  startup_stm32f767xx.o(.text)
    SPDIF_RX_IRQHandler                      0x080002b7   Thumb Code     0  startup_stm32f767xx.o(.text)
    SPI1_IRQHandler                          0x080002b7   Thumb Code     0  startup_stm32f767xx.o(.text)
    SPI2_IRQHandler                          0x080002b7   Thumb Code     0  startup_stm32f767xx.o(.text)
    SPI3_IRQHandler                          0x080002b7   Thumb Code     0  startup_stm32f767xx.o(.text)
    SPI4_IRQHandler                          0x080002b7   Thumb Code     0  startup_stm32f767xx.o(.text)
    SPI5_IRQHandler                          0x080002b7   Thumb Code     0  startup_stm32f767xx.o(.text)
    SPI6_IRQHandler                          0x080002b7   Thumb Code     0  startup_stm32f767xx.o(.text)
    TAMP_STAMP_IRQHandler                    0x080002b7   Thumb Code     0  startup_stm32f767xx.o(.text)
    TIM1_BRK_TIM9_IRQHandler                 0x080002b7   Thumb Code     0  startup_stm32f767xx.o(.text)
    TIM1_CC_IRQHandler                       0x080002b7   Thumb Code     0  startup_stm32f767xx.o(.text)
    TIM1_TRG_COM_TIM11_IRQHandler            0x080002b7   Thumb Code     0  startup_stm32f767xx.o(.text)
    TIM1_UP_TIM10_IRQHandler                 0x080002b7   Thumb Code     0  startup_stm32f767xx.o(.text)
    TIM2_IRQHandler                          0x080002b7   Thumb Code     0  startup_stm32f767xx.o(.text)
    TIM3_IRQHandler                          0x080002b7   Thumb Code     0  startup_stm32f767xx.o(.text)
    TIM4_IRQHandler                          0x080002b7   Thumb Code     0  startup_stm32f767xx.o(.text)
    TIM5_IRQHandler                          0x080002b7   Thumb Code     0  startup_stm32f767xx.o(.text)
    TIM6_DAC_IRQHandler                      0x080002b7   Thumb Code     0  startup_stm32f767xx.o(.text)
    TIM7_IRQHandler                          0x080002b7   Thumb Code     0  startup_stm32f767xx.o(.text)
    TIM8_BRK_TIM12_IRQHandler                0x080002b7   Thumb Code     0  startup_stm32f767xx.o(.text)
    TIM8_CC_IRQHandler                       0x080002b7   Thumb Code     0  startup_stm32f767xx.o(.text)
    TIM8_TRG_COM_TIM14_IRQHandler            0x080002b7   Thumb Code     0  startup_stm32f767xx.o(.text)
    TIM8_UP_TIM13_IRQHandler                 0x080002b7   Thumb Code     0  startup_stm32f767xx.o(.text)
    UART4_IRQHandler                         0x080002b7   Thumb Code     0  startup_stm32f767xx.o(.text)
    UART5_IRQHandler                         0x080002b7   Thumb Code     0  startup_stm32f767xx.o(.text)
    UART7_IRQHandler                         0x080002b7   Thumb Code     0  startup_stm32f767xx.o(.text)
    UART8_IRQHandler                         0x080002b7   Thumb Code     0  startup_stm32f767xx.o(.text)
    WWDG_IRQHandler                          0x080002b7   Thumb Code     0  startup_stm32f767xx.o(.text)
    __user_initial_stackheap                 0x080002b9   Thumb Code     0  startup_stm32f767xx.o(.text)
    strlen                                   0x080002dd   Thumb Code    62  strlen.o(.text)
    strncpy                                  0x0800031b   Thumb Code    86  strncpy.o(.text)
    __use_two_region_memory                  0x08000371   Thumb Code     2  heapauxi.o(.text)
    __rt_heap_escrow$2region                 0x08000373   Thumb Code     2  heapauxi.o(.text)
    __rt_heap_expand$2region                 0x08000375   Thumb Code     2  heapauxi.o(.text)
    __cpp_initialize__aeabi_                 0x08000379   Thumb Code    28  init_aeabi.o(.text)
    __aeabi_memclr                           0x0800039d   Thumb Code     0  rt_memclr.o(.text)
    __rt_memclr                              0x0800039d   Thumb Code     0  rt_memclr.o(.text)
    _memset                                  0x080003a1   Thumb Code    64  rt_memclr.o(.text)
    __aeabi_memclr4                          0x080003e1   Thumb Code     0  rt_memclr_w.o(.text)
    __aeabi_memclr8                          0x080003e1   Thumb Code     0  rt_memclr_w.o(.text)
    __rt_memclr_w                            0x080003e1   Thumb Code     0  rt_memclr_w.o(.text)
    _memset_w                                0x080003e5   Thumb Code    74  rt_memclr_w.o(.text)
    __user_setup_stackheap                   0x0800042f   Thumb Code    74  sys_stackheap_outer.o(.text)
    exit                                     0x08000479   Thumb Code    18  exit.o(.text)
    __user_libspace                          0x0800048d   Thumb Code     8  libspace.o(.text)
    __user_perproc_libspace                  0x0800048d   Thumb Code     0  libspace.o(.text)
    __user_perthread_libspace                0x0800048d   Thumb Code     0  libspace.o(.text)
    __I$use$semihosting                      0x08000495   Thumb Code     0  use_no_semi.o(.text)
    __use_no_semihosting_swi                 0x08000495   Thumb Code     2  use_no_semi.o(.text)
    __semihosting_library_function           0x08000497   Thumb Code     0  indicate_semi.o(.text)
    _sys_exit                                0x08000499   Thumb Code     8  sys_exit.o(.text)
    EXTI0_IRQHandler                         0x080004a9   Thumb Code   152  lab 3.o(.text.EXTI0_IRQHandler)
    EXTI15_10_IRQHandler                     0x08000541   Thumb Code   148  lab 3.o(.text.EXTI15_10_IRQHandler)
    EXTI1_IRQHandler                         0x080005d9   Thumb Code   154  lab 3.o(.text.EXTI1_IRQHandler)
    EXTI2_IRQHandler                         0x08000679   Thumb Code   154  lab 3.o(.text.EXTI2_IRQHandler)
    EXTI3_IRQHandler                         0x08000719   Thumb Code   154  lab 3.o(.text.EXTI3_IRQHandler)
    SystemInit                               0x080007b9   Thumb Code    18  system_stm32f7xx.o(.text.SystemInit)
    USART1_IRQHandler                        0x080007d1   Thumb Code   124  lab 3.o(.text.USART1_IRQHandler)
    USART2_IRQHandler                        0x08000851   Thumb Code   124  lab 3.o(.text.USART2_IRQHandler)
    USART3_IRQHandler                        0x080008d1   Thumb Code   124  lab 3.o(.text.USART3_IRQHandler)
    USART6_IRQHandler                        0x08000951   Thumb Code   124  lab 3.o(.text.USART6_IRQHandler)
    config_LCD()                             0x080009e1   Thumb Code    80  lab 3.o(.text._Z10config_LCDv)
    SysTick_Init()                           0x08000a31   Thumb Code    28  lab 3.o(.text._Z12SysTick_Initv)
    SysTick_Wait(unsigned int)               0x08000a51   Thumb Code    56  lab 3.o(.text._Z12SysTick_Waitj)
    config_USART(int, char, int, float, unsigned int) 0x08000a89   Thumb Code  1758  lab 3.o(.text._Z12config_USARTicifj)
    config_TMatriz()                         0x08001169   Thumb Code   222  lab 3.o(.text._Z14config_TMatrizv)
    SysTick_Wait1ms(unsigned int)            0x08001249   Thumb Code    44  lab 3.o(.text._Z15SysTick_Wait1msj)
    SysTick_Wait1us(unsigned int)            0x08001279   Thumb Code    42  lab 3.o(.text._Z15SysTick_Wait1usj)
    USART3_SendChar(int)                     0x080012a9   Thumb Code    44  lab 3.o(.text._Z15USART3_SendChari)
    USART6_SendChar(int)                     0x080012d9   Thumb Code    44  lab 3.o(.text._Z15USART6_SendChari)
    USART3_SendChain(char*)                  0x08001309   Thumb Code   104  lab 3.o(.text._Z16USART3_SendChainPc)
    USART6_SendChain(char*)                  0x08001371   Thumb Code   104  lab 3.o(.text._Z16USART6_SendChainPc)
    LCD_W(char)                              0x080013d9   Thumb Code    64  lab 3.o(.text._Z5LCD_Wc)
    LCD_COM(char)                            0x08001419   Thumb Code    66  lab 3.o(.text._Z7LCD_COMc)
    main                                     0x08001509   Thumb Code  1178  lab 3.o(.text.main)
    _fp_init                                 0x080019a3   Thumb Code    26  fpinit.o(x$fpl$fpinit)
    __fplib_config_fpu_vfp                   0x080019bb   Thumb Code     0  fpinit.o(x$fpl$fpinit)
    __fplib_config_pureend_doubles           0x080019bb   Thumb Code     0  fpinit.o(x$fpl$fpinit)
    Region$$Table$$Base                      0x080019bc   Number         0  anon$$obj.o(Region$$Table)
    Region$$Table$$Limit                     0x080019dc   Number         0  anon$$obj.o(Region$$Table)
    SHT$$INIT_ARRAY$$Base                    0x080019dc   Number         0  lab 3.o(.init_array)
    SHT$$INIT_ARRAY$$Limit                   0x080019e0   Number         0  init_aeabi.o(.init_array)
    LCD_Mode                                 0x20020000   Data           1  lab 3.o(.data.LCD_Mode)
    LCD_ON                                   0x20020001   Data           1  lab 3.o(.data.LCD_ON)
    clean                                    0x20020002   Data           1  lab 3.o(.data.clean)
    home                                     0x20020003   Data           1  lab 3.o(.data.home)
    matriz                                   0x20020004   Data          16  lab 3.o(.data.matriz)
    set                                      0x20020014   Data           1  lab 3.o(.data.set)
    __libspace_start                         0x20020018   Data          96  libspace.o(.bss)
    BAUDRATE                                 0x20020078   Data           4  lab 3.o(.bss.BAUDRATE)
    __temporary_stack_top$libspace           0x20020078   Data           0  libspace.o(.bss)
    LCD_pos                                  0x2002007c   Data           1  lab 3.o(.bss.LCD_pos)
    LINE1                                    0x2002007d   Data           1  lab 3.o(.bss.LINE1)
    LINE2                                    0x2002007e   Data           1  lab 3.o(.bss.LINE2)
    Over8                                    0x20020080   Data           4  lab 3.o(.bss.Over8)
    bitsp                                    0x20020084   Data           4  lab 3.o(.bss.bitsp)
    cadena                                   0x20020088   Data          32  lab 3.o(.bss.cadena)
    count                                    0x200200a8   Data           4  lab 3.o(.bss.count)
    data                                     0x200200ac   Data           1  lab 3.o(.bss.data)
    en                                       0x200200b0   Data           4  lab 3.o(.bss.en)
    i                                        0x200200b4   Data           4  lab 3.o(.bss.i)
    j                                        0x200200b8   Data           4  lab 3.o(.bss.j)
    k                                        0x200200bc   Data           4  lab 3.o(.bss.k)
    l                                        0x200200c0   Data           4  lab 3.o(.bss.l)
    m                                        0x200200c4   Data           4  lab 3.o(.bss.m)
    mensaje                                  0x200200c8   Data          32  lab 3.o(.bss.mensaje)
    p                                        0x200200e8   Data           4  lab 3.o(.bss.p)
    pos                                      0x200200ec   Data           4  lab 3.o(.bss.pos)
    reset                                    0x200200f0   Data           4  lab 3.o(.bss.reset)
    tecla                                    0x200200f4   Data           1  lab 3.o(.bss.tecla)
    tx                                       0x200200f5   Data          32  lab 3.o(.bss.tx)
    txi                                      0x20020118   Data           4  lab 3.o(.bss.txi)



==============================================================================

Memory Map of the image

  Image Entry point : 0x0800029d

  Load Region LR_1 (Base: 0x08000000, Size: 0x000019f8, Max: 0xffffffff, ABSOLUTE)

    Execution Region ER_RO (Exec base: 0x08000000, Load base: 0x08000000, Size: 0x000019e0, Max: 0xffffffff, ABSOLUTE)

    Exec Addr    Load Addr    Size         Type   Attr      Idx    E Section Name        Object

    0x08000000   0x08000000   0x000001f8   Data   RO          106    RESET               startup_stm32f767xx.o
    0x080001f8   0x080001f8   0x00000008   Code   RO          135  * !!!main             c_w.l(__main.o)
    0x08000200   0x08000200   0x00000034   Code   RO          314    !!!scatter          c_w.l(__scatter.o)
    0x08000234   0x08000234   0x0000001a   Code   RO          316    !!handler_copy      c_w.l(__scatter_copy.o)
    0x0800024e   0x0800024e   0x00000002   PAD
    0x08000250   0x08000250   0x0000001c   Code   RO          318    !!handler_zi        c_w.l(__scatter_zi.o)
    0x0800026c   0x0800026c   0x00000002   Code   RO          231    .ARM.Collect$$libinit$$00000000  c_w.l(libinit.o)
    0x0800026e   0x0800026e   0x00000004   Code   RO          146    .ARM.Collect$$libinit$$00000001  c_w.l(libinit2.o)
    0x08000272   0x08000272   0x00000000   Code   RO          149    .ARM.Collect$$libinit$$00000004  c_w.l(libinit2.o)
    0x08000272   0x08000272   0x00000000   Code   RO          151    .ARM.Collect$$libinit$$00000006  c_w.l(libinit2.o)
    0x08000272   0x08000272   0x00000000   Code   RO          154    .ARM.Collect$$libinit$$0000000C  c_w.l(libinit2.o)
    0x08000272   0x08000272   0x00000000   Code   RO          156    .ARM.Collect$$libinit$$0000000E  c_w.l(libinit2.o)
    0x08000272   0x08000272   0x00000000   Code   RO          158    .ARM.Collect$$libinit$$00000010  c_w.l(libinit2.o)
    0x08000272   0x08000272   0x00000000   Code   RO          161    .ARM.Collect$$libinit$$00000013  c_w.l(libinit2.o)
    0x08000272   0x08000272   0x00000000   Code   RO          163    .ARM.Collect$$libinit$$00000015  c_w.l(libinit2.o)
    0x08000272   0x08000272   0x00000000   Code   RO          165    .ARM.Collect$$libinit$$00000017  c_w.l(libinit2.o)
    0x08000272   0x08000272   0x00000000   Code   RO          167    .ARM.Collect$$libinit$$00000019  c_w.l(libinit2.o)
    0x08000272   0x08000272   0x00000000   Code   RO          169    .ARM.Collect$$libinit$$0000001B  c_w.l(libinit2.o)
    0x08000272   0x08000272   0x00000000   Code   RO          171    .ARM.Collect$$libinit$$0000001D  c_w.l(libinit2.o)
    0x08000272   0x08000272   0x00000000   Code   RO          173    .ARM.Collect$$libinit$$0000001F  c_w.l(libinit2.o)
    0x08000272   0x08000272   0x00000000   Code   RO          175    .ARM.Collect$$libinit$$00000021  c_w.l(libinit2.o)
    0x08000272   0x08000272   0x00000000   Code   RO          177    .ARM.Collect$$libinit$$00000023  c_w.l(libinit2.o)
    0x08000272   0x08000272   0x00000000   Code   RO          179    .ARM.Collect$$libinit$$00000025  c_w.l(libinit2.o)
    0x08000272   0x08000272   0x00000000   Code   RO          181    .ARM.Collect$$libinit$$00000027  c_w.l(libinit2.o)
    0x08000272   0x08000272   0x00000000   Code   RO          185    .ARM.Collect$$libinit$$0000002E  c_w.l(libinit2.o)
    0x08000272   0x08000272   0x00000000   Code   RO          187    .ARM.Collect$$libinit$$00000030  c_w.l(libinit2.o)
    0x08000272   0x08000272   0x00000000   Code   RO          189    .ARM.Collect$$libinit$$00000032  c_w.l(libinit2.o)
    0x08000272   0x08000272   0x00000004   Code   RO          190    .ARM.Collect$$libinit$$00000033  c_w.l(libinit2.o)
    0x08000276   0x08000276   0x00000000   Code   RO          191    .ARM.Collect$$libinit$$00000034  c_w.l(libinit2.o)
    0x08000276   0x08000276   0x00000002   Code   RO          192    .ARM.Collect$$libinit$$00000035  c_w.l(libinit2.o)
    0x08000278   0x08000278   0x00000002   Code   RO          273    .ARM.Collect$$libshutdown$$00000000  c_w.l(libshutdown.o)
    0x0800027a   0x0800027a   0x00000000   Code   RO          281    .ARM.Collect$$libshutdown$$00000002  c_w.l(libshutdown2.o)
    0x0800027a   0x0800027a   0x00000000   Code   RO          283    .ARM.Collect$$libshutdown$$00000004  c_w.l(libshutdown2.o)
    0x0800027a   0x0800027a   0x00000000   Code   RO          286    .ARM.Collect$$libshutdown$$00000007  c_w.l(libshutdown2.o)
    0x0800027a   0x0800027a   0x00000000   Code   RO          289    .ARM.Collect$$libshutdown$$0000000A  c_w.l(libshutdown2.o)
    0x0800027a   0x0800027a   0x00000000   Code   RO          291    .ARM.Collect$$libshutdown$$0000000C  c_w.l(libshutdown2.o)
    0x0800027a   0x0800027a   0x00000000   Code   RO          294    .ARM.Collect$$libshutdown$$0000000F  c_w.l(libshutdown2.o)
    0x0800027a   0x0800027a   0x00000002   Code   RO          295    .ARM.Collect$$libshutdown$$00000010  c_w.l(libshutdown2.o)
    0x0800027c   0x0800027c   0x00000000   Code   RO          143    .ARM.Collect$$rtentry$$00000000  c_w.l(__rtentry.o)
    0x0800027c   0x0800027c   0x00000000   Code   RO          198    .ARM.Collect$$rtentry$$00000002  c_w.l(__rtentry2.o)
    0x0800027c   0x0800027c   0x00000006   Code   RO          210    .ARM.Collect$$rtentry$$00000004  c_w.l(__rtentry4.o)
    0x08000282   0x08000282   0x00000000   Code   RO          200    .ARM.Collect$$rtentry$$00000009  c_w.l(__rtentry2.o)
    0x08000282   0x08000282   0x00000004   Code   RO          201    .ARM.Collect$$rtentry$$0000000A  c_w.l(__rtentry2.o)
    0x08000286   0x08000286   0x00000000   Code   RO          203    .ARM.Collect$$rtentry$$0000000C  c_w.l(__rtentry2.o)
    0x08000286   0x08000286   0x00000008   Code   RO          204    .ARM.Collect$$rtentry$$0000000D  c_w.l(__rtentry2.o)
    0x0800028e   0x0800028e   0x00000002   Code   RO          239    .ARM.Collect$$rtexit$$00000000  c_w.l(rtexit.o)
    0x08000290   0x08000290   0x00000000   Code   RO          251    .ARM.Collect$$rtexit$$00000002  c_w.l(rtexit2.o)
    0x08000290   0x08000290   0x00000004   Code   RO          252    .ARM.Collect$$rtexit$$00000003  c_w.l(rtexit2.o)
    0x08000294   0x08000294   0x00000006   Code   RO          253    .ARM.Collect$$rtexit$$00000004  c_w.l(rtexit2.o)
    0x0800029a   0x0800029a   0x00000002   PAD
    0x0800029c   0x0800029c   0x00000040   Code   RO          107  * .text               startup_stm32f767xx.o
    0x080002dc   0x080002dc   0x0000003e   Code   RO          129    .text               c_w.l(strlen.o)
    0x0800031a   0x0800031a   0x00000056   Code   RO          131    .text               c_w.l(strncpy.o)
    0x08000370   0x08000370   0x00000006   Code   RO          133    .text               c_w.l(heapauxi.o)
    0x08000376   0x08000376   0x00000002   PAD
    0x08000378   0x08000378   0x00000024   Code   RO          140    .text               c_w.l(init_aeabi.o)
    0x0800039c   0x0800039c   0x00000044   Code   RO          144    .text               c_w.l(rt_memclr.o)
    0x080003e0   0x080003e0   0x0000004e   Code   RO          212    .text               c_w.l(rt_memclr_w.o)
    0x0800042e   0x0800042e   0x0000004a   Code   RO          218    .text               c_w.l(sys_stackheap_outer.o)
    0x08000478   0x08000478   0x00000012   Code   RO          220    .text               c_w.l(exit.o)
    0x0800048a   0x0800048a   0x00000002   PAD
    0x0800048c   0x0800048c   0x00000008   Code   RO          236    .text               c_w.l(libspace.o)
    0x08000494   0x08000494   0x00000002   Code   RO          247    .text               c_w.l(use_no_semi.o)
    0x08000496   0x08000496   0x00000000   Code   RO          249    .text               c_w.l(indicate_semi.o)
    0x08000496   0x08000496   0x00000002   PAD
    0x08000498   0x08000498   0x0000000c   Code   RO          263    .text               c_w.l(sys_exit.o)
    0x080004a4   0x080004a4   0x00000004   PAD
    0x080004a8   0x080004a8   0x00000098   Code   RO           56    .text.EXTI0_IRQHandler  lab 3.o
    0x08000540   0x08000540   0x00000094   Code   RO           64    .text.EXTI15_10_IRQHandler  lab 3.o
    0x080005d4   0x080005d4   0x00000004   PAD
    0x080005d8   0x080005d8   0x0000009a   Code   RO           58    .text.EXTI1_IRQHandler  lab 3.o
    0x08000672   0x08000672   0x00000006   PAD
    0x08000678   0x08000678   0x0000009a   Code   RO           60    .text.EXTI2_IRQHandler  lab 3.o
    0x08000712   0x08000712   0x00000006   PAD
    0x08000718   0x08000718   0x0000009a   Code   RO           62    .text.EXTI3_IRQHandler  lab 3.o
    0x080007b2   0x080007b2   0x00000006   PAD
    0x080007b8   0x080007b8   0x00000012   Code   RO          114    .text.SystemInit    system_stm32f7xx.o
    0x080007ca   0x080007ca   0x00000006   PAD
    0x080007d0   0x080007d0   0x0000007c   Code   RO           48    .text.USART1_IRQHandler  lab 3.o
    0x0800084c   0x0800084c   0x00000004   PAD
    0x08000850   0x08000850   0x0000007c   Code   RO           50    .text.USART2_IRQHandler  lab 3.o
    0x080008cc   0x080008cc   0x00000004   PAD
    0x080008d0   0x080008d0   0x0000007c   Code   RO           52    .text.USART3_IRQHandler  lab 3.o
    0x0800094c   0x0800094c   0x00000004   PAD
    0x08000950   0x08000950   0x0000007c   Code   RO           54    .text.USART6_IRQHandler  lab 3.o
    0x080009cc   0x080009cc   0x00000004   PAD
    0x080009d0   0x080009d0   0x0000000c   Code   RO           66    .text._GLOBAL__sub_I_Lab_3.cpp  lab 3.o
    0x080009dc   0x080009dc   0x00000004   PAD
    0x080009e0   0x080009e0   0x00000050   Code   RO           22    .text._Z10config_LCDv  lab 3.o
    0x08000a30   0x08000a30   0x0000001c   Code   RO            2    .text._Z12SysTick_Initv  lab 3.o
    0x08000a4c   0x08000a4c   0x00000004   PAD
    0x08000a50   0x08000a50   0x00000038   Code   RO            4    .text._Z12SysTick_Waitj  lab 3.o
    0x08000a88   0x08000a88   0x000006de   Code   RO           28    .text._Z12config_USARTicifj  lab 3.o
    0x08001166   0x08001166   0x00000002   PAD
    0x08001168   0x08001168   0x000000de   Code   RO           12    .text._Z14config_TMatrizv  lab 3.o
    0x08001246   0x08001246   0x00000002   PAD
    0x08001248   0x08001248   0x0000002c   Code   RO            8    .text._Z15SysTick_Wait1msj  lab 3.o
    0x08001274   0x08001274   0x00000004   PAD
    0x08001278   0x08001278   0x0000002a   Code   RO           10    .text._Z15SysTick_Wait1usj  lab 3.o
    0x080012a2   0x080012a2   0x00000006   PAD
    0x080012a8   0x080012a8   0x0000002c   Code   RO           34    .text._Z15USART3_SendChari  lab 3.o
    0x080012d4   0x080012d4   0x00000004   PAD
    0x080012d8   0x080012d8   0x0000002c   Code   RO           36    .text._Z15USART6_SendChari  lab 3.o
    0x08001304   0x08001304   0x00000004   PAD
    0x08001308   0x08001308   0x00000068   Code   RO           42    .text._Z16USART3_SendChainPc  lab 3.o
    0x08001370   0x08001370   0x00000068   Code   RO           44    .text._Z16USART6_SendChainPc  lab 3.o
    0x080013d8   0x080013d8   0x00000040   Code   RO           26    .text._Z5LCD_Wc     lab 3.o
    0x08001418   0x08001418   0x00000042   Code   RO           24    .text._Z7LCD_COMc   lab 3.o
    0x0800145a   0x0800145a   0x00000006   PAD
    0x08001460   0x08001460   0x00000030   Code   RO           16    .text._ZL16__NVIC_EnableIRQ9IRQn_Type  lab 3.o
    0x08001490   0x08001490   0x00000042   Code   RO           14    .text._ZL18__NVIC_SetPriority9IRQn_Typej  lab 3.o
    0x080014d2   0x080014d2   0x00000006   PAD
    0x080014d8   0x080014d8   0x00000018   Code   RO           18    .text.__cxx_global_var_init  lab 3.o
    0x080014f0   0x080014f0   0x00000018   Code   RO           20    .text.__cxx_global_var_init.1  lab 3.o
    0x08001508   0x08001508   0x0000049a   Code   RO           46    .text.main          lab 3.o
    0x080019a2   0x080019a2   0x0000001a   Code   RO          216    x$fpl$fpinit        fz_wv.l(fpinit.o)
    0x080019bc   0x080019bc   0x00000020   Data   RO          313    Region$$Table       anon$$obj.o
    0x080019dc   0x080019dc   0x00000004   Data   RO           96    .init_array         lab 3.o
    0x080019e0   0x080019dc   0x00000000   Data   RO          138    .init_array         c_w.l(init_aeabi.o)


    Execution Region ER_RW (Exec base: 0x20020000, Load base: 0x080019e0, Size: 0x00000018, Max: 0xffffffff, ABSOLUTE)

    Exec Addr    Load Addr    Size         Type   Attr      Idx    E Section Name        Object

    0x20020000   0x080019e0   0x00000001   Data   RW           72    .data.LCD_Mode      lab 3.o
    0x20020001   0x080019e1   0x00000001   Data   RW           71    .data.LCD_ON        lab 3.o
    0x20020002   0x080019e2   0x00000001   Data   RW           68    .data.clean         lab 3.o
    0x20020003   0x080019e3   0x00000001   Data   RW           69    .data.home          lab 3.o
    0x20020004   0x080019e4   0x00000010   Data   RW           89    .data.matriz        lab 3.o
    0x20020014   0x080019f4   0x00000001   Data   RW           70    .data.set           lab 3.o


    Execution Region ER_ZI (Exec base: 0x20020018, Load base: 0x080019f8, Size: 0x00000708, Max: 0xffffffff, ABSOLUTE)

    Exec Addr    Load Addr    Size         Type   Attr      Idx    E Section Name        Object

    0x20020018        -       0x00000060   Zero   RW          237    .bss                c_w.l(libspace.o)
    0x20020078        -       0x00000004   Zero   RW           80    .bss.BAUDRATE       lab 3.o
    0x2002007c        -       0x00000001   Zero   RW           73    .bss.LCD_pos        lab 3.o
    0x2002007d        -       0x00000001   Zero   RW           74    .bss.LINE1          lab 3.o
    0x2002007e        -       0x00000001   Zero   RW           75    .bss.LINE2          lab 3.o
    0x2002007f   0x080019f8   0x00000001   PAD
    0x20020080        -       0x00000004   Zero   RW           76    .bss.Over8          lab 3.o
    0x20020084        -       0x00000004   Zero   RW           77    .bss.bitsp          lab 3.o
    0x20020088        -       0x00000020   Zero   RW           87    .bss.cadena         lab 3.o
    0x200200a8        -       0x00000004   Zero   RW           90    .bss.count          lab 3.o
    0x200200ac        -       0x00000001   Zero   RW           86    .bss.data           lab 3.o
    0x200200ad   0x080019f8   0x00000003   PAD
    0x200200b0        -       0x00000004   Zero   RW           83    .bss.en             lab 3.o
    0x200200b4        -       0x00000004   Zero   RW           84    .bss.i              lab 3.o
    0x200200b8        -       0x00000004   Zero   RW           85    .bss.j              lab 3.o
    0x200200bc        -       0x00000004   Zero   RW           93    .bss.k              lab 3.o
    0x200200c0        -       0x00000004   Zero   RW           88    .bss.l              lab 3.o
    0x200200c4        -       0x00000004   Zero   RW           95    .bss.m              lab 3.o
    0x200200c8        -       0x00000020   Zero   RW           91    .bss.mensaje        lab 3.o
    0x200200e8        -       0x00000004   Zero   RW           94    .bss.p              lab 3.o
    0x200200ec        -       0x00000004   Zero   RW           82    .bss.pos            lab 3.o
    0x200200f0        -       0x00000004   Zero   RW           81    .bss.reset          lab 3.o
    0x200200f4        -       0x00000001   Zero   RW           92    .bss.tecla          lab 3.o
    0x200200f5        -       0x00000020   Zero   RW           79    .bss.tx             lab 3.o
    0x20020115   0x080019f8   0x00000003   PAD
    0x20020118        -       0x00000004   Zero   RW           78    .bss.txi            lab 3.o
    0x2002011c   0x080019f8   0x00000004   PAD
    0x20020120        -       0x00000200   Zero   RW          105    HEAP                startup_stm32f767xx.o
    0x20020320        -       0x00000400   Zero   RW          104    STACK               startup_stm32f767xx.o


==============================================================================

Image component sizes


      Code (inc. data)   RO Data    RW Data    ZI Data      Debug   Object Name

      5266         16          4         21        157      16565   lab 3.o
        64         26        504          0       1536        880   startup_stm32f767xx.o
        18          0          0          0          0       3376   system_stm32f7xx.o

    ----------------------------------------------------------------------
      5434         42        540         24       1704      20821   Object Totals
         0          0         32          0          0          0   (incl. Generated)
        86          0          0          3         11          0   (incl. Padding)

    ----------------------------------------------------------------------

      Code (inc. data)   RO Data    RW Data    ZI Data      Debug   Library Member Name

         8          0          0          0          0         68   __main.o
         0          0          0          0          0          0   __rtentry.o
        12          0          0          0          0          0   __rtentry2.o
         6          0          0          0          0          0   __rtentry4.o
        52          8          0          0          0          0   __scatter.o
        26          0          0          0          0          0   __scatter_copy.o
        28          0          0          0          0          0   __scatter_zi.o
        18          0          0          0          0         80   exit.o
         6          0          0          0          0        152   heapauxi.o
         0          0          0          0          0          0   indicate_semi.o
        36          8          0          0          0         80   init_aeabi.o
         2          0          0          0          0          0   libinit.o
        10          0          0          0          0          0   libinit2.o
         2          0          0          0          0          0   libshutdown.o
         2          0          0          0          0          0   libshutdown2.o
         8          4          0          0         96         68   libspace.o
        68          0          0          0          0         68   rt_memclr.o
        78          0          0          0          0         80   rt_memclr_w.o
         2          0          0          0          0          0   rtexit.o
        10          0          0          0          0          0   rtexit2.o
        62          0          0          0          0         76   strlen.o
        86          0          0          0          0         76   strncpy.o
        12          4          0          0          0         68   sys_exit.o
        74          0          0          0          0         80   sys_stackheap_outer.o
         2          0          0          0          0         68   use_no_semi.o
        26          0          0          0          0        116   fpinit.o

    ----------------------------------------------------------------------
       650         28          0          0         96       1080   Library Totals
        14          4          0          0          0          0   (incl. Padding)

    ----------------------------------------------------------------------

      Code (inc. data)   RO Data    RW Data    ZI Data      Debug   Library Name

       610         24          0          0         96        964   c_w.l
        26          0          0          0          0        116   fz_wv.l

    ----------------------------------------------------------------------
       650         28          0          0         96       1080   Library Totals

    ----------------------------------------------------------------------

==============================================================================


      Code (inc. data)   RO Data    RW Data    ZI Data      Debug   

      6084         70        540         24       1800      21465   Grand Totals
      6084         70        540         24       1800      21465   ELF Image Totals
      6084         70        540         24          0          0   ROM Totals

==============================================================================

    Total RO  Size (Code + RO Data)                 6624 (   6.47kB)
    Total RW  Size (RW Data + ZI Data)              1824 (   1.78kB)
    Total ROM Size (Code + RO Data + RW Data)       6648 (   6.49kB)

==============================================================================

