Component: Arm Compiler for Embedded 6.19 Tool: armlink [5e73cb00]

==============================================================================

Section Cross References

    lab final.o(.ARM.exidx.text._Z12SysTick_Initv) refers to lab final.o(.text._Z12SysTick_Initv) for [Anonymous Symbol]
    lab final.o(.ARM.exidx.text._Z12SysTick_Waitj) refers to lab final.o(.text._Z12SysTick_Waitj) for [Anonymous Symbol]
    lab final.o(.text._Z14SysTick_Wait1sj) refers to lab final.o(.text._Z12SysTick_Waitj) for SysTick_Wait(unsigned int)
    lab final.o(.ARM.exidx.text._Z14SysTick_Wait1sj) refers to lab final.o(.text._Z14SysTick_Wait1sj) for [Anonymous Symbol]
    lab final.o(.text._Z15SysTick_Wait1msj) refers to lab final.o(.text._Z12SysTick_Waitj) for SysTick_Wait(unsigned int)
    lab final.o(.ARM.exidx.text._Z15SysTick_Wait1msj) refers to lab final.o(.text._Z15SysTick_Wait1msj) for [Anonymous Symbol]
    lab final.o(.text._Z15SysTick_Wait1usj) refers to lab final.o(.text._Z12SysTick_Waitj) for SysTick_Wait(unsigned int)
    lab final.o(.ARM.exidx.text._Z15SysTick_Wait1usj) refers to lab final.o(.text._Z15SysTick_Wait1usj) for [Anonymous Symbol]
    lab final.o(.text.__cxx_global_var_init) refers to lab final.o(.bss.LCD_pos) for LCD_pos
    lab final.o(.text.__cxx_global_var_init) refers to lab final.o(.bss.LINE1) for LINE1
    lab final.o(.ARM.exidx.text.__cxx_global_var_init) refers to lab final.o(.text.__cxx_global_var_init) for [Anonymous Symbol]
    lab final.o(.text.__cxx_global_var_init.1) refers to lab final.o(.bss.LCD_pos) for LCD_pos
    lab final.o(.text.__cxx_global_var_init.1) refers to lab final.o(.bss.LINE2) for LINE2
    lab final.o(.ARM.exidx.text.__cxx_global_var_init.1) refers to lab final.o(.text.__cxx_global_var_init.1) for [Anonymous Symbol]
    lab final.o(.ARM.exidx.text._Z10config_LCDv) refers to lab final.o(.text._Z10config_LCDv) for [Anonymous Symbol]
    lab final.o(.text._Z7LCD_COMc) refers to lab final.o(.text._Z12SysTick_Initv) for SysTick_Init()
    lab final.o(.text._Z7LCD_COMc) refers to lab final.o(.text._Z15SysTick_Wait1usj) for SysTick_Wait1us(unsigned int)
    lab final.o(.ARM.exidx.text._Z7LCD_COMc) refers to lab final.o(.text._Z7LCD_COMc) for [Anonymous Symbol]
    lab final.o(.text._Z5LCD_Wc) refers to lab final.o(.text._Z12SysTick_Initv) for SysTick_Init()
    lab final.o(.text._Z5LCD_Wc) refers to lab final.o(.text._Z15SysTick_Wait1usj) for SysTick_Wait1us(unsigned int)
    lab final.o(.ARM.exidx.text._Z5LCD_Wc) refers to lab final.o(.text._Z5LCD_Wc) for [Anonymous Symbol]
    lab final.o(.text._Z14config_TMatrizv) refers to lab final.o(.text._ZL18__NVIC_SetPriority9IRQn_Typej) for __NVIC_SetPriority(IRQn_Type, unsigned int)
    lab final.o(.text._Z14config_TMatrizv) refers to lab final.o(.text._ZL16__NVIC_EnableIRQ9IRQn_Type) for __NVIC_EnableIRQ(IRQn_Type)
    lab final.o(.ARM.exidx.text._Z14config_TMatrizv) refers to lab final.o(.text._Z14config_TMatrizv) for [Anonymous Symbol]
    lab final.o(.ARM.exidx.text._ZL18__NVIC_SetPriority9IRQn_Typej) refers to lab final.o(.text._ZL18__NVIC_SetPriority9IRQn_Typej) for [Anonymous Symbol]
    lab final.o(.ARM.exidx.text._ZL16__NVIC_EnableIRQ9IRQn_Type) refers to lab final.o(.text._ZL16__NVIC_EnableIRQ9IRQn_Type) for [Anonymous Symbol]
    lab final.o(.ARM.exidx.text._Z13Config_Timer4v) refers to lab final.o(.text._Z13Config_Timer4v) for [Anonymous Symbol]
    lab final.o(.ARM.exidx.text._Z13Config_Timer3v) refers to lab final.o(.text._Z13Config_Timer3v) for [Anonymous Symbol]
    lab final.o(.ARM.exidx.text._Z13Config_Timer5v) refers to lab final.o(.text._Z13Config_Timer5v) for [Anonymous Symbol]
    lab final.o(.ARM.exidx.text._Z11Config_GPIOv) refers to lab final.o(.text._Z11Config_GPIOv) for [Anonymous Symbol]
    lab final.o(.text.main) refers to lab final.o(.text._Z12SysTick_Initv) for SysTick_Init()
    lab final.o(.text.main) refers to lab final.o(.text._Z10config_LCDv) for config_LCD()
    lab final.o(.text.main) refers to lab final.o(.text._Z11Config_GPIOv) for Config_GPIO()
    lab final.o(.text.main) refers to lab final.o(.text._Z14config_TMatrizv) for config_TMatriz()
    lab final.o(.text.main) refers to lab final.o(.text._Z13Config_Timer4v) for Config_Timer4()
    lab final.o(.text.main) refers to lab final.o(.text._Z13Config_Timer3v) for Config_Timer3()
    lab final.o(.text.main) refers to lab final.o(.text._Z13Config_Timer5v) for Config_Timer5()
    lab final.o(.text.main) refers to lab final.o(.bss.claveF) for claveF
    lab final.o(.text.main) refers to lab final.o(.bss.tecla) for tecla
    lab final.o(.text.main) refers to lab final.o(.bss.cambio) for cambio
    lab final.o(.text.main) refers to lab final.o(.bss.reset) for reset
    lab final.o(.text.main) refers to lab final.o(.bss.k) for k
    lab final.o(.text.main) refers to lab final.o(.bss.claveIn) for claveIn
    lab final.o(.text.main) refers to lab final.o(.bss.error) for error
    lab final.o(.text.main) refers to lab final.o(.bss.open) for open
    lab final.o(.text.main) refers to lab final.o(.data.clean) for clean
    lab final.o(.text.main) refers to lab final.o(.text._Z7LCD_COMc) for LCD_COM(char)
    lab final.o(.text.main) refers to lab final.o(.data.home) for home
    lab final.o(.text.main) refers to lab final.o(.data.set) for set
    lab final.o(.text.main) refers to lab final.o(.data.LCD_ON) for LCD_ON
    lab final.o(.text.main) refers to lab final.o(.data.LCD_Mode) for LCD_Mode
    lab final.o(.text.main) refers to lab final.o(.bss.LINE1) for LINE1
    lab final.o(.text.main) refers to lab final.o(.bss.i) for i
    lab final.o(.text.main) refers to lab final.o(.text._Z5LCD_Wc) for LCD_W(char)
    lab final.o(.text.main) refers to lab final.o(.bss.LINE2) for LINE2
    lab final.o(.text.main) refers to lab final.o(.bss.count) for count
    lab final.o(.text.main) refers to lab final.o(.text._Z15SysTick_Wait1msj) for SysTick_Wait1ms(unsigned int)
    lab final.o(.ARM.exidx.text.main) refers to lab final.o(.text.main) for [Anonymous Symbol]
    lab final.o(.text.EXTI0_IRQHandler) refers to lab final.o(.bss.count) for count
    lab final.o(.text.EXTI0_IRQHandler) refers to lab final.o(.data.matriz) for matriz
    lab final.o(.text.EXTI0_IRQHandler) refers to lab final.o(.bss.tecla) for tecla
    lab final.o(.text.EXTI0_IRQHandler) refers to lab final.o(.bss.k) for k
    lab final.o(.text.EXTI0_IRQHandler) refers to lab final.o(.bss.claveIn) for claveIn
    lab final.o(.text.EXTI0_IRQHandler) refers to lab final.o(.text._Z5LCD_Wc) for LCD_W(char)
    lab final.o(.text.EXTI0_IRQHandler) refers to lab final.o(.text._Z15SysTick_Wait1msj) for SysTick_Wait1ms(unsigned int)
    lab final.o(.ARM.exidx.text.EXTI0_IRQHandler) refers to lab final.o(.text.EXTI0_IRQHandler) for [Anonymous Symbol]
    lab final.o(.text.EXTI1_IRQHandler) refers to lab final.o(.bss.count) for count
    lab final.o(.text.EXTI1_IRQHandler) refers to lab final.o(.data.matriz) for matriz
    lab final.o(.text.EXTI1_IRQHandler) refers to lab final.o(.bss.tecla) for tecla
    lab final.o(.text.EXTI1_IRQHandler) refers to lab final.o(.bss.k) for k
    lab final.o(.text.EXTI1_IRQHandler) refers to lab final.o(.bss.claveIn) for claveIn
    lab final.o(.text.EXTI1_IRQHandler) refers to lab final.o(.text._Z5LCD_Wc) for LCD_W(char)
    lab final.o(.text.EXTI1_IRQHandler) refers to lab final.o(.text._Z15SysTick_Wait1msj) for SysTick_Wait1ms(unsigned int)
    lab final.o(.ARM.exidx.text.EXTI1_IRQHandler) refers to lab final.o(.text.EXTI1_IRQHandler) for [Anonymous Symbol]
    lab final.o(.text.EXTI2_IRQHandler) refers to lab final.o(.bss.count) for count
    lab final.o(.text.EXTI2_IRQHandler) refers to lab final.o(.data.matriz) for matriz
    lab final.o(.text.EXTI2_IRQHandler) refers to lab final.o(.bss.tecla) for tecla
    lab final.o(.text.EXTI2_IRQHandler) refers to lab final.o(.bss.k) for k
    lab final.o(.text.EXTI2_IRQHandler) refers to lab final.o(.bss.claveIn) for claveIn
    lab final.o(.text.EXTI2_IRQHandler) refers to lab final.o(.text._Z5LCD_Wc) for LCD_W(char)
    lab final.o(.text.EXTI2_IRQHandler) refers to lab final.o(.text._Z15SysTick_Wait1msj) for SysTick_Wait1ms(unsigned int)
    lab final.o(.ARM.exidx.text.EXTI2_IRQHandler) refers to lab final.o(.text.EXTI2_IRQHandler) for [Anonymous Symbol]
    lab final.o(.text.EXTI3_IRQHandler) refers to lab final.o(.bss.count) for count
    lab final.o(.text.EXTI3_IRQHandler) refers to lab final.o(.data.matriz) for matriz
    lab final.o(.text.EXTI3_IRQHandler) refers to lab final.o(.bss.tecla) for tecla
    lab final.o(.text.EXTI3_IRQHandler) refers to lab final.o(.bss.k) for k
    lab final.o(.text.EXTI3_IRQHandler) refers to lab final.o(.bss.claveIn) for claveIn
    lab final.o(.text.EXTI3_IRQHandler) refers to lab final.o(.text._Z5LCD_Wc) for LCD_W(char)
    lab final.o(.text.EXTI3_IRQHandler) refers to lab final.o(.text._Z15SysTick_Wait1msj) for SysTick_Wait1ms(unsigned int)
    lab final.o(.ARM.exidx.text.EXTI3_IRQHandler) refers to lab final.o(.text.EXTI3_IRQHandler) for [Anonymous Symbol]
    lab final.o(.text._GLOBAL__sub_I_Lab_Final.cpp) refers to lab final.o(.text.__cxx_global_var_init) for __cxx_global_var_init
    lab final.o(.text._GLOBAL__sub_I_Lab_Final.cpp) refers to lab final.o(.text.__cxx_global_var_init.1) for __cxx_global_var_init.1
    lab final.o(.ARM.exidx.text._GLOBAL__sub_I_Lab_Final.cpp) refers to lab final.o(.text._GLOBAL__sub_I_Lab_Final.cpp) for [Anonymous Symbol]
    lab final.o(.init_array) refers to lab final.o(.text._GLOBAL__sub_I_Lab_Final.cpp) for _GLOBAL__sub_I_Lab_Final.cpp
    startup_stm32f767xx.o(STACK) refers (Special) to heapauxi.o(.text) for __use_two_region_memory
    startup_stm32f767xx.o(HEAP) refers (Special) to heapauxi.o(.text) for __use_two_region_memory
    startup_stm32f767xx.o(RESET) refers (Special) to heapauxi.o(.text) for __use_two_region_memory
    startup_stm32f767xx.o(RESET) refers to startup_stm32f767xx.o(STACK) for __initial_sp
    startup_stm32f767xx.o(RESET) refers to startup_stm32f767xx.o(.text) for Reset_Handler
    startup_stm32f767xx.o(RESET) refers to lab final.o(.text.EXTI0_IRQHandler) for EXTI0_IRQHandler
    startup_stm32f767xx.o(RESET) refers to lab final.o(.text.EXTI1_IRQHandler) for EXTI1_IRQHandler
    startup_stm32f767xx.o(RESET) refers to lab final.o(.text.EXTI2_IRQHandler) for EXTI2_IRQHandler
    startup_stm32f767xx.o(RESET) refers to lab final.o(.text.EXTI3_IRQHandler) for EXTI3_IRQHandler
    startup_stm32f767xx.o(.text) refers (Special) to heapauxi.o(.text) for __use_two_region_memory
    startup_stm32f767xx.o(.text) refers to system_stm32f7xx.o(.text.SystemInit) for SystemInit
    startup_stm32f767xx.o(.text) refers to __main.o(!!!main) for __main
    startup_stm32f767xx.o(.text) refers to startup_stm32f767xx.o(HEAP) for Heap_Mem
    startup_stm32f767xx.o(.text) refers to startup_stm32f767xx.o(STACK) for Stack_Mem
    system_stm32f7xx.o(.ARM.exidx.text.SystemInit) refers to system_stm32f7xx.o(.text.SystemInit) for [Anonymous Symbol]
    system_stm32f7xx.o(.text.SystemCoreClockUpdate) refers to system_stm32f7xx.o(.data.SystemCoreClock) for SystemCoreClock
    system_stm32f7xx.o(.text.SystemCoreClockUpdate) refers to system_stm32f7xx.o(.rodata.AHBPrescTable) for AHBPrescTable
    system_stm32f7xx.o(.ARM.exidx.text.SystemCoreClockUpdate) refers to system_stm32f7xx.o(.text.SystemCoreClockUpdate) for [Anonymous Symbol]
    __main.o(!!!main) refers to __rtentry.o(.ARM.Collect$$rtentry$$00000000) for __rt_entry
    init_aeabi.o(.emb_text) refers (Special) to libinit2.o(.ARM.Collect$$libinit$$00000033) for __rt_lib_init_cpp_2
    init_aeabi.o(.init_array) refers (Special) to libinit2.o(.ARM.Collect$$libinit$$00000033) for __rt_lib_init_cpp_2
    init_aeabi.o(.dummy_text) refers (Special) to libinit2.o(.ARM.Collect$$libinit$$00000033) for __rt_lib_init_cpp_2
    init_aeabi.o(.text) refers (Special) to libinit2.o(.ARM.Collect$$libinit$$00000033) for __rt_lib_init_cpp_2
    init_aeabi.o(.ARM.exidx) refers (Special) to libinit2.o(.ARM.Collect$$libinit$$00000033) for __rt_lib_init_cpp_2
    init_aeabi.o(.ARM.exidx) refers to init_aeabi.o(.text) for .text
    __rtentry.o(.ARM.Collect$$rtentry$$00000000) refers (Special) to __rtentry2.o(.ARM.Collect$$rtentry$$0000000A) for __rt_entry_li
    __rtentry.o(.ARM.Collect$$rtentry$$00000000) refers (Special) to __rtentry2.o(.ARM.Collect$$rtentry$$0000000D) for __rt_entry_main
    __rtentry.o(.ARM.Collect$$rtentry$$00000000) refers (Special) to __rtentry2.o(.ARM.Collect$$rtentry$$0000000C) for __rt_entry_postli_1
    __rtentry.o(.ARM.Collect$$rtentry$$00000000) refers (Special) to __rtentry2.o(.ARM.Collect$$rtentry$$00000009) for __rt_entry_postsh_1
    __rtentry.o(.ARM.Collect$$rtentry$$00000000) refers (Special) to __rtentry2.o(.ARM.Collect$$rtentry$$00000002) for __rt_entry_presh_1
    __rtentry.o(.ARM.Collect$$rtentry$$00000000) refers (Special) to __rtentry4.o(.ARM.Collect$$rtentry$$00000004) for __rt_entry_sh
    libinit2.o(.ARM.Collect$$libinit$$00000001) refers to fpinit.o(x$fpl$fpinit) for _fp_init
    libinit2.o(.ARM.Collect$$libinit$$00000012) refers to libinit2.o(.ARM.Collect$$libinit$$00000011) for .ARM.Collect$$libinit$$00000011
    libinit2.o(.ARM.Collect$$libinit$$00000014) refers to libinit2.o(.ARM.Collect$$libinit$$00000011) for .ARM.Collect$$libinit$$00000011
    libinit2.o(.ARM.Collect$$libinit$$00000016) refers to libinit2.o(.ARM.Collect$$libinit$$00000011) for .ARM.Collect$$libinit$$00000011
    libinit2.o(.ARM.Collect$$libinit$$00000018) refers to libinit2.o(.ARM.Collect$$libinit$$00000011) for .ARM.Collect$$libinit$$00000011
    libinit2.o(.ARM.Collect$$libinit$$0000001A) refers to libinit2.o(.ARM.Collect$$libinit$$00000011) for .ARM.Collect$$libinit$$00000011
    libinit2.o(.ARM.Collect$$libinit$$00000028) refers to argv_veneer.o(.emb_text) for __ARM_argv_veneer
    libinit2.o(.ARM.Collect$$libinit$$00000029) refers to argv_veneer.o(.emb_text) for __ARM_argv_veneer
    libinit2.o(.ARM.Collect$$libinit$$00000033) refers (Weak) to init_aeabi.o(.text) for __cpp_initialize__aeabi_
    __rtentry2.o(.ARM.Collect$$rtentry$$00000008) refers to boardinit2.o(.text) for _platform_post_stackheap_init
    __rtentry2.o(.ARM.Collect$$rtentry$$0000000A) refers to libinit.o(.ARM.Collect$$libinit$$00000000) for __rt_lib_init
    __rtentry2.o(.ARM.Collect$$rtentry$$0000000B) refers to boardinit3.o(.text) for _platform_post_lib_init
    __rtentry2.o(.ARM.Collect$$rtentry$$0000000D) refers to lab final.o(.text.main) for main
    __rtentry2.o(.ARM.Collect$$rtentry$$0000000D) refers to exit.o(.text) for exit
    __rtentry2.o(.ARM.exidx) refers to __rtentry2.o(.ARM.Collect$$rtentry$$00000001) for .ARM.Collect$$rtentry$$00000001
    __rtentry2.o(.ARM.exidx) refers to __rtentry2.o(.ARM.Collect$$rtentry$$00000008) for .ARM.Collect$$rtentry$$00000008
    __rtentry2.o(.ARM.exidx) refers to __rtentry2.o(.ARM.Collect$$rtentry$$0000000A) for .ARM.Collect$$rtentry$$0000000A
    __rtentry2.o(.ARM.exidx) refers to __rtentry2.o(.ARM.Collect$$rtentry$$0000000B) for .ARM.Collect$$rtentry$$0000000B
    __rtentry2.o(.ARM.exidx) refers to __rtentry2.o(.ARM.Collect$$rtentry$$0000000D) for .ARM.Collect$$rtentry$$0000000D
    __rtentry4.o(.ARM.Collect$$rtentry$$00000004) refers to sys_stackheap_outer.o(.text) for __user_setup_stackheap
    __rtentry4.o(.ARM.exidx) refers to __rtentry4.o(.ARM.Collect$$rtentry$$00000004) for .ARM.Collect$$rtentry$$00000004
    argv_veneer.o(.emb_text) refers to no_argv.o(.text) for __ARM_get_argv
    sys_stackheap_outer.o(.text) refers to libspace.o(.text) for __user_perproc_libspace
    sys_stackheap_outer.o(.text) refers to startup_stm32f767xx.o(.text) for __user_initial_stackheap
    exit.o(.text) refers to rtexit.o(.ARM.Collect$$rtexit$$00000000) for __rt_exit
    _get_argv_nomalloc.o(.text) refers (Special) to hrguard.o(.text) for __heap_region$guard
    _get_argv_nomalloc.o(.text) refers to defsig_rtmem_outer.o(.text) for __rt_SIGRTMEM
    _get_argv_nomalloc.o(.text) refers to sys_command.o(.text) for _sys_command_string
    libinit.o(.ARM.Collect$$libinit$$00000000) refers (Special) to libinit2.o(.ARM.Collect$$libinit$$00000030) for __rt_lib_init_alloca_1
    libinit.o(.ARM.Collect$$libinit$$00000000) refers (Special) to libinit2.o(.ARM.Collect$$libinit$$0000002E) for __rt_lib_init_argv_1
    libinit.o(.ARM.Collect$$libinit$$00000000) refers (Special) to libinit2.o(.ARM.Collect$$libinit$$0000001D) for __rt_lib_init_atexit_1
    libinit.o(.ARM.Collect$$libinit$$00000000) refers (Special) to libinit2.o(.ARM.Collect$$libinit$$00000023) for __rt_lib_init_clock_1
    libinit.o(.ARM.Collect$$libinit$$00000000) refers (Special) to libinit2.o(.ARM.Collect$$libinit$$00000034) for __rt_lib_init_cpp_1
    libinit.o(.ARM.Collect$$libinit$$00000000) refers (Special) to libinit2.o(.ARM.Collect$$libinit$$00000032) for __rt_lib_init_exceptions_1
    libinit.o(.ARM.Collect$$libinit$$00000000) refers (Special) to libinit2.o(.ARM.Collect$$libinit$$00000001) for __rt_lib_init_fp_1
    libinit.o(.ARM.Collect$$libinit$$00000000) refers (Special) to libinit2.o(.ARM.Collect$$libinit$$00000021) for __rt_lib_init_fp_trap_1
    libinit.o(.ARM.Collect$$libinit$$00000000) refers (Special) to libinit2.o(.ARM.Collect$$libinit$$00000025) for __rt_lib_init_getenv_1
    libinit.o(.ARM.Collect$$libinit$$00000000) refers (Special) to libinit2.o(.ARM.Collect$$libinit$$0000000C) for __rt_lib_init_heap_1
    libinit.o(.ARM.Collect$$libinit$$00000000) refers (Special) to libinit2.o(.ARM.Collect$$libinit$$00000013) for __rt_lib_init_lc_collate_1
    libinit.o(.ARM.Collect$$libinit$$00000000) refers (Special) to libinit2.o(.ARM.Collect$$libinit$$00000015) for __rt_lib_init_lc_ctype_1
    libinit.o(.ARM.Collect$$libinit$$00000000) refers (Special) to libinit2.o(.ARM.Collect$$libinit$$00000017) for __rt_lib_init_lc_monetary_1
    libinit.o(.ARM.Collect$$libinit$$00000000) refers (Special) to libinit2.o(.ARM.Collect$$libinit$$00000019) for __rt_lib_init_lc_numeric_1
    libinit.o(.ARM.Collect$$libinit$$00000000) refers (Special) to libinit2.o(.ARM.Collect$$libinit$$0000001B) for __rt_lib_init_lc_time_1
    libinit.o(.ARM.Collect$$libinit$$00000000) refers (Special) to libinit2.o(.ARM.Collect$$libinit$$00000006) for __rt_lib_init_preinit_1
    libinit.o(.ARM.Collect$$libinit$$00000000) refers (Special) to libinit2.o(.ARM.Collect$$libinit$$00000010) for __rt_lib_init_rand_1
    libinit.o(.ARM.Collect$$libinit$$00000000) refers (Special) to libinit2.o(.ARM.Collect$$libinit$$00000004) for __rt_lib_init_relocate_pie_1
    libinit.o(.ARM.Collect$$libinit$$00000000) refers (Special) to libinit2.o(.ARM.Collect$$libinit$$00000035) for __rt_lib_init_return
    libinit.o(.ARM.Collect$$libinit$$00000000) refers (Special) to libinit2.o(.ARM.Collect$$libinit$$0000001F) for __rt_lib_init_signal_1
    libinit.o(.ARM.Collect$$libinit$$00000000) refers (Special) to libinit2.o(.ARM.Collect$$libinit$$00000027) for __rt_lib_init_stdio_1
    libinit.o(.ARM.Collect$$libinit$$00000000) refers (Special) to libinit2.o(.ARM.Collect$$libinit$$0000000E) for __rt_lib_init_user_alloc_1
    sys_command.o(.text) refers (Special) to use_no_semi.o(.text) for __I$use$semihosting
    sys_command.o(.text) refers (Special) to indicate_semi.o(.text) for __semihosting_library_function
    sys_command_hlt.o(.text) refers (Special) to use_no_semi.o(.text) for __I$use$semihosting
    sys_command_hlt.o(.text) refers (Special) to indicate_semi.o(.text) for __semihosting_library_function
    libspace.o(.text) refers to libspace.o(.bss) for __libspace_start
    rtexit.o(.ARM.Collect$$rtexit$$00000000) refers (Special) to rtexit2.o(.ARM.Collect$$rtexit$$00000004) for __rt_exit_exit
    rtexit.o(.ARM.Collect$$rtexit$$00000000) refers (Special) to rtexit2.o(.ARM.Collect$$rtexit$$00000003) for __rt_exit_ls
    rtexit.o(.ARM.Collect$$rtexit$$00000000) refers (Special) to rtexit2.o(.ARM.Collect$$rtexit$$00000002) for __rt_exit_prels_1
    rtexit.o(.ARM.exidx) refers (Special) to rtexit2.o(.ARM.Collect$$rtexit$$00000004) for __rt_exit_exit
    rtexit.o(.ARM.exidx) refers (Special) to rtexit2.o(.ARM.Collect$$rtexit$$00000003) for __rt_exit_ls
    rtexit.o(.ARM.exidx) refers (Special) to rtexit2.o(.ARM.Collect$$rtexit$$00000002) for __rt_exit_prels_1
    rtexit.o(.ARM.exidx) refers to rtexit.o(.ARM.Collect$$rtexit$$00000000) for .ARM.Collect$$rtexit$$00000000
    defsig_rtmem_outer.o(.text) refers to defsig_rtmem_inner.o(.text) for __rt_SIGRTMEM_inner
    defsig_rtmem_outer.o(.text) refers to defsig_exit.o(.text) for __sig_exit
    defsig_rtmem_formal.o(.text) refers to rt_raise.o(.text) for __rt_raise
    rtexit2.o(.ARM.Collect$$rtexit$$00000003) refers to libshutdown.o(.ARM.Collect$$libshutdown$$00000000) for __rt_lib_shutdown
    rtexit2.o(.ARM.Collect$$rtexit$$00000004) refers to sys_exit.o(.text) for _sys_exit
    rtexit2.o(.ARM.exidx) refers to rtexit2.o(.ARM.Collect$$rtexit$$00000001) for .ARM.Collect$$rtexit$$00000001
    rtexit2.o(.ARM.exidx) refers to rtexit2.o(.ARM.Collect$$rtexit$$00000003) for .ARM.Collect$$rtexit$$00000003
    rtexit2.o(.ARM.exidx) refers to rtexit2.o(.ARM.Collect$$rtexit$$00000004) for .ARM.Collect$$rtexit$$00000004
    rt_raise.o(.text) refers to __raise.o(.text) for __raise
    rt_raise.o(.text) refers to sys_exit.o(.text) for _sys_exit
    defsig_exit.o(.text) refers to sys_exit.o(.text) for _sys_exit
    defsig_rtmem_inner.o(.text) refers to defsig_general.o(.text) for __default_signal_display
    sys_exit.o(.text) refers (Special) to use_no_semi.o(.text) for __I$use$semihosting
    sys_exit.o(.text) refers (Special) to indicate_semi.o(.text) for __semihosting_library_function
    sys_exit_hlt.o(.text) refers (Special) to use_no_semi.o(.text) for __I$use$semihosting
    sys_exit_hlt.o(.text) refers (Special) to indicate_semi.o(.text) for __semihosting_library_function
    __raise.o(.text) refers to defsig.o(CL$$defsig) for __default_signal_handler
    defsig_general.o(.text) refers to sys_wrch.o(.text) for _ttywrch
    libshutdown.o(.ARM.Collect$$libshutdown$$00000000) refers (Special) to libshutdown2.o(.ARM.Collect$$libshutdown$$00000002) for __rt_lib_shutdown_cpp_1
    libshutdown.o(.ARM.Collect$$libshutdown$$00000000) refers (Special) to libshutdown2.o(.ARM.Collect$$libshutdown$$00000007) for __rt_lib_shutdown_fp_trap_1
    libshutdown.o(.ARM.Collect$$libshutdown$$00000000) refers (Special) to libshutdown2.o(.ARM.Collect$$libshutdown$$0000000F) for __rt_lib_shutdown_heap_1
    libshutdown.o(.ARM.Collect$$libshutdown$$00000000) refers (Special) to libshutdown2.o(.ARM.Collect$$libshutdown$$00000010) for __rt_lib_shutdown_return
    libshutdown.o(.ARM.Collect$$libshutdown$$00000000) refers (Special) to libshutdown2.o(.ARM.Collect$$libshutdown$$0000000A) for __rt_lib_shutdown_signal_1
    libshutdown.o(.ARM.Collect$$libshutdown$$00000000) refers (Special) to libshutdown2.o(.ARM.Collect$$libshutdown$$00000004) for __rt_lib_shutdown_stdio_1
    libshutdown.o(.ARM.Collect$$libshutdown$$00000000) refers (Special) to libshutdown2.o(.ARM.Collect$$libshutdown$$0000000C) for __rt_lib_shutdown_user_alloc_1
    sys_wrch.o(.text) refers (Special) to use_no_semi.o(.text) for __I$use$semihosting
    sys_wrch.o(.text) refers (Special) to indicate_semi.o(.text) for __semihosting_library_function
    sys_wrch_hlt.o(.text) refers (Special) to use_no_semi.o(.text) for __I$use$semihosting
    sys_wrch_hlt.o(.text) refers (Special) to indicate_semi.o(.text) for __semihosting_library_function
    defsig.o(CL$$defsig) refers to defsig_rtmem_inner.o(.text) for __rt_SIGRTMEM_inner
    defsig_abrt_inner.o(.text) refers to defsig_general.o(.text) for __default_signal_display
    defsig_fpe_inner.o(.text) refers to defsig_general.o(.text) for __default_signal_display
    defsig_rtred_inner.o(.text) refers to defsig_general.o(.text) for __default_signal_display
    defsig_stak_inner.o(.text) refers to defsig_general.o(.text) for __default_signal_display
    defsig_pvfn_inner.o(.text) refers to defsig_general.o(.text) for __default_signal_display
    defsig_cppl_inner.o(.text) refers to defsig_general.o(.text) for __default_signal_display
    defsig_segv_inner.o(.text) refers to defsig_general.o(.text) for __default_signal_display
    defsig_other.o(.text) refers to defsig_general.o(.text) for __default_signal_display


==============================================================================

Removing Unused input sections from the image.

    Removing lab final.o(.text), (0 bytes).
    Removing lab final.o(.ARM.exidx.text._Z12SysTick_Initv), (8 bytes).
    Removing lab final.o(.ARM.exidx.text._Z12SysTick_Waitj), (8 bytes).
    Removing lab final.o(.text._Z14SysTick_Wait1sj), (48 bytes).
    Removing lab final.o(.ARM.exidx.text._Z14SysTick_Wait1sj), (8 bytes).
    Removing lab final.o(.ARM.exidx.text._Z15SysTick_Wait1msj), (8 bytes).
    Removing lab final.o(.ARM.exidx.text._Z15SysTick_Wait1usj), (8 bytes).
    Removing lab final.o(.ARM.exidx.text.__cxx_global_var_init), (8 bytes).
    Removing lab final.o(.ARM.exidx.text.__cxx_global_var_init.1), (8 bytes).
    Removing lab final.o(.ARM.exidx.text._Z10config_LCDv), (8 bytes).
    Removing lab final.o(.ARM.exidx.text._Z7LCD_COMc), (8 bytes).
    Removing lab final.o(.ARM.exidx.text._Z5LCD_Wc), (8 bytes).
    Removing lab final.o(.ARM.exidx.text._Z14config_TMatrizv), (8 bytes).
    Removing lab final.o(.ARM.exidx.text._ZL18__NVIC_SetPriority9IRQn_Typej), (8 bytes).
    Removing lab final.o(.ARM.exidx.text._ZL16__NVIC_EnableIRQ9IRQn_Type), (8 bytes).
    Removing lab final.o(.ARM.exidx.text._Z13Config_Timer4v), (8 bytes).
    Removing lab final.o(.ARM.exidx.text._Z13Config_Timer3v), (8 bytes).
    Removing lab final.o(.ARM.exidx.text._Z13Config_Timer5v), (8 bytes).
    Removing lab final.o(.ARM.exidx.text._Z11Config_GPIOv), (8 bytes).
    Removing lab final.o(.ARM.exidx.text.main), (8 bytes).
    Removing lab final.o(.ARM.exidx.text.EXTI0_IRQHandler), (8 bytes).
    Removing lab final.o(.ARM.exidx.text.EXTI1_IRQHandler), (8 bytes).
    Removing lab final.o(.ARM.exidx.text.EXTI2_IRQHandler), (8 bytes).
    Removing lab final.o(.ARM.exidx.text.EXTI3_IRQHandler), (8 bytes).
    Removing lab final.o(.ARM.exidx.text._GLOBAL__sub_I_Lab_Final.cpp), (8 bytes).
    Removing lab final.o(.bss.temp), (4 bytes).
    Removing lab final.o(.rodata.cst16), (144 bytes).
    Removing lab final.o(.ARM.use_no_argv), (4 bytes).
    Removing system_stm32f7xx.o(.text), (0 bytes).
    Removing system_stm32f7xx.o(.ARM.exidx.text.SystemInit), (8 bytes).
    Removing system_stm32f7xx.o(.text.SystemCoreClockUpdate), (302 bytes).
    Removing system_stm32f7xx.o(.ARM.exidx.text.SystemCoreClockUpdate), (8 bytes).
    Removing system_stm32f7xx.o(.data.SystemCoreClock), (4 bytes).
    Removing system_stm32f7xx.o(.rodata.AHBPrescTable), (16 bytes).
    Removing system_stm32f7xx.o(.rodata.APBPrescTable), (8 bytes).

35 unused section(s) (total 730 bytes) removed from the image.

==============================================================================

Image Symbol Table

    Local Symbols

    Symbol Name                              Value     Ov Type        Size  Object(Section)

    ../clib/angel/boardlib.s                 0x00000000   Number         0  boardinit1.o ABSOLUTE
    ../clib/angel/boardlib.s                 0x00000000   Number         0  boardinit2.o ABSOLUTE
    ../clib/angel/boardlib.s                 0x00000000   Number         0  boardinit3.o ABSOLUTE
    ../clib/angel/boardlib.s                 0x00000000   Number         0  boardshut.o ABSOLUTE
    ../clib/angel/handlers.s                 0x00000000   Number         0  __scatter_copy.o ABSOLUTE
    ../clib/angel/handlers.s                 0x00000000   Number         0  __scatter_zi.o ABSOLUTE
    ../clib/angel/kernel.s                   0x00000000   Number         0  __rtentry.o ABSOLUTE
    ../clib/angel/kernel.s                   0x00000000   Number         0  __rtentry2.o ABSOLUTE
    ../clib/angel/kernel.s                   0x00000000   Number         0  __rtentry4.o ABSOLUTE
    ../clib/angel/kernel.s                   0x00000000   Number         0  rtexit.o ABSOLUTE
    ../clib/angel/kernel.s                   0x00000000   Number         0  rtexit2.o ABSOLUTE
    ../clib/angel/rt.s                       0x00000000   Number         0  rt_raise.o ABSOLUTE
    ../clib/angel/scatter.s                  0x00000000   Number         0  __scatter.o ABSOLUTE
    ../clib/angel/startup.s                  0x00000000   Number         0  __main.o ABSOLUTE
    ../clib/angel/sys.s                      0x00000000   Number         0  sys_stackheap_outer.o ABSOLUTE
    ../clib/angel/sys.s                      0x00000000   Number         0  libspace.o ABSOLUTE
    ../clib/angel/sys.s                      0x00000000   Number         0  use_no_semi.o ABSOLUTE
    ../clib/angel/sys.s                      0x00000000   Number         0  indicate_semi.o ABSOLUTE
    ../clib/angel/sysapp.c                   0x00000000   Number         0  sys_command.o ABSOLUTE
    ../clib/angel/sysapp.c                   0x00000000   Number         0  sys_command_hlt.o ABSOLUTE
    ../clib/angel/sysapp.c                   0x00000000   Number         0  sys_exit.o ABSOLUTE
    ../clib/angel/sysapp.c                   0x00000000   Number         0  sys_exit_hlt.o ABSOLUTE
    ../clib/angel/sysapp.c                   0x00000000   Number         0  sys_wrch.o ABSOLUTE
    ../clib/angel/sysapp.c                   0x00000000   Number         0  sys_wrch_hlt.o ABSOLUTE
    ../clib/arm_runtime.c                    0x00000000   Number         0  init_aeabi.o ABSOLUTE
    ../clib/arm_runtime.c                    0x00000000   Number         0  init_aeabi.o ABSOLUTE
    ../clib/armsys.c                         0x00000000   Number         0  argv_veneer.o ABSOLUTE
    ../clib/armsys.c                         0x00000000   Number         0  argv_veneer.o ABSOLUTE
    ../clib/armsys.c                         0x00000000   Number         0  _get_argv_nomalloc.o ABSOLUTE
    ../clib/armsys.c                         0x00000000   Number         0  no_argv.o ABSOLUTE
    ../clib/heapalloc.c                      0x00000000   Number         0  hrguard.o ABSOLUTE
    ../clib/heapaux.c                        0x00000000   Number         0  heapauxi.o ABSOLUTE
    ../clib/libinit.s                        0x00000000   Number         0  libinit2.o ABSOLUTE
    ../clib/libinit.s                        0x00000000   Number         0  libinit.o ABSOLUTE
    ../clib/libinit.s                        0x00000000   Number         0  libshutdown.o ABSOLUTE
    ../clib/libinit.s                        0x00000000   Number         0  libshutdown2.o ABSOLUTE
    ../clib/r_arm_target.c                   0x00000000   Number         0  __ARM_resolve_target1.o ABSOLUTE
    ../clib/r_arm_target.c                   0x00000000   Number         0  __ARM_resolve_target1_abs32.o ABSOLUTE
    ../clib/signal.c                         0x00000000   Number         0  defsig_rtmem_outer.o ABSOLUTE
    ../clib/signal.c                         0x00000000   Number         0  defsig_rtmem_formal.o ABSOLUTE
    ../clib/signal.c                         0x00000000   Number         0  defsig_exit.o ABSOLUTE
    ../clib/signal.c                         0x00000000   Number         0  defsig_rtmem_inner.o ABSOLUTE
    ../clib/signal.c                         0x00000000   Number         0  __raise.o ABSOLUTE
    ../clib/signal.c                         0x00000000   Number         0  defsig_general.o ABSOLUTE
    ../clib/signal.c                         0x00000000   Number         0  defsig_abrt_inner.o ABSOLUTE
    ../clib/signal.c                         0x00000000   Number         0  defsig_fpe_inner.o ABSOLUTE
    ../clib/signal.c                         0x00000000   Number         0  defsig_rtred_inner.o ABSOLUTE
    ../clib/signal.c                         0x00000000   Number         0  defsig_stak_inner.o ABSOLUTE
    ../clib/signal.c                         0x00000000   Number         0  defsig_pvfn_inner.o ABSOLUTE
    ../clib/signal.c                         0x00000000   Number         0  defsig_cppl_inner.o ABSOLUTE
    ../clib/signal.c                         0x00000000   Number         0  defsig_segv_inner.o ABSOLUTE
    ../clib/signal.c                         0x00000000   Number         0  defsig_other.o ABSOLUTE
    ../clib/signal.s                         0x00000000   Number         0  defsig.o ABSOLUTE
    ../clib/stdlib.c                         0x00000000   Number         0  exit.o ABSOLUTE
    ../fplib/fpinit.s                        0x00000000   Number         0  fpinit.o ABSOLUTE
    Lab Final.cpp                            0x00000000   Number         0  lab final.o ABSOLUTE
    RTE/Device/STM32F767ZITx/startup_stm32f767xx.s 0x00000000   Number         0  startup_stm32f767xx.o ABSOLUTE
    dc.s                                     0x00000000   Number         0  dc.o ABSOLUTE
    system_stm32f7xx.c                       0x00000000   Number         0  system_stm32f7xx.o ABSOLUTE
    RESET                                    0x08000000   Section      504  startup_stm32f767xx.o(RESET)
    !!!main                                  0x080001f8   Section        8  __main.o(!!!main)
    !!!scatter                               0x08000200   Section       52  __scatter.o(!!!scatter)
    !!handler_copy                           0x08000234   Section       26  __scatter_copy.o(!!handler_copy)
    !!handler_zi                             0x08000250   Section       28  __scatter_zi.o(!!handler_zi)
    .ARM.Collect$$libinit$$00000000          0x0800026c   Section        2  libinit.o(.ARM.Collect$$libinit$$00000000)
    .ARM.Collect$$libinit$$00000001          0x0800026e   Section        4  libinit2.o(.ARM.Collect$$libinit$$00000001)
    .ARM.Collect$$libinit$$00000004          0x08000272   Section        0  libinit2.o(.ARM.Collect$$libinit$$00000004)
    .ARM.Collect$$libinit$$00000006          0x08000272   Section        0  libinit2.o(.ARM.Collect$$libinit$$00000006)
    .ARM.Collect$$libinit$$0000000C          0x08000272   Section        0  libinit2.o(.ARM.Collect$$libinit$$0000000C)
    .ARM.Collect$$libinit$$0000000E          0x08000272   Section        0  libinit2.o(.ARM.Collect$$libinit$$0000000E)
    .ARM.Collect$$libinit$$00000010          0x08000272   Section        0  libinit2.o(.ARM.Collect$$libinit$$00000010)
    .ARM.Collect$$libinit$$00000013          0x08000272   Section        0  libinit2.o(.ARM.Collect$$libinit$$00000013)
    .ARM.Collect$$libinit$$00000015          0x08000272   Section        0  libinit2.o(.ARM.Collect$$libinit$$00000015)
    .ARM.Collect$$libinit$$00000017          0x08000272   Section        0  libinit2.o(.ARM.Collect$$libinit$$00000017)
    .ARM.Collect$$libinit$$00000019          0x08000272   Section        0  libinit2.o(.ARM.Collect$$libinit$$00000019)
    .ARM.Collect$$libinit$$0000001B          0x08000272   Section        0  libinit2.o(.ARM.Collect$$libinit$$0000001B)
    .ARM.Collect$$libinit$$0000001D          0x08000272   Section        0  libinit2.o(.ARM.Collect$$libinit$$0000001D)
    .ARM.Collect$$libinit$$0000001F          0x08000272   Section        0  libinit2.o(.ARM.Collect$$libinit$$0000001F)
    .ARM.Collect$$libinit$$00000021          0x08000272   Section        0  libinit2.o(.ARM.Collect$$libinit$$00000021)
    .ARM.Collect$$libinit$$00000023          0x08000272   Section        0  libinit2.o(.ARM.Collect$$libinit$$00000023)
    .ARM.Collect$$libinit$$00000025          0x08000272   Section        0  libinit2.o(.ARM.Collect$$libinit$$00000025)
    .ARM.Collect$$libinit$$00000027          0x08000272   Section        0  libinit2.o(.ARM.Collect$$libinit$$00000027)
    .ARM.Collect$$libinit$$0000002E          0x08000272   Section        0  libinit2.o(.ARM.Collect$$libinit$$0000002E)
    .ARM.Collect$$libinit$$00000030          0x08000272   Section        0  libinit2.o(.ARM.Collect$$libinit$$00000030)
    .ARM.Collect$$libinit$$00000032          0x08000272   Section        0  libinit2.o(.ARM.Collect$$libinit$$00000032)
    .ARM.Collect$$libinit$$00000033          0x08000272   Section        4  libinit2.o(.ARM.Collect$$libinit$$00000033)
    .ARM.Collect$$libinit$$00000034          0x08000276   Section        0  libinit2.o(.ARM.Collect$$libinit$$00000034)
    .ARM.Collect$$libinit$$00000035          0x08000276   Section        2  libinit2.o(.ARM.Collect$$libinit$$00000035)
    .ARM.Collect$$libshutdown$$00000000      0x08000278   Section        2  libshutdown.o(.ARM.Collect$$libshutdown$$00000000)
    .ARM.Collect$$libshutdown$$00000002      0x0800027a   Section        0  libshutdown2.o(.ARM.Collect$$libshutdown$$00000002)
    .ARM.Collect$$libshutdown$$00000004      0x0800027a   Section        0  libshutdown2.o(.ARM.Collect$$libshutdown$$00000004)
    .ARM.Collect$$libshutdown$$00000007      0x0800027a   Section        0  libshutdown2.o(.ARM.Collect$$libshutdown$$00000007)
    .ARM.Collect$$libshutdown$$0000000A      0x0800027a   Section        0  libshutdown2.o(.ARM.Collect$$libshutdown$$0000000A)
    .ARM.Collect$$libshutdown$$0000000C      0x0800027a   Section        0  libshutdown2.o(.ARM.Collect$$libshutdown$$0000000C)
    .ARM.Collect$$libshutdown$$0000000F      0x0800027a   Section        0  libshutdown2.o(.ARM.Collect$$libshutdown$$0000000F)
    .ARM.Collect$$libshutdown$$00000010      0x0800027a   Section        2  libshutdown2.o(.ARM.Collect$$libshutdown$$00000010)
    .ARM.Collect$$rtentry$$00000000          0x0800027c   Section        0  __rtentry.o(.ARM.Collect$$rtentry$$00000000)
    .ARM.Collect$$rtentry$$00000002          0x0800027c   Section        0  __rtentry2.o(.ARM.Collect$$rtentry$$00000002)
    .ARM.Collect$$rtentry$$00000004          0x0800027c   Section        6  __rtentry4.o(.ARM.Collect$$rtentry$$00000004)
    .ARM.Collect$$rtentry$$00000009          0x08000282   Section        0  __rtentry2.o(.ARM.Collect$$rtentry$$00000009)
    .ARM.Collect$$rtentry$$0000000A          0x08000282   Section        4  __rtentry2.o(.ARM.Collect$$rtentry$$0000000A)
    .ARM.Collect$$rtentry$$0000000C          0x08000286   Section        0  __rtentry2.o(.ARM.Collect$$rtentry$$0000000C)
    .ARM.Collect$$rtentry$$0000000D          0x08000286   Section        8  __rtentry2.o(.ARM.Collect$$rtentry$$0000000D)
    .ARM.Collect$$rtexit$$00000000           0x0800028e   Section        2  rtexit.o(.ARM.Collect$$rtexit$$00000000)
    .ARM.Collect$$rtexit$$00000002           0x08000290   Section        0  rtexit2.o(.ARM.Collect$$rtexit$$00000002)
    .ARM.Collect$$rtexit$$00000003           0x08000290   Section        4  rtexit2.o(.ARM.Collect$$rtexit$$00000003)
    .ARM.Collect$$rtexit$$00000004           0x08000294   Section        6  rtexit2.o(.ARM.Collect$$rtexit$$00000004)
    $v0                                      0x0800029c   Number         0  startup_stm32f767xx.o(.text)
    .text                                    0x0800029c   Section       64  startup_stm32f767xx.o(.text)
    .text                                    0x080002dc   Section        0  heapauxi.o(.text)
    .text                                    0x080002e4   Section        0  init_aeabi.o(.text)
    .text                                    0x08000308   Section       74  sys_stackheap_outer.o(.text)
    .text                                    0x08000352   Section        0  exit.o(.text)
    .text                                    0x08000364   Section        8  libspace.o(.text)
    .text                                    0x0800036c   Section        2  use_no_semi.o(.text)
    .text                                    0x0800036e   Section        0  indicate_semi.o(.text)
    .text                                    0x08000370   Section        0  sys_exit.o(.text)
    [Anonymous Symbol]                       0x08000380   Section        0  lab final.o(.text.EXTI0_IRQHandler)
    [Anonymous Symbol]                       0x08000400   Section        0  lab final.o(.text.EXTI1_IRQHandler)
    [Anonymous Symbol]                       0x08000488   Section        0  lab final.o(.text.EXTI2_IRQHandler)
    [Anonymous Symbol]                       0x08000510   Section        0  lab final.o(.text.EXTI3_IRQHandler)
    [Anonymous Symbol]                       0x08000598   Section        0  system_stm32f7xx.o(.text.SystemInit)
    _GLOBAL__sub_I_Lab_Final.cpp             0x080005b1   Thumb Code    12  lab final.o(.text._GLOBAL__sub_I_Lab_Final.cpp)
    [Anonymous Symbol]                       0x080005b0   Section        0  lab final.o(.text._GLOBAL__sub_I_Lab_Final.cpp)
    [Anonymous Symbol]                       0x080005c0   Section        0  lab final.o(.text._Z10config_LCDv)
    [Anonymous Symbol]                       0x08000610   Section        0  lab final.o(.text._Z11Config_GPIOv)
    [Anonymous Symbol]                       0x08000660   Section        0  lab final.o(.text._Z12SysTick_Initv)
    [Anonymous Symbol]                       0x08000680   Section        0  lab final.o(.text._Z12SysTick_Waitj)
    [Anonymous Symbol]                       0x080006b8   Section        0  lab final.o(.text._Z13Config_Timer3v)
    [Anonymous Symbol]                       0x08000718   Section        0  lab final.o(.text._Z13Config_Timer4v)
    [Anonymous Symbol]                       0x08000770   Section        0  lab final.o(.text._Z13Config_Timer5v)
    [Anonymous Symbol]                       0x080007d8   Section        0  lab final.o(.text._Z14config_TMatrizv)
    [Anonymous Symbol]                       0x080008b8   Section        0  lab final.o(.text._Z15SysTick_Wait1msj)
    [Anonymous Symbol]                       0x080008e8   Section        0  lab final.o(.text._Z15SysTick_Wait1usj)
    [Anonymous Symbol]                       0x08000918   Section        0  lab final.o(.text._Z5LCD_Wc)
    [Anonymous Symbol]                       0x08000958   Section        0  lab final.o(.text._Z7LCD_COMc)
    __NVIC_EnableIRQ(IRQn_Type)              0x080009a1   Thumb Code    48  lab final.o(.text._ZL16__NVIC_EnableIRQ9IRQn_Type)
    [Anonymous Symbol]                       0x080009a0   Section        0  lab final.o(.text._ZL16__NVIC_EnableIRQ9IRQn_Type)
    __NVIC_SetPriority(IRQn_Type, unsigned int) 0x080009d1   Thumb Code    66  lab final.o(.text._ZL18__NVIC_SetPriority9IRQn_Typej)
    [Anonymous Symbol]                       0x080009d0   Section        0  lab final.o(.text._ZL18__NVIC_SetPriority9IRQn_Typej)
    __cxx_global_var_init                    0x08000a19   Thumb Code    24  lab final.o(.text.__cxx_global_var_init)
    [Anonymous Symbol]                       0x08000a18   Section        0  lab final.o(.text.__cxx_global_var_init)
    __cxx_global_var_init.1                  0x08000a31   Thumb Code    24  lab final.o(.text.__cxx_global_var_init.1)
    [Anonymous Symbol]                       0x08000a30   Section        0  lab final.o(.text.__cxx_global_var_init.1)
    [Anonymous Symbol]                       0x08000a48   Section        0  lab final.o(.text.main)
    $v0                                      0x08001490   Number         0  fpinit.o(x$fpl$fpinit)
    x$fpl$fpinit                             0x08001490   Section       26  fpinit.o(x$fpl$fpinit)
    .init_array                              0x080014d0   Section        0  init_aeabi.o(.init_array)
    .bss                                     0x20020018   Section       96  libspace.o(.bss)
    Heap_Mem                                 0x200200a8   Data         512  startup_stm32f767xx.o(HEAP)
    HEAP                                     0x200200a8   Section      512  startup_stm32f767xx.o(HEAP)
    Stack_Mem                                0x200202a8   Data        1024  startup_stm32f767xx.o(STACK)
    STACK                                    0x200202a8   Section     1024  startup_stm32f767xx.o(STACK)
    __initial_sp                             0x200206a8   Data           0  startup_stm32f767xx.o(STACK)

    Global Symbols

    Symbol Name                              Value     Ov Type        Size  Object(Section)

    BuildAttributes$$THM_ISAv4$E$P$D$K$B$S$7EM$VFPv5_D16$PE$PLD8$A:L22UL41UL21$X:L11$S22US41US21$IEEE1$IW$~IW$USESV6$~STKCKD$USESV7$~SHL$OSPACE$ROPI$EBA8$UX$STANDARDLIB$REQ8$PRES8$EABIv2 0x00000000   Number         0  anon$$obj.o ABSOLUTE
    __ARM_exceptions_init                     - Undefined Weak Reference
    __alloca_initialize                       - Undefined Weak Reference
    __arm_preinit_                            - Undefined Weak Reference
    __arm_relocate_pie_                       - Undefined Weak Reference
    __cxa_finalize                            - Undefined Weak Reference
    __rt_locale                               - Undefined Weak Reference
    __sigvec_lookup                           - Undefined Weak Reference
    _atexit_init                              - Undefined Weak Reference
    _call_atexit_fns                          - Undefined Weak Reference
    _clock_init                               - Undefined Weak Reference
    _fp_trap_init                             - Undefined Weak Reference
    _fp_trap_shutdown                         - Undefined Weak Reference
    _get_lc_collate                           - Undefined Weak Reference
    _get_lc_ctype                             - Undefined Weak Reference
    _get_lc_monetary                          - Undefined Weak Reference
    _get_lc_numeric                           - Undefined Weak Reference
    _get_lc_time                              - Undefined Weak Reference
    _getenv_init                              - Undefined Weak Reference
    _handle_redirection                       - Undefined Weak Reference
    _init_alloc                               - Undefined Weak Reference
    _init_user_alloc                          - Undefined Weak Reference
    _initio                                   - Undefined Weak Reference
    _rand_init                                - Undefined Weak Reference
    _signal_finish                            - Undefined Weak Reference
    _signal_init                              - Undefined Weak Reference
    _terminate_alloc                          - Undefined Weak Reference
    _terminate_user_alloc                     - Undefined Weak Reference
    _terminateio                              - Undefined Weak Reference
    __Vectors_Size                           0x000001f8   Number         0  startup_stm32f767xx.o ABSOLUTE
    __Vectors                                0x08000000   Data           4  startup_stm32f767xx.o(RESET)
    __Vectors_End                            0x080001f8   Data           0  startup_stm32f767xx.o(RESET)
    __main                                   0x080001f9   Thumb Code     8  __main.o(!!!main)
    __scatterload                            0x08000201   Thumb Code     0  __scatter.o(!!!scatter)
    __scatterload_rt2                        0x08000201   Thumb Code    44  __scatter.o(!!!scatter)
    __scatterload_rt2_thumb_only             0x08000201   Thumb Code     0  __scatter.o(!!!scatter)
    __scatterload_null                       0x0800020f   Thumb Code     0  __scatter.o(!!!scatter)
    __scatterload_copy                       0x08000235   Thumb Code    26  __scatter_copy.o(!!handler_copy)
    __scatterload_zeroinit                   0x08000251   Thumb Code    28  __scatter_zi.o(!!handler_zi)
    __rt_lib_init                            0x0800026d   Thumb Code     0  libinit.o(.ARM.Collect$$libinit$$00000000)
    __rt_lib_init_fp_1                       0x0800026f   Thumb Code     0  libinit2.o(.ARM.Collect$$libinit$$00000001)
    __rt_lib_init_alloca_1                   0x08000273   Thumb Code     0  libinit2.o(.ARM.Collect$$libinit$$00000030)
    __rt_lib_init_argv_1                     0x08000273   Thumb Code     0  libinit2.o(.ARM.Collect$$libinit$$0000002E)
    __rt_lib_init_atexit_1                   0x08000273   Thumb Code     0  libinit2.o(.ARM.Collect$$libinit$$0000001D)
    __rt_lib_init_clock_1                    0x08000273   Thumb Code     0  libinit2.o(.ARM.Collect$$libinit$$00000023)
    __rt_lib_init_cpp_2                      0x08000273   Thumb Code     0  libinit2.o(.ARM.Collect$$libinit$$00000033)
    __rt_lib_init_exceptions_1               0x08000273   Thumb Code     0  libinit2.o(.ARM.Collect$$libinit$$00000032)
    __rt_lib_init_fp_trap_1                  0x08000273   Thumb Code     0  libinit2.o(.ARM.Collect$$libinit$$00000021)
    __rt_lib_init_getenv_1                   0x08000273   Thumb Code     0  libinit2.o(.ARM.Collect$$libinit$$00000025)
    __rt_lib_init_heap_1                     0x08000273   Thumb Code     0  libinit2.o(.ARM.Collect$$libinit$$0000000C)
    __rt_lib_init_lc_collate_1               0x08000273   Thumb Code     0  libinit2.o(.ARM.Collect$$libinit$$00000013)
    __rt_lib_init_lc_ctype_1                 0x08000273   Thumb Code     0  libinit2.o(.ARM.Collect$$libinit$$00000015)
    __rt_lib_init_lc_monetary_1              0x08000273   Thumb Code     0  libinit2.o(.ARM.Collect$$libinit$$00000017)
    __rt_lib_init_lc_numeric_1               0x08000273   Thumb Code     0  libinit2.o(.ARM.Collect$$libinit$$00000019)
    __rt_lib_init_lc_time_1                  0x08000273   Thumb Code     0  libinit2.o(.ARM.Collect$$libinit$$0000001B)
    __rt_lib_init_preinit_1                  0x08000273   Thumb Code     0  libinit2.o(.ARM.Collect$$libinit$$00000006)
    __rt_lib_init_rand_1                     0x08000273   Thumb Code     0  libinit2.o(.ARM.Collect$$libinit$$00000010)
    __rt_lib_init_relocate_pie_1             0x08000273   Thumb Code     0  libinit2.o(.ARM.Collect$$libinit$$00000004)
    __rt_lib_init_signal_1                   0x08000273   Thumb Code     0  libinit2.o(.ARM.Collect$$libinit$$0000001F)
    __rt_lib_init_stdio_1                    0x08000273   Thumb Code     0  libinit2.o(.ARM.Collect$$libinit$$00000027)
    __rt_lib_init_user_alloc_1               0x08000273   Thumb Code     0  libinit2.o(.ARM.Collect$$libinit$$0000000E)
    __rt_lib_init_cpp_1                      0x08000277   Thumb Code     0  libinit2.o(.ARM.Collect$$libinit$$00000034)
    __rt_lib_init_return                     0x08000277   Thumb Code     0  libinit2.o(.ARM.Collect$$libinit$$00000035)
    __rt_lib_shutdown                        0x08000279   Thumb Code     0  libshutdown.o(.ARM.Collect$$libshutdown$$00000000)
    __rt_lib_shutdown_cpp_1                  0x0800027b   Thumb Code     0  libshutdown2.o(.ARM.Collect$$libshutdown$$00000002)
    __rt_lib_shutdown_fp_trap_1              0x0800027b   Thumb Code     0  libshutdown2.o(.ARM.Collect$$libshutdown$$00000007)
    __rt_lib_shutdown_heap_1                 0x0800027b   Thumb Code     0  libshutdown2.o(.ARM.Collect$$libshutdown$$0000000F)
    __rt_lib_shutdown_return                 0x0800027b   Thumb Code     0  libshutdown2.o(.ARM.Collect$$libshutdown$$00000010)
    __rt_lib_shutdown_signal_1               0x0800027b   Thumb Code     0  libshutdown2.o(.ARM.Collect$$libshutdown$$0000000A)
    __rt_lib_shutdown_stdio_1                0x0800027b   Thumb Code     0  libshutdown2.o(.ARM.Collect$$libshutdown$$00000004)
    __rt_lib_shutdown_user_alloc_1           0x0800027b   Thumb Code     0  libshutdown2.o(.ARM.Collect$$libshutdown$$0000000C)
    __rt_entry                               0x0800027d   Thumb Code     0  __rtentry.o(.ARM.Collect$$rtentry$$00000000)
    __rt_entry_presh_1                       0x0800027d   Thumb Code     0  __rtentry2.o(.ARM.Collect$$rtentry$$00000002)
    __rt_entry_sh                            0x0800027d   Thumb Code     0  __rtentry4.o(.ARM.Collect$$rtentry$$00000004)
    __rt_entry_li                            0x08000283   Thumb Code     0  __rtentry2.o(.ARM.Collect$$rtentry$$0000000A)
    __rt_entry_postsh_1                      0x08000283   Thumb Code     0  __rtentry2.o(.ARM.Collect$$rtentry$$00000009)
    __rt_entry_main                          0x08000287   Thumb Code     0  __rtentry2.o(.ARM.Collect$$rtentry$$0000000D)
    __rt_entry_postli_1                      0x08000287   Thumb Code     0  __rtentry2.o(.ARM.Collect$$rtentry$$0000000C)
    __rt_exit                                0x0800028f   Thumb Code     0  rtexit.o(.ARM.Collect$$rtexit$$00000000)
    __rt_exit_ls                             0x08000291   Thumb Code     0  rtexit2.o(.ARM.Collect$$rtexit$$00000003)
    __rt_exit_prels_1                        0x08000291   Thumb Code     0  rtexit2.o(.ARM.Collect$$rtexit$$00000002)
    __rt_exit_exit                           0x08000295   Thumb Code     0  rtexit2.o(.ARM.Collect$$rtexit$$00000004)
    Reset_Handler                            0x0800029d   Thumb Code     8  startup_stm32f767xx.o(.text)
    NMI_Handler                              0x080002a5   Thumb Code     2  startup_stm32f767xx.o(.text)
    HardFault_Handler                        0x080002a7   Thumb Code     2  startup_stm32f767xx.o(.text)
    MemManage_Handler                        0x080002a9   Thumb Code     2  startup_stm32f767xx.o(.text)
    BusFault_Handler                         0x080002ab   Thumb Code     2  startup_stm32f767xx.o(.text)
    UsageFault_Handler                       0x080002ad   Thumb Code     2  startup_stm32f767xx.o(.text)
    SVC_Handler                              0x080002af   Thumb Code     2  startup_stm32f767xx.o(.text)
    DebugMon_Handler                         0x080002b1   Thumb Code     2  startup_stm32f767xx.o(.text)
    PendSV_Handler                           0x080002b3   Thumb Code     2  startup_stm32f767xx.o(.text)
    SysTick_Handler                          0x080002b5   Thumb Code     2  startup_stm32f767xx.o(.text)
    ADC_IRQHandler                           0x080002b7   Thumb Code     0  startup_stm32f767xx.o(.text)
    CAN1_RX0_IRQHandler                      0x080002b7   Thumb Code     0  startup_stm32f767xx.o(.text)
    CAN1_RX1_IRQHandler                      0x080002b7   Thumb Code     0  startup_stm32f767xx.o(.text)
    CAN1_SCE_IRQHandler                      0x080002b7   Thumb Code     0  startup_stm32f767xx.o(.text)
    CAN1_TX_IRQHandler                       0x080002b7   Thumb Code     0  startup_stm32f767xx.o(.text)
    CAN2_RX0_IRQHandler                      0x080002b7   Thumb Code     0  startup_stm32f767xx.o(.text)
    CAN2_RX1_IRQHandler                      0x080002b7   Thumb Code     0  startup_stm32f767xx.o(.text)
    CAN2_SCE_IRQHandler                      0x080002b7   Thumb Code     0  startup_stm32f767xx.o(.text)
    CAN2_TX_IRQHandler                       0x080002b7   Thumb Code     0  startup_stm32f767xx.o(.text)
    CAN3_RX0_IRQHandler                      0x080002b7   Thumb Code     0  startup_stm32f767xx.o(.text)
    CAN3_RX1_IRQHandler                      0x080002b7   Thumb Code     0  startup_stm32f767xx.o(.text)
    CAN3_SCE_IRQHandler                      0x080002b7   Thumb Code     0  startup_stm32f767xx.o(.text)
    CAN3_TX_IRQHandler                       0x080002b7   Thumb Code     0  startup_stm32f767xx.o(.text)
    CEC_IRQHandler                           0x080002b7   Thumb Code     0  startup_stm32f767xx.o(.text)
    DCMI_IRQHandler                          0x080002b7   Thumb Code     0  startup_stm32f767xx.o(.text)
    DFSDM1_FLT0_IRQHandler                   0x080002b7   Thumb Code     0  startup_stm32f767xx.o(.text)
    DFSDM1_FLT1_IRQHandler                   0x080002b7   Thumb Code     0  startup_stm32f767xx.o(.text)
    DFSDM1_FLT2_IRQHandler                   0x080002b7   Thumb Code     0  startup_stm32f767xx.o(.text)
    DFSDM1_FLT3_IRQHandler                   0x080002b7   Thumb Code     0  startup_stm32f767xx.o(.text)
    DMA1_Stream0_IRQHandler                  0x080002b7   Thumb Code     0  startup_stm32f767xx.o(.text)
    DMA1_Stream1_IRQHandler                  0x080002b7   Thumb Code     0  startup_stm32f767xx.o(.text)
    DMA1_Stream2_IRQHandler                  0x080002b7   Thumb Code     0  startup_stm32f767xx.o(.text)
    DMA1_Stream3_IRQHandler                  0x080002b7   Thumb Code     0  startup_stm32f767xx.o(.text)
    DMA1_Stream4_IRQHandler                  0x080002b7   Thumb Code     0  startup_stm32f767xx.o(.text)
    DMA1_Stream5_IRQHandler                  0x080002b7   Thumb Code     0  startup_stm32f767xx.o(.text)
    DMA1_Stream6_IRQHandler                  0x080002b7   Thumb Code     0  startup_stm32f767xx.o(.text)
    DMA1_Stream7_IRQHandler                  0x080002b7   Thumb Code     0  startup_stm32f767xx.o(.text)
    DMA2D_IRQHandler                         0x080002b7   Thumb Code     0  startup_stm32f767xx.o(.text)
    DMA2_Stream0_IRQHandler                  0x080002b7   Thumb Code     0  startup_stm32f767xx.o(.text)
    DMA2_Stream1_IRQHandler                  0x080002b7   Thumb Code     0  startup_stm32f767xx.o(.text)
    DMA2_Stream2_IRQHandler                  0x080002b7   Thumb Code     0  startup_stm32f767xx.o(.text)
    DMA2_Stream3_IRQHandler                  0x080002b7   Thumb Code     0  startup_stm32f767xx.o(.text)
    DMA2_Stream4_IRQHandler                  0x080002b7   Thumb Code     0  startup_stm32f767xx.o(.text)
    DMA2_Stream5_IRQHandler                  0x080002b7   Thumb Code     0  startup_stm32f767xx.o(.text)
    DMA2_Stream6_IRQHandler                  0x080002b7   Thumb Code     0  startup_stm32f767xx.o(.text)
    DMA2_Stream7_IRQHandler                  0x080002b7   Thumb Code     0  startup_stm32f767xx.o(.text)
    ETH_IRQHandler                           0x080002b7   Thumb Code     0  startup_stm32f767xx.o(.text)
    ETH_WKUP_IRQHandler                      0x080002b7   Thumb Code     0  startup_stm32f767xx.o(.text)
    EXTI15_10_IRQHandler                     0x080002b7   Thumb Code     0  startup_stm32f767xx.o(.text)
    EXTI4_IRQHandler                         0x080002b7   Thumb Code     0  startup_stm32f767xx.o(.text)
    EXTI9_5_IRQHandler                       0x080002b7   Thumb Code     0  startup_stm32f767xx.o(.text)
    FLASH_IRQHandler                         0x080002b7   Thumb Code     0  startup_stm32f767xx.o(.text)
    FMC_IRQHandler                           0x080002b7   Thumb Code     0  startup_stm32f767xx.o(.text)
    FPU_IRQHandler                           0x080002b7   Thumb Code     0  startup_stm32f767xx.o(.text)
    I2C1_ER_IRQHandler                       0x080002b7   Thumb Code     0  startup_stm32f767xx.o(.text)
    I2C1_EV_IRQHandler                       0x080002b7   Thumb Code     0  startup_stm32f767xx.o(.text)
    I2C2_ER_IRQHandler                       0x080002b7   Thumb Code     0  startup_stm32f767xx.o(.text)
    I2C2_EV_IRQHandler                       0x080002b7   Thumb Code     0  startup_stm32f767xx.o(.text)
    I2C3_ER_IRQHandler                       0x080002b7   Thumb Code     0  startup_stm32f767xx.o(.text)
    I2C3_EV_IRQHandler                       0x080002b7   Thumb Code     0  startup_stm32f767xx.o(.text)
    I2C4_ER_IRQHandler                       0x080002b7   Thumb Code     0  startup_stm32f767xx.o(.text)
    I2C4_EV_IRQHandler                       0x080002b7   Thumb Code     0  startup_stm32f767xx.o(.text)
    JPEG_IRQHandler                          0x080002b7   Thumb Code     0  startup_stm32f767xx.o(.text)
    LPTIM1_IRQHandler                        0x080002b7   Thumb Code     0  startup_stm32f767xx.o(.text)
    LTDC_ER_IRQHandler                       0x080002b7   Thumb Code     0  startup_stm32f767xx.o(.text)
    LTDC_IRQHandler                          0x080002b7   Thumb Code     0  startup_stm32f767xx.o(.text)
    MDIOS_IRQHandler                         0x080002b7   Thumb Code     0  startup_stm32f767xx.o(.text)
    OTG_FS_IRQHandler                        0x080002b7   Thumb Code     0  startup_stm32f767xx.o(.text)
    OTG_FS_WKUP_IRQHandler                   0x080002b7   Thumb Code     0  startup_stm32f767xx.o(.text)
    OTG_HS_EP1_IN_IRQHandler                 0x080002b7   Thumb Code     0  startup_stm32f767xx.o(.text)
    OTG_HS_EP1_OUT_IRQHandler                0x080002b7   Thumb Code     0  startup_stm32f767xx.o(.text)
    OTG_HS_IRQHandler                        0x080002b7   Thumb Code     0  startup_stm32f767xx.o(.text)
    OTG_HS_WKUP_IRQHandler                   0x080002b7   Thumb Code     0  startup_stm32f767xx.o(.text)
    PVD_IRQHandler                           0x080002b7   Thumb Code     0  startup_stm32f767xx.o(.text)
    QUADSPI_IRQHandler                       0x080002b7   Thumb Code     0  startup_stm32f767xx.o(.text)
    RCC_IRQHandler                           0x080002b7   Thumb Code     0  startup_stm32f767xx.o(.text)
    RNG_IRQHandler                           0x080002b7   Thumb Code     0  startup_stm32f767xx.o(.text)
    RTC_Alarm_IRQHandler                     0x080002b7   Thumb Code     0  startup_stm32f767xx.o(.text)
    RTC_WKUP_IRQHandler                      0x080002b7   Thumb Code     0  startup_stm32f767xx.o(.text)
    SAI1_IRQHandler                          0x080002b7   Thumb Code     0  startup_stm32f767xx.o(.text)
    SAI2_IRQHandler                          0x080002b7   Thumb Code     0  startup_stm32f767xx.o(.text)
    SDMMC1_IRQHandler                        0x080002b7   Thumb Code     0  startup_stm32f767xx.o(.text)
    SDMMC2_IRQHandler                        0x080002b7   Thumb Code     0  startup_stm32f767xx.o(.text)
    SPDIF_RX_IRQHandler                      0x080002b7   Thumb Code     0  startup_stm32f767xx.o(.text)
    SPI1_IRQHandler                          0x080002b7   Thumb Code     0  startup_stm32f767xx.o(.text)
    SPI2_IRQHandler                          0x080002b7   Thumb Code     0  startup_stm32f767xx.o(.text)
    SPI3_IRQHandler                          0x080002b7   Thumb Code     0  startup_stm32f767xx.o(.text)
    SPI4_IRQHandler                          0x080002b7   Thumb Code     0  startup_stm32f767xx.o(.text)
    SPI5_IRQHandler                          0x080002b7   Thumb Code     0  startup_stm32f767xx.o(.text)
    SPI6_IRQHandler                          0x080002b7   Thumb Code     0  startup_stm32f767xx.o(.text)
    TAMP_STAMP_IRQHandler                    0x080002b7   Thumb Code     0  startup_stm32f767xx.o(.text)
    TIM1_BRK_TIM9_IRQHandler                 0x080002b7   Thumb Code     0  startup_stm32f767xx.o(.text)
    TIM1_CC_IRQHandler                       0x080002b7   Thumb Code     0  startup_stm32f767xx.o(.text)
    TIM1_TRG_COM_TIM11_IRQHandler            0x080002b7   Thumb Code     0  startup_stm32f767xx.o(.text)
    TIM1_UP_TIM10_IRQHandler                 0x080002b7   Thumb Code     0  startup_stm32f767xx.o(.text)
    TIM2_IRQHandler                          0x080002b7   Thumb Code     0  startup_stm32f767xx.o(.text)
    TIM3_IRQHandler                          0x080002b7   Thumb Code     0  startup_stm32f767xx.o(.text)
    TIM4_IRQHandler                          0x080002b7   Thumb Code     0  startup_stm32f767xx.o(.text)
    TIM5_IRQHandler                          0x080002b7   Thumb Code     0  startup_stm32f767xx.o(.text)
    TIM6_DAC_IRQHandler                      0x080002b7   Thumb Code     0  startup_stm32f767xx.o(.text)
    TIM7_IRQHandler                          0x080002b7   Thumb Code     0  startup_stm32f767xx.o(.text)
    TIM8_BRK_TIM12_IRQHandler                0x080002b7   Thumb Code     0  startup_stm32f767xx.o(.text)
    TIM8_CC_IRQHandler                       0x080002b7   Thumb Code     0  startup_stm32f767xx.o(.text)
    TIM8_TRG_COM_TIM14_IRQHandler            0x080002b7   Thumb Code     0  startup_stm32f767xx.o(.text)
    TIM8_UP_TIM13_IRQHandler                 0x080002b7   Thumb Code     0  startup_stm32f767xx.o(.text)
    UART4_IRQHandler                         0x080002b7   Thumb Code     0  startup_stm32f767xx.o(.text)
    UART5_IRQHandler                         0x080002b7   Thumb Code     0  startup_stm32f767xx.o(.text)
    UART7_IRQHandler                         0x080002b7   Thumb Code     0  startup_stm32f767xx.o(.text)
    UART8_IRQHandler                         0x080002b7   Thumb Code     0  startup_stm32f767xx.o(.text)
    USART1_IRQHandler                        0x080002b7   Thumb Code     0  startup_stm32f767xx.o(.text)
    USART2_IRQHandler                        0x080002b7   Thumb Code     0  startup_stm32f767xx.o(.text)
    USART3_IRQHandler                        0x080002b7   Thumb Code     0  startup_stm32f767xx.o(.text)
    USART6_IRQHandler                        0x080002b7   Thumb Code     0  startup_stm32f767xx.o(.text)
    WWDG_IRQHandler                          0x080002b7   Thumb Code     0  startup_stm32f767xx.o(.text)
    __user_initial_stackheap                 0x080002b9   Thumb Code     0  startup_stm32f767xx.o(.text)
    __use_two_region_memory                  0x080002dd   Thumb Code     2  heapauxi.o(.text)
    __rt_heap_escrow$2region                 0x080002df   Thumb Code     2  heapauxi.o(.text)
    __rt_heap_expand$2region                 0x080002e1   Thumb Code     2  heapauxi.o(.text)
    __cpp_initialize__aeabi_                 0x080002e5   Thumb Code    28  init_aeabi.o(.text)
    __user_setup_stackheap                   0x08000309   Thumb Code    74  sys_stackheap_outer.o(.text)
    exit                                     0x08000353   Thumb Code    18  exit.o(.text)
    __user_libspace                          0x08000365   Thumb Code     8  libspace.o(.text)
    __user_perproc_libspace                  0x08000365   Thumb Code     0  libspace.o(.text)
    __user_perthread_libspace                0x08000365   Thumb Code     0  libspace.o(.text)
    __I$use$semihosting                      0x0800036d   Thumb Code     0  use_no_semi.o(.text)
    __use_no_semihosting_swi                 0x0800036d   Thumb Code     2  use_no_semi.o(.text)
    __semihosting_library_function           0x0800036f   Thumb Code     0  indicate_semi.o(.text)
    _sys_exit                                0x08000371   Thumb Code     8  sys_exit.o(.text)
    EXTI0_IRQHandler                         0x08000381   Thumb Code   128  lab final.o(.text.EXTI0_IRQHandler)
    EXTI1_IRQHandler                         0x08000401   Thumb Code   130  lab final.o(.text.EXTI1_IRQHandler)
    EXTI2_IRQHandler                         0x08000489   Thumb Code   130  lab final.o(.text.EXTI2_IRQHandler)
    EXTI3_IRQHandler                         0x08000511   Thumb Code   130  lab final.o(.text.EXTI3_IRQHandler)
    SystemInit                               0x08000599   Thumb Code    18  system_stm32f7xx.o(.text.SystemInit)
    config_LCD()                             0x080005c1   Thumb Code    80  lab final.o(.text._Z10config_LCDv)
    Config_GPIO()                            0x08000611   Thumb Code    78  lab final.o(.text._Z11Config_GPIOv)
    SysTick_Init()                           0x08000661   Thumb Code    28  lab final.o(.text._Z12SysTick_Initv)
    SysTick_Wait(unsigned int)               0x08000681   Thumb Code    56  lab final.o(.text._Z12SysTick_Waitj)
    Config_Timer3()                          0x080006b9   Thumb Code    94  lab final.o(.text._Z13Config_Timer3v)
    Config_Timer4()                          0x08000719   Thumb Code    88  lab final.o(.text._Z13Config_Timer4v)
    Config_Timer5()                          0x08000771   Thumb Code   104  lab final.o(.text._Z13Config_Timer5v)
    config_TMatriz()                         0x080007d9   Thumb Code   222  lab final.o(.text._Z14config_TMatrizv)
    SysTick_Wait1ms(unsigned int)            0x080008b9   Thumb Code    44  lab final.o(.text._Z15SysTick_Wait1msj)
    SysTick_Wait1us(unsigned int)            0x080008e9   Thumb Code    42  lab final.o(.text._Z15SysTick_Wait1usj)
    LCD_W(char)                              0x08000919   Thumb Code    64  lab final.o(.text._Z5LCD_Wc)
    LCD_COM(char)                            0x08000959   Thumb Code    66  lab final.o(.text._Z7LCD_COMc)
    main                                     0x08000a49   Thumb Code  2632  lab final.o(.text.main)
    _fp_init                                 0x08001491   Thumb Code    26  fpinit.o(x$fpl$fpinit)
    __fplib_config_fpu_vfp                   0x080014a9   Thumb Code     0  fpinit.o(x$fpl$fpinit)
    __fplib_config_pureend_doubles           0x080014a9   Thumb Code     0  fpinit.o(x$fpl$fpinit)
    Region$$Table$$Base                      0x080014ac   Number         0  anon$$obj.o(Region$$Table)
    Region$$Table$$Limit                     0x080014cc   Number         0  anon$$obj.o(Region$$Table)
    SHT$$INIT_ARRAY$$Base                    0x080014cc   Number         0  lab final.o(.init_array)
    SHT$$INIT_ARRAY$$Limit                   0x080014d0   Number         0  init_aeabi.o(.init_array)
    LCD_Mode                                 0x20020000   Data           1  lab final.o(.data.LCD_Mode)
    LCD_ON                                   0x20020001   Data           1  lab final.o(.data.LCD_ON)
    clean                                    0x20020002   Data           1  lab final.o(.data.clean)
    home                                     0x20020003   Data           1  lab final.o(.data.home)
    matriz                                   0x20020004   Data          16  lab final.o(.data.matriz)
    set                                      0x20020014   Data           1  lab final.o(.data.set)
    __libspace_start                         0x20020018   Data          96  libspace.o(.bss)
    LCD_pos                                  0x20020078   Data           1  lab final.o(.bss.LCD_pos)
    __temporary_stack_top$libspace           0x20020078   Data           0  libspace.o(.bss)
    LINE1                                    0x20020079   Data           1  lab final.o(.bss.LINE1)
    LINE2                                    0x2002007a   Data           1  lab final.o(.bss.LINE2)
    cambio                                   0x2002007c   Data           4  lab final.o(.bss.cambio)
    claveF                                   0x20020080   Data           4  lab final.o(.bss.claveF)
    claveIn                                  0x20020084   Data           4  lab final.o(.bss.claveIn)
    count                                    0x20020088   Data           4  lab final.o(.bss.count)
    error                                    0x2002008c   Data           4  lab final.o(.bss.error)
    i                                        0x20020090   Data           4  lab final.o(.bss.i)
    k                                        0x20020094   Data           4  lab final.o(.bss.k)
    open                                     0x20020098   Data           4  lab final.o(.bss.open)
    reset                                    0x2002009c   Data           4  lab final.o(.bss.reset)
    tecla                                    0x200200a0   Data           1  lab final.o(.bss.tecla)



==============================================================================

Memory Map of the image

  Image Entry point : 0x0800029d

  Load Region LR_1 (Base: 0x08000000, Size: 0x000014e8, Max: 0xffffffff, ABSOLUTE)

    Execution Region ER_RO (Exec base: 0x08000000, Load base: 0x08000000, Size: 0x000014d0, Max: 0xffffffff, ABSOLUTE)

    Exec Addr    Load Addr    Size         Type   Attr      Idx    E Section Name        Object

    0x08000000   0x08000000   0x000001f8   Data   RO           79    RESET               startup_stm32f767xx.o
    0x080001f8   0x080001f8   0x00000008   Code   RO          104  * !!!main             c_w.l(__main.o)
    0x08000200   0x08000200   0x00000034   Code   RO          279    !!!scatter          c_w.l(__scatter.o)
    0x08000234   0x08000234   0x0000001a   Code   RO          281    !!handler_copy      c_w.l(__scatter_copy.o)
    0x0800024e   0x0800024e   0x00000002   PAD
    0x08000250   0x08000250   0x0000001c   Code   RO          283    !!handler_zi        c_w.l(__scatter_zi.o)
    0x0800026c   0x0800026c   0x00000002   Code   RO          196    .ARM.Collect$$libinit$$00000000  c_w.l(libinit.o)
    0x0800026e   0x0800026e   0x00000004   Code   RO          113    .ARM.Collect$$libinit$$00000001  c_w.l(libinit2.o)
    0x08000272   0x08000272   0x00000000   Code   RO          116    .ARM.Collect$$libinit$$00000004  c_w.l(libinit2.o)
    0x08000272   0x08000272   0x00000000   Code   RO          118    .ARM.Collect$$libinit$$00000006  c_w.l(libinit2.o)
    0x08000272   0x08000272   0x00000000   Code   RO          121    .ARM.Collect$$libinit$$0000000C  c_w.l(libinit2.o)
    0x08000272   0x08000272   0x00000000   Code   RO          123    .ARM.Collect$$libinit$$0000000E  c_w.l(libinit2.o)
    0x08000272   0x08000272   0x00000000   Code   RO          125    .ARM.Collect$$libinit$$00000010  c_w.l(libinit2.o)
    0x08000272   0x08000272   0x00000000   Code   RO          128    .ARM.Collect$$libinit$$00000013  c_w.l(libinit2.o)
    0x08000272   0x08000272   0x00000000   Code   RO          130    .ARM.Collect$$libinit$$00000015  c_w.l(libinit2.o)
    0x08000272   0x08000272   0x00000000   Code   RO          132    .ARM.Collect$$libinit$$00000017  c_w.l(libinit2.o)
    0x08000272   0x08000272   0x00000000   Code   RO          134    .ARM.Collect$$libinit$$00000019  c_w.l(libinit2.o)
    0x08000272   0x08000272   0x00000000   Code   RO          136    .ARM.Collect$$libinit$$0000001B  c_w.l(libinit2.o)
    0x08000272   0x08000272   0x00000000   Code   RO          138    .ARM.Collect$$libinit$$0000001D  c_w.l(libinit2.o)
    0x08000272   0x08000272   0x00000000   Code   RO          140    .ARM.Collect$$libinit$$0000001F  c_w.l(libinit2.o)
    0x08000272   0x08000272   0x00000000   Code   RO          142    .ARM.Collect$$libinit$$00000021  c_w.l(libinit2.o)
    0x08000272   0x08000272   0x00000000   Code   RO          144    .ARM.Collect$$libinit$$00000023  c_w.l(libinit2.o)
    0x08000272   0x08000272   0x00000000   Code   RO          146    .ARM.Collect$$libinit$$00000025  c_w.l(libinit2.o)
    0x08000272   0x08000272   0x00000000   Code   RO          148    .ARM.Collect$$libinit$$00000027  c_w.l(libinit2.o)
    0x08000272   0x08000272   0x00000000   Code   RO          152    .ARM.Collect$$libinit$$0000002E  c_w.l(libinit2.o)
    0x08000272   0x08000272   0x00000000   Code   RO          154    .ARM.Collect$$libinit$$00000030  c_w.l(libinit2.o)
    0x08000272   0x08000272   0x00000000   Code   RO          156    .ARM.Collect$$libinit$$00000032  c_w.l(libinit2.o)
    0x08000272   0x08000272   0x00000004   Code   RO          157    .ARM.Collect$$libinit$$00000033  c_w.l(libinit2.o)
    0x08000276   0x08000276   0x00000000   Code   RO          158    .ARM.Collect$$libinit$$00000034  c_w.l(libinit2.o)
    0x08000276   0x08000276   0x00000002   Code   RO          159    .ARM.Collect$$libinit$$00000035  c_w.l(libinit2.o)
    0x08000278   0x08000278   0x00000002   Code   RO          238    .ARM.Collect$$libshutdown$$00000000  c_w.l(libshutdown.o)
    0x0800027a   0x0800027a   0x00000000   Code   RO          246    .ARM.Collect$$libshutdown$$00000002  c_w.l(libshutdown2.o)
    0x0800027a   0x0800027a   0x00000000   Code   RO          248    .ARM.Collect$$libshutdown$$00000004  c_w.l(libshutdown2.o)
    0x0800027a   0x0800027a   0x00000000   Code   RO          251    .ARM.Collect$$libshutdown$$00000007  c_w.l(libshutdown2.o)
    0x0800027a   0x0800027a   0x00000000   Code   RO          254    .ARM.Collect$$libshutdown$$0000000A  c_w.l(libshutdown2.o)
    0x0800027a   0x0800027a   0x00000000   Code   RO          256    .ARM.Collect$$libshutdown$$0000000C  c_w.l(libshutdown2.o)
    0x0800027a   0x0800027a   0x00000000   Code   RO          259    .ARM.Collect$$libshutdown$$0000000F  c_w.l(libshutdown2.o)
    0x0800027a   0x0800027a   0x00000002   Code   RO          260    .ARM.Collect$$libshutdown$$00000010  c_w.l(libshutdown2.o)
    0x0800027c   0x0800027c   0x00000000   Code   RO          112    .ARM.Collect$$rtentry$$00000000  c_w.l(__rtentry.o)
    0x0800027c   0x0800027c   0x00000000   Code   RO          165    .ARM.Collect$$rtentry$$00000002  c_w.l(__rtentry2.o)
    0x0800027c   0x0800027c   0x00000006   Code   RO          177    .ARM.Collect$$rtentry$$00000004  c_w.l(__rtentry4.o)
    0x08000282   0x08000282   0x00000000   Code   RO          167    .ARM.Collect$$rtentry$$00000009  c_w.l(__rtentry2.o)
    0x08000282   0x08000282   0x00000004   Code   RO          168    .ARM.Collect$$rtentry$$0000000A  c_w.l(__rtentry2.o)
    0x08000286   0x08000286   0x00000000   Code   RO          170    .ARM.Collect$$rtentry$$0000000C  c_w.l(__rtentry2.o)
    0x08000286   0x08000286   0x00000008   Code   RO          171    .ARM.Collect$$rtentry$$0000000D  c_w.l(__rtentry2.o)
    0x0800028e   0x0800028e   0x00000002   Code   RO          204    .ARM.Collect$$rtexit$$00000000  c_w.l(rtexit.o)
    0x08000290   0x08000290   0x00000000   Code   RO          216    .ARM.Collect$$rtexit$$00000002  c_w.l(rtexit2.o)
    0x08000290   0x08000290   0x00000004   Code   RO          217    .ARM.Collect$$rtexit$$00000003  c_w.l(rtexit2.o)
    0x08000294   0x08000294   0x00000006   Code   RO          218    .ARM.Collect$$rtexit$$00000004  c_w.l(rtexit2.o)
    0x0800029a   0x0800029a   0x00000002   PAD
    0x0800029c   0x0800029c   0x00000040   Code   RO           80  * .text               startup_stm32f767xx.o
    0x080002dc   0x080002dc   0x00000006   Code   RO          102    .text               c_w.l(heapauxi.o)
    0x080002e2   0x080002e2   0x00000002   PAD
    0x080002e4   0x080002e4   0x00000024   Code   RO          109    .text               c_w.l(init_aeabi.o)
    0x08000308   0x08000308   0x0000004a   Code   RO          183    .text               c_w.l(sys_stackheap_outer.o)
    0x08000352   0x08000352   0x00000012   Code   RO          185    .text               c_w.l(exit.o)
    0x08000364   0x08000364   0x00000008   Code   RO          201    .text               c_w.l(libspace.o)
    0x0800036c   0x0800036c   0x00000002   Code   RO          212    .text               c_w.l(use_no_semi.o)
    0x0800036e   0x0800036e   0x00000000   Code   RO          214    .text               c_w.l(indicate_semi.o)
    0x0800036e   0x0800036e   0x00000002   PAD
    0x08000370   0x08000370   0x0000000c   Code   RO          228    .text               c_w.l(sys_exit.o)
    0x0800037c   0x0800037c   0x00000004   PAD
    0x08000380   0x08000380   0x00000080   Code   RO           38    .text.EXTI0_IRQHandler  lab final.o
    0x08000400   0x08000400   0x00000082   Code   RO           40    .text.EXTI1_IRQHandler  lab final.o
    0x08000482   0x08000482   0x00000006   PAD
    0x08000488   0x08000488   0x00000082   Code   RO           42    .text.EXTI2_IRQHandler  lab final.o
    0x0800050a   0x0800050a   0x00000006   PAD
    0x08000510   0x08000510   0x00000082   Code   RO           44    .text.EXTI3_IRQHandler  lab final.o
    0x08000592   0x08000592   0x00000006   PAD
    0x08000598   0x08000598   0x00000012   Code   RO           87    .text.SystemInit    system_stm32f7xx.o
    0x080005aa   0x080005aa   0x00000006   PAD
    0x080005b0   0x080005b0   0x0000000c   Code   RO           46    .text._GLOBAL__sub_I_Lab_Final.cpp  lab final.o
    0x080005bc   0x080005bc   0x00000004   PAD
    0x080005c0   0x080005c0   0x00000050   Code   RO           16    .text._Z10config_LCDv  lab final.o
    0x08000610   0x08000610   0x0000004e   Code   RO           34    .text._Z11Config_GPIOv  lab final.o
    0x0800065e   0x0800065e   0x00000002   PAD
    0x08000660   0x08000660   0x0000001c   Code   RO            2    .text._Z12SysTick_Initv  lab final.o
    0x0800067c   0x0800067c   0x00000004   PAD
    0x08000680   0x08000680   0x00000038   Code   RO            4    .text._Z12SysTick_Waitj  lab final.o
    0x080006b8   0x080006b8   0x0000005e   Code   RO           30    .text._Z13Config_Timer3v  lab final.o
    0x08000716   0x08000716   0x00000002   PAD
    0x08000718   0x08000718   0x00000058   Code   RO           28    .text._Z13Config_Timer4v  lab final.o
    0x08000770   0x08000770   0x00000068   Code   RO           32    .text._Z13Config_Timer5v  lab final.o
    0x080007d8   0x080007d8   0x000000de   Code   RO           22    .text._Z14config_TMatrizv  lab final.o
    0x080008b6   0x080008b6   0x00000002   PAD
    0x080008b8   0x080008b8   0x0000002c   Code   RO            8    .text._Z15SysTick_Wait1msj  lab final.o
    0x080008e4   0x080008e4   0x00000004   PAD
    0x080008e8   0x080008e8   0x0000002a   Code   RO           10    .text._Z15SysTick_Wait1usj  lab final.o
    0x08000912   0x08000912   0x00000006   PAD
    0x08000918   0x08000918   0x00000040   Code   RO           20    .text._Z5LCD_Wc     lab final.o
    0x08000958   0x08000958   0x00000042   Code   RO           18    .text._Z7LCD_COMc   lab final.o
    0x0800099a   0x0800099a   0x00000006   PAD
    0x080009a0   0x080009a0   0x00000030   Code   RO           26    .text._ZL16__NVIC_EnableIRQ9IRQn_Type  lab final.o
    0x080009d0   0x080009d0   0x00000042   Code   RO           24    .text._ZL18__NVIC_SetPriority9IRQn_Typej  lab final.o
    0x08000a12   0x08000a12   0x00000006   PAD
    0x08000a18   0x08000a18   0x00000018   Code   RO           12    .text.__cxx_global_var_init  lab final.o
    0x08000a30   0x08000a30   0x00000018   Code   RO           14    .text.__cxx_global_var_init.1  lab final.o
    0x08000a48   0x08000a48   0x00000a48   Code   RO           36    .text.main          lab final.o
    0x08001490   0x08001490   0x0000001a   Code   RO          181    x$fpl$fpinit        fz_wv.l(fpinit.o)
    0x080014aa   0x080014aa   0x00000002   PAD
    0x080014ac   0x080014ac   0x00000020   Data   RO          278    Region$$Table       anon$$obj.o
    0x080014cc   0x080014cc   0x00000004   Data   RO           69    .init_array         lab final.o
    0x080014d0   0x080014cc   0x00000000   Data   RO          107    .init_array         c_w.l(init_aeabi.o)


    Execution Region ER_RW (Exec base: 0x20020000, Load base: 0x080014d0, Size: 0x00000018, Max: 0xffffffff, ABSOLUTE)

    Exec Addr    Load Addr    Size         Type   Attr      Idx    E Section Name        Object

    0x20020000   0x080014d0   0x00000001   Data   RW           52    .data.LCD_Mode      lab final.o
    0x20020001   0x080014d1   0x00000001   Data   RW           51    .data.LCD_ON        lab final.o
    0x20020002   0x080014d2   0x00000001   Data   RW           48    .data.clean         lab final.o
    0x20020003   0x080014d3   0x00000001   Data   RW           49    .data.home          lab final.o
    0x20020004   0x080014d4   0x00000010   Data   RW           56    .data.matriz        lab final.o
    0x20020014   0x080014e4   0x00000001   Data   RW           50    .data.set           lab final.o


    Execution Region ER_ZI (Exec base: 0x20020018, Load base: 0x080014e8, Size: 0x00000690, Max: 0xffffffff, ABSOLUTE)

    Exec Addr    Load Addr    Size         Type   Attr      Idx    E Section Name        Object

    0x20020018        -       0x00000060   Zero   RW          202    .bss                c_w.l(libspace.o)
    0x20020078        -       0x00000001   Zero   RW           53    .bss.LCD_pos        lab final.o
    0x20020079        -       0x00000001   Zero   RW           54    .bss.LINE1          lab final.o
    0x2002007a        -       0x00000001   Zero   RW           55    .bss.LINE2          lab final.o
    0x2002007b   0x080014e8   0x00000001   PAD
    0x2002007c        -       0x00000004   Zero   RW           67    .bss.cambio         lab final.o
    0x20020080        -       0x00000004   Zero   RW           64    .bss.claveF         lab final.o
    0x20020084        -       0x00000004   Zero   RW           65    .bss.claveIn        lab final.o
    0x20020088        -       0x00000004   Zero   RW           57    .bss.count          lab final.o
    0x2002008c        -       0x00000004   Zero   RW           61    .bss.error          lab final.o
    0x20020090        -       0x00000004   Zero   RW           62    .bss.i              lab final.o
    0x20020094        -       0x00000004   Zero   RW           63    .bss.k              lab final.o
    0x20020098        -       0x00000004   Zero   RW           66    .bss.open           lab final.o
    0x2002009c        -       0x00000004   Zero   RW           59    .bss.reset          lab final.o
    0x200200a0        -       0x00000001   Zero   RW           58    .bss.tecla          lab final.o
    0x200200a1   0x080014e8   0x00000007   PAD
    0x200200a8        -       0x00000200   Zero   RW           78    HEAP                startup_stm32f767xx.o
    0x200202a8        -       0x00000400   Zero   RW           77    STACK               startup_stm32f767xx.o


==============================================================================

Image component sizes


      Code (inc. data)   RO Data    RW Data    ZI Data      Debug   Object Name

      4290         18          4         21         40      12674   lab final.o
        64         26        504          0       1536        904   startup_stm32f767xx.o
        18          0          0          0          0       3400   system_stm32f7xx.o

    ----------------------------------------------------------------------
      4432         44        540         24       1584      16978   Object Totals
         0          0         32          0          0          0   (incl. Generated)
        60          0          0          3          8          0   (incl. Padding)

    ----------------------------------------------------------------------

      Code (inc. data)   RO Data    RW Data    ZI Data      Debug   Library Member Name

         8          0          0          0          0         68   __main.o
         0          0          0          0          0          0   __rtentry.o
        12          0          0          0          0          0   __rtentry2.o
         6          0          0          0          0          0   __rtentry4.o
        52          8          0          0          0          0   __scatter.o
        26          0          0          0          0          0   __scatter_copy.o
        28          0          0          0          0          0   __scatter_zi.o
        18          0          0          0          0         80   exit.o
         6          0          0          0          0        152   heapauxi.o
         0          0          0          0          0          0   indicate_semi.o
        36          8          0          0          0         80   init_aeabi.o
         2          0          0          0          0          0   libinit.o
        10          0          0          0          0          0   libinit2.o
         2          0          0          0          0          0   libshutdown.o
         2          0          0          0          0          0   libshutdown2.o
         8          4          0          0         96         68   libspace.o
         2          0          0          0          0          0   rtexit.o
        10          0          0          0          0          0   rtexit2.o
        12          4          0          0          0         68   sys_exit.o
        74          0          0          0          0         80   sys_stackheap_outer.o
         2          0          0          0          0         68   use_no_semi.o
        26          0          0          0          0        116   fpinit.o

    ----------------------------------------------------------------------
       356         28          0          0         96        780   Library Totals
        14          4          0          0          0          0   (incl. Padding)

    ----------------------------------------------------------------------

      Code (inc. data)   RO Data    RW Data    ZI Data      Debug   Library Name

       316         24          0          0         96        664   c_w.l
        26          0          0          0          0        116   fz_wv.l

    ----------------------------------------------------------------------
       356         28          0          0         96        780   Library Totals

    ----------------------------------------------------------------------

==============================================================================


      Code (inc. data)   RO Data    RW Data    ZI Data      Debug   

      4788         72        540         24       1680      17530   Grand Totals
      4788         72        540         24       1680      17530   ELF Image Totals
      4788         72        540         24          0          0   ROM Totals

==============================================================================

    Total RO  Size (Code + RO Data)                 5328 (   5.20kB)
    Total RW  Size (RW Data + ZI Data)              1704 (   1.66kB)
    Total ROM Size (Code + RO Data + RW Data)       5352 (   5.23kB)

==============================================================================

